Archive member included to satisfy reference by file (symbol)

build/cooja/mtype647.a(simEnvChange.o)
                              build/cooja/mtype647.o (simDontFallAsleep)
build/cooja/mtype647.a(cooja_mt.o)
                              build/cooja/mtype647.o (cooja_mt_start)
build/cooja/mtype647.a(cooja_mtarch.o)
                              build/cooja/mtype647.a(cooja_mt.o) (cooja_mtarch_start)
build/cooja/mtype647.a(rtimer-arch.o)
                              build/cooja/mtype647.o (rtimer_arch_check)
build/cooja/mtype647.a(beep.o)
                              build/cooja/mtype647.o (beep_interface)
build/cooja/mtype647.a(leds-arch.o)
                              build/cooja/mtype647.o (leds_interface)
build/cooja/mtype647.a(moteid.o)
                              build/cooja/mtype647.o (moteid_interface)
build/cooja/mtype647.a(pir-sensor.o)
                              build/cooja/mtype647.o (pir_interface)
build/cooja/mtype647.a(rs232.o)
                              build/cooja/mtype647.o (rs232_interface)
build/cooja/mtype647.a(vib-sensor.o)
                              build/cooja/mtype647.o (vib_interface)
build/cooja/mtype647.a(clock.o)
                              build/cooja/mtype647.o (clock_interface)
build/cooja/mtype647.a(cooja-log.o)
                              build/cooja/mtype647.o (simlog_interface)
build/cooja/mtype647.a(cfs-cooja.o)
                              build/cooja/mtype647.o (cfs_interface)
build/cooja/mtype647.a(cooja-radio.o)
                              build/cooja/mtype647.o (radio_interface)
build/cooja/mtype647.a(eeprom.o)
                              build/cooja/mtype647.o (eeprom_interface)
build/cooja/mtype647.a(random.o)
                              build/cooja/mtype647.a(moteid.o) (random_init)
build/cooja/mtype647.a(sensors.o)
                              build/cooja/mtype647.a(pir-sensor.o) (sensors_changed)
build/cooja/mtype647.a(leds.o)
                              build/cooja/mtype647.a(leds-arch.o) (leds_get)
build/cooja/mtype647.a(gpio-hal-arch.o)
                              build/cooja/mtype647.a(leds-arch.o) (gpio_hal_arch_register_pin_callback)
build/cooja/mtype647.a(buttons.o)
                              build/cooja/mtype647.o (button_interface)
build/cooja/mtype647.a(res-luminosity.)
                              smart-bulb.o (res_luminosity)
build/cooja/mtype647.a(coap-engine.o)
                              smart-bulb.o (coap_activate_resource)
build/cooja/mtype647.a(coap-res-well-k)
                              build/cooja/mtype647.a(coap-engine.o) (res_well_known_core)
build/cooja/mtype647.a(coap-observe.o)
                              build/cooja/mtype647.a(coap-engine.o) (coap_remove_observer_by_mid)
build/cooja/mtype647.a(coap-uip.o)
                              build/cooja/mtype647.a(coap-observe.o) (coap_endpoint_copy)
build/cooja/mtype647.a(coap-timer.o)
                              build/cooja/mtype647.a(coap-engine.o) (coap_timer_set)
build/cooja/mtype647.a(coap-transactio)
                              build/cooja/mtype647.a(coap-engine.o) (coap_send_transaction)
build/cooja/mtype647.a(coap.o)
                              build/cooja/mtype647.a(coap-engine.o) (coap_status_code)
build/cooja/mtype647.a(contiki-main.o)
                              build/cooja/mtype647.o (main)
build/cooja/mtype647.a(autostart.o)
                              build/cooja/mtype647.a(contiki-main.o) (autostart_start)
build/cooja/mtype647.a(ctimer.o)
                              build/cooja/mtype647.a(contiki-main.o) (ctimer_init)
build/cooja/mtype647.a(log.o)
                              build/cooja/mtype647.a(contiki-main.o) (curr_log_level_main)
build/cooja/mtype647.a(energest.o)
                              build/cooja/mtype647.a(contiki-main.o) (energest_init)
build/cooja/mtype647.a(etimer.o)
                              build/cooja/mtype647.a(contiki-main.o) (etimer_process)
build/cooja/mtype647.a(node-id.o)
                              build/cooja/mtype647.a(contiki-main.o) (node_id)
build/cooja/mtype647.a(rtimer.o)
                              build/cooja/mtype647.a(contiki-main.o) (rtimer_init)
build/cooja/mtype647.a(process.o)
                              build/cooja/mtype647.a(ctimer.o) (process_current)
build/cooja/mtype647.a(timer.o)
                              build/cooja/mtype647.a(etimer.o) (timer_set)
build/cooja/mtype647.a(list.o)
                              build/cooja/mtype647.a(coap-engine.o) (list_init)
build/cooja/mtype647.a(memb.o)
                              build/cooja/mtype647.a(coap-observe.o) (memb_alloc)
build/cooja/mtype647.a(button-hal.o)
                              build/cooja/mtype647.o (button_hal_init)
build/cooja/mtype647.a(serial-line.o)
                              build/cooja/mtype647.a(rs232.o) (serial_line_input_byte)
build/cooja/mtype647.a(gpio-hal.o)
                              build/cooja/mtype647.a(button-hal.o) (gpio_hal_register_handler)
[...]
Memory Configuration

Name             Origin             Length             Attributes
*default*        0x0000000000000000 0xffffffffffffffff

Linker script and memory map

LOAD /usr/lib/gcc/i686-linux-gnu/5/../../../i386-linux-gnu/crti.o
LOAD /usr/lib/gcc/i686-linux-gnu/5/crtbeginS.o
LOAD smart-bulb.o
LOAD build/cooja/mtype647.o
LOAD build/cooja/mtype647.a
LOAD /usr/lib/gcc/i686-linux-gnu/5/libgcc.a
LOAD /usr/lib/gcc/i686-linux-gnu/5/libgcc_s.so
LOAD /usr/lib/gcc/i686-linux-gnu/5/../../../i386-linux-gnu/libc.so
START GROUP
LOAD /lib/i386-linux-gnu/libc.so.6
LOAD /usr/lib/i386-linux-gnu/libc_nonshared.a
LOAD /lib/i386-linux-gnu/ld-linux.so.2
END GROUP
LOAD /usr/lib/gcc/i686-linux-gnu/5/libgcc.a
LOAD /usr/lib/gcc/i686-linux-gnu/5/libgcc_s.so
LOAD /usr/lib/gcc/i686-linux-gnu/5/crtendS.o
LOAD /usr/lib/gcc/i686-linux-gnu/5/../../../i386-linux-gnu/crtn.o
                0x0000000000000114                . = (0x0 + SIZEOF_HEADERS)

.note.gnu.build-id
                0x0000000000000114       0x24
 *(.note.gnu.build-id)
 .note.gnu.build-id
                0x0000000000000114       0x24 /usr/lib/gcc/i686-linux-gnu/5/../../../i386-linux-gnu/crti.o

.hash
 *(.hash)

.gnu.hash       0x0000000000000138     0x1580
 *(.gnu.hash)
 .gnu.hash      0x0000000000000138     0x1580 /usr/lib/gcc/i686-linux-gnu/5/../../../i386-linux-gnu/crti.o

.dynsym         0x00000000000016b8     0x2e80
 *(.dynsym)
 .dynsym        0x00000000000016b8     0x2e80 /usr/lib/gcc/i686-linux-gnu/5/../../../i386-linux-gnu/crti.o

.dynstr         0x0000000000004538     0x3631
 *(.dynstr)
 .dynstr        0x0000000000004538     0x3631 /usr/lib/gcc/i686-linux-gnu/5/../../../i386-linux-gnu/crti.o

.gnu.version    0x0000000000007b6a      0x5d0
 *(.gnu.version)
 .gnu.version   0x0000000000007b6a      0x5d0 /usr/lib/gcc/i686-linux-gnu/5/../../../i386-linux-gnu/crti.o

.gnu.version_d  0x000000000000813c        0x0
 *(.gnu.version_d)
 .gnu.version_d
                0x000000000000813c        0x0 /usr/lib/gcc/i686-linux-gnu/5/../../../i386-linux-gnu/crti.o

.gnu.version_r  0x000000000000813c       0x40
 *(.gnu.version_r)
 .gnu.version_r
                0x000000000000813c       0x40 /usr/lib/gcc/i686-linux-gnu/5/../../../i386-linux-gnu/crti.o

.rel.dyn        0x000000000000817c     0x8f90
 *(.rel.init)
 .rel.init      0x000000000000817c        0x0 /usr/lib/gcc/i686-linux-gnu/5/../../../i386-linux-gnu/crti.o
 *(.rel.text .rel.text.* .rel.gnu.linkonce.t.*)
 .rel.text      0x000000000000817c     0x85d8 /usr/lib/gcc/i686-linux-gnu/5/../../../i386-linux-gnu/crti.o
 *(.rel.fini)
 .rel.fini      0x0000000000010754        0x0 /usr/lib/gcc/i686-linux-gnu/5/../../../i386-linux-gnu/crti.o
 *(.rel.rodata .rel.rodata.* .rel.gnu.linkonce.r.*)
 .rel.rodata    0x0000000000010754      0x588 /usr/lib/gcc/i686-linux-gnu/5/../../../i386-linux-gnu/crti.o
 *(.rel.data.rel.ro .rel.data.rel.ro.* .rel.gnu.linkonce.d.rel.ro.*)
 *(.rel.data .rel.data.* .rel.gnu.linkonce.d.*)
 .rel.data.rel.local
                0x0000000000010cdc        0x8 /usr/lib/gcc/i686-linux-gnu/5/../../../i386-linux-gnu/crti.o
 .rel.data      0x0000000000010ce4      0x3f0 /usr/lib/gcc/i686-linux-gnu/5/../../../i386-linux-gnu/crti.o
 *(.rel.tdata .rel.tdata.* .rel.gnu.linkonce.td.*)
 *(.rel.tbss .rel.tbss.* .rel.gnu.linkonce.tb.*)
 *(.rel.ctors)
 *(.rel.dtors)
 *(.rel.got)
 .rel.got       0x00000000000110d4       0x28 /usr/lib/gcc/i686-linux-gnu/5/../../../i386-linux-gnu/crti.o
 *(.rel.bss .rel.bss.* .rel.gnu.linkonce.b.*)
 *(.rel.ifunc)
 .rel.ifunc     0x00000000000110fc        0x0 /usr/lib/gcc/i686-linux-gnu/5/../../../i386-linux-gnu/crti.o
 .rel.fini_array
                0x00000000000110fc        0x8 /usr/lib/gcc/i686-linux-gnu/5/../../../i386-linux-gnu/crti.o
 .rel.init_array
                0x0000000000011104        0x8 /usr/lib/gcc/i686-linux-gnu/5/../../../i386-linux-gnu/crti.o

.rel.plt        0x000000000001110c        0x0
 *(.rel.plt)
 .rel.plt       0x000000000001110c        0x0 /usr/lib/gcc/i686-linux-gnu/5/../../../i386-linux-gnu/crti.o
 *(.rel.iplt)

.init           0x000000000001110c       0x23
 *(SORT(.init))
 .init          0x000000000001110c       0x1e /usr/lib/gcc/i686-linux-gnu/5/../../../i386-linux-gnu/crti.o
                0x000000000001110c                _init
 .init          0x000000000001112a        0x5 /usr/lib/gcc/i686-linux-gnu/5/../../../i386-linux-gnu/crtn.o

.plt            0x0000000000011130       0x10
 *(.plt)
 .plt           0x0000000000011130       0x10 /usr/lib/gcc/i686-linux-gnu/5/../../../i386-linux-gnu/crti.o
 *(.iplt)

.plt.got        0x0000000000011140       0x10
 *(.plt.got)
 .plt.got       0x0000000000011140       0x10 /usr/lib/gcc/i686-linux-gnu/5/../../../i386-linux-gnu/crti.o

.text           0x0000000000011150    0x18232
 *(.text.unlikely .text.*_unlikely .text.unlikely.*)
 .text.unlikely
                0x0000000000011150        0x0 /usr/lib/gcc/i686-linux-gnu/5/crtbeginS.o
 .text.unlikely
                0x0000000000011150        0x0 /usr/lib/gcc/i686-linux-gnu/5/libgcc.a(_udivdi3.o)
 *(.text.exit .text.exit.*)
 *(.text.startup .text.startup.*)
 *(.text.hot .text.hot.*)
 *(.text .stub .text.* .gnu.linkonce.t.*)
 .text          0x0000000000011150        0x0 /usr/lib/gcc/i686-linux-gnu/5/../../../i386-linux-gnu/crti.o
 .gnu.linkonce.t.__x86.get_pc_thunk.bx
                0x0000000000011150        0x4 /usr/lib/gcc/i686-linux-gnu/5/../../../i386-linux-gnu/crti.o
                0x0000000000011150                __x86.get_pc_thunk.bx
 *fill*         0x0000000000011154        0xc 
 .text          0x0000000000011160      0x11c /usr/lib/gcc/i686-linux-gnu/5/crtbeginS.o
 .text.__x86.get_pc_thunk.dx
                0x000000000001127c        0x4 /usr/lib/gcc/i686-linux-gnu/5/crtbeginS.o
                0x000000000001127c                __x86.get_pc_thunk.dx
 .text          0x0000000000011280      0x17d smart-bulb.o
 .text          0x00000000000113fd      0x283 build/cooja/mtype647.o
                0x000000000001148f                platform_init_stage_one
                0x00000000000114a2                platform_init_stage_two
                0x00000000000114b5                platform_init_stage_three
                0x00000000000114c8                platform_main_loop
                0x000000000001153b                Java_org_contikios_cooja_corecomm_Lib2_init
                0x0000000000011572                Java_org_contikios_cooja_corecomm_Lib2_getMemory
                0x00000000000115a5                Java_org_contikios_cooja_corecomm_Lib2_setMemory
                0x0000000000011605                Java_org_contikios_cooja_corecomm_Lib2_tick
                0x000000000001166d                Java_org_contikios_cooja_corecomm_Lib2_setReferenceAddress
 .text          0x0000000000011680       0x65 build/cooja/mtype647.a(simEnvChange.o)
                0x0000000000011680                doActionsBeforeTick
                0x00000000000116b2                doActionsAfterTick
 .text          0x00000000000116e5       0x83 build/cooja/mtype647.a(cooja_mt.o)
                0x00000000000116e5                cooja_mt_start
                0x000000000001170f                cooja_mt_exec
                0x0000000000011745                cooja_mt_yield
 .text          0x0000000000011768       0xbe build/cooja/mtype647.a(cooja_mtarch.o)
                0x0000000000011768                cooja_mtarch_start
                0x00000000000117db                cooja_sw
                0x00000000000117fe                cooja_mtarch_exec
                0x000000000001181b                cooja_mtarch_yield
 .text          0x0000000000011826       0xc5 build/cooja/mtype647.a(rtimer-arch.o)
                0x0000000000011826                rtimer_arch_init
                0x000000000001184a                rtimer_arch_schedule
                0x000000000001187a                rtimer_arch_next
                0x000000000001188a                rtimer_arch_pending
                0x0000000000011894                rtimer_arch_check
                0x00000000000118db                rtimer_arch_now
 .text          0x00000000000118eb       0x81 build/cooja/mtype647.a(beep.o)
                0x00000000000118eb                beep_alarm
                0x00000000000118f8                beep_beep
                0x0000000000011905                beep
                0x0000000000011912                beep_down
                0x000000000001191f                beep_on
                0x000000000001192c                beep_off
                0x0000000000011939                beep_spinup
                0x0000000000011946                beep_quick
                0x0000000000011953                beep_long
 .text          0x000000000001196c       0x65 build/cooja/mtype647.a(leds-arch.o)
                0x000000000001197f                leds_arch_init
 .text          0x00000000000119d1       0x35 build/cooja/mtype647.a(moteid.o)
 .text          0x0000000000011a06       0xb7 build/cooja/mtype647.a(pir-sensor.o)
 .text          0x0000000000011abd      0x148 build/cooja/mtype647.a(rs232.o)
                0x0000000000011abd                rs232_init
                0x0000000000011ac3                rs232_set_speed
                0x0000000000011ad2                rs232_set_input
                0x0000000000011ae0                rs232_send
                0x0000000000011b04                rs232_print
                0x0000000000011b20                slip_arch_writeb
 .text          0x0000000000011c05       0xb7 build/cooja/mtype647.a(vib-sensor.o)
 .text          0x0000000000011cbc       0x38 build/cooja/mtype647.a(clock.o)
                0x0000000000011cbc                clock_init
                0x0000000000011cc2                clock_time
                0x0000000000011ccc                clock_seconds
                0x0000000000011ce2                clock_delay
 .text          0x0000000000011cf4      0x219 build/cooja/mtype647.a(cooja-log.o)
                0x0000000000011cf4                simlog_char
                0x0000000000011d37                simlog
                0x0000000000011dad                log_message
                0x0000000000011dde                log_set_putchar_with_slip
                0x0000000000011dec                log_putchar
                0x0000000000011e67                log_puts
                0x0000000000011e8f                log_printf
 .text          0x0000000000011f0d      0x2b9 build/cooja/mtype647.a(cfs-cooja.o)
                0x0000000000011f0d                cfs_open
                0x0000000000011f76                cfs_close
                0x0000000000011f83                cfs_read
                0x0000000000012018                cfs_write
                0x00000000000120f4                cfs_seek
                0x000000000001217c                cfs_remove
                0x00000000000121a0                cfs_opendir
                0x00000000000121aa                cfs_readdir
                0x00000000000121b4                cfs_closedir
 .text          0x00000000000121c6      0x620 build/cooja/mtype647.a(cooja-radio.o)
                0x0000000000012208                radio_set_channel
                0x0000000000012216                radio_set_txpower
                0x000000000001222e                radio_signal_strength_last
                0x0000000000012238                radio_signal_strength_current
                0x0000000000012242                radio_LQI
 .text          0x00000000000127e6       0xee build/cooja/mtype647.a(eeprom.o)
                0x00000000000127e6                eeprom_init
                0x00000000000127ec                eeprom_read
                0x000000000001285a                eeprom_write
 .text          0x00000000000128d4       0x2d build/cooja/mtype647.a(random.o)
                0x00000000000128d4                random_init
                0x00000000000128f4                random_rand
 .text          0x0000000000012901      0x29c build/cooja/mtype647.a(sensors.o)
                0x000000000001293c                sensors_first
                0x0000000000012946                sensors_next
                0x0000000000012960                sensors_changed
                0x0000000000012994                sensors_find
 .text          0x0000000000012b9d      0x349 build/cooja/mtype647.a(leds.o)
                0x0000000000012b9d                leds_init
                0x0000000000012be4                leds_single_on
                0x0000000000012c43                leds_single_off
                0x0000000000012ca2                leds_single_toggle
                0x0000000000012cd4                leds_on
                0x0000000000012d56                leds_off
                0x0000000000012dd8                leds_toggle
                0x0000000000012e2d                leds_set
                0x0000000000012e59                leds_get
 .text          0x0000000000012ee6      0x343 build/cooja/mtype647.a(gpio-hal-arch.o)
                0x0000000000012ee6                gpio_hal_arch_register_pin_callback
                0x0000000000012f52                gpio_hal_arch_init
                0x0000000000012f97                gpio_hal_arch_no_port_interrupt_enable
                0x0000000000012fc7                gpio_hal_arch_no_port_interrupt_disable
                0x0000000000012ff7                gpio_hal_arch_no_port_pin_cfg_set
                0x000000000001301c                gpio_hal_arch_no_port_pin_cfg_get
                0x0000000000013042                gpio_hal_arch_no_port_pin_set_input
                0x0000000000013054                gpio_hal_arch_no_port_pin_set_output
                0x0000000000013066                gpio_hal_arch_no_port_set_pin
                0x0000000000013087                gpio_hal_arch_no_port_clear_pin
                0x00000000000130a8                gpio_hal_arch_no_port_read_pin
                0x00000000000130ce                gpio_hal_arch_no_port_write_pin
                0x00000000000130f8                gpio_hal_arch_no_port_set_pins
                0x000000000001313f                gpio_hal_arch_no_port_clear_pins
                0x0000000000013186                gpio_hal_arch_no_port_read_pins
                0x00000000000131c9                gpio_hal_arch_no_port_write_pins
 .text          0x0000000000013229       0x89 build/cooja/mtype647.a(buttons.o)
 .text          0x00000000000132b2      0x274 build/cooja/mtype647.a(res-luminosity.)
 .text          0x0000000000013526      0xbea build/cooja/mtype647.a(coap-engine.o)
                0x00000000000135bb                coap_add_handler
                0x00000000000135d8                coap_remove_handler
                0x00000000000135f5                coap_call_handlers
                0x00000000000136fd                coap_receive
                0x0000000000013cf8                coap_engine_init
                0x0000000000013d56                coap_activate_resource
                0x0000000000013e01                coap_get_first_resource
                0x0000000000013e1a                coap_get_next_resource
 .text          0x0000000000014110      0x2d9 build/cooja/mtype647.a(coap-res-well-k)
 .text          0x00000000000143e9      0x96a build/cooja/mtype647.a(coap-observe.o)
                0x00000000000144fe                coap_remove_observer
                0x000000000001452e                coap_remove_observer_by_client
                0x0000000000014596                coap_remove_observer_by_token
                0x0000000000014629                coap_remove_observer_by_uri
                0x00000000000146d0                coap_remove_observer_by_mid
                0x000000000001474c                coap_notify_observers
                0x0000000000014765                coap_notify_observers_sub
                0x0000000000014bcf                coap_observe_handler
                0x0000000000014cea                coap_has_observers
 .text          0x0000000000014d53      0x733 build/cooja/mtype647.a(coap-uip.o)
                0x0000000000014d53                coap_endpoint_log
                0x0000000000014dd9                coap_endpoint_print
                0x0000000000014e5f                coap_endpoint_snprint
                0x0000000000014f92                coap_endpoint_copy
                0x0000000000014fcf                coap_endpoint_cmp
                0x00000000000150dd                coap_endpoint_parse
                0x00000000000152c8                coap_endpoint_is_secure
                0x00000000000152d7                coap_endpoint_is_connected
                0x000000000001530b                coap_endpoint_connect
                0x0000000000015327                coap_endpoint_disconnect
                0x000000000001532d                coap_databuf
                0x0000000000015337                coap_transport_init
                0x0000000000015387                coap_sendto
 .text          0x0000000000015486      0x324 build/cooja/mtype647.a(coap-timer.o)
                0x0000000000015583                coap_timer_stop
                0x00000000000155ae                coap_timer_set
                0x00000000000155f1                coap_timer_reset
                0x0000000000015634                coap_timer_time_to_next_expiration
                0x00000000000156a0                coap_timer_run
                0x000000000001576c                coap_timer_init
 .text          0x00000000000157aa      0x2c6 build/cooja/mtype647.a(coap-transactio)
                0x0000000000015810                coap_new_transaction
                0x0000000000015876                coap_send_transaction
                0x00000000000159d7                coap_clear_transaction
                0x0000000000015a1f                coap_get_transaction_by_mid
 .text          0x0000000000015a70     0x1c53 build/cooja/mtype647.a(coap.o)
                0x0000000000015fdd                coap_init_connection
                0x0000000000015ff1                coap_get_mid
                0x000000000001600d                coap_init_message
                0x0000000000016056                coap_serialize_message
                0x00000000000166d8                coap_parse_message
                0x0000000000016d3f                coap_get_query_variable
                0x0000000000016d81                coap_get_post_variable
                0x0000000000016dc5                coap_set_status_code
                0x0000000000016dea                coap_set_token
                0x0000000000016e31                coap_get_header_content_format
                0x0000000000016e62                coap_set_header_content_format
                0x0000000000016e85                coap_get_header_accept
                0x0000000000016eb6                coap_set_header_accept
                0x0000000000016ed9                coap_get_header_max_age
                0x0000000000016f0a                coap_set_header_max_age
                0x0000000000016f2a                coap_get_header_etag
                0x0000000000016f5c                coap_set_header_etag
                0x0000000000016fb3                coap_get_header_if_match
                0x0000000000016fe5                coap_set_header_if_match
                0x000000000001703c                coap_get_header_if_none_match
                0x0000000000017056                coap_set_header_if_none_match
                0x000000000001706d                coap_get_header_proxy_uri
                0x000000000001709b                coap_set_header_proxy_uri
                0x00000000000170d8                coap_get_header_uri_host
                0x0000000000017106                coap_set_header_uri_host
                0x0000000000017143                coap_get_header_uri_path
                0x0000000000017171                coap_set_header_uri_path
                0x00000000000171be                coap_get_header_uri_query
                0x00000000000171f2                coap_set_header_uri_query
                0x0000000000017248                coap_get_header_location_path
                0x0000000000017276                coap_set_header_location_path
                0x000000000001730f                coap_get_header_location_query
                0x000000000001733d                coap_set_header_location_query
                0x000000000001738a                coap_get_header_observe
                0x00000000000173b9                coap_set_header_observe
                0x00000000000173d9                coap_get_header_block2
                0x0000000000017445                coap_set_header_block2
                0x00000000000174bc                coap_get_header_block1
                0x0000000000017531                coap_set_header_block1
                0x00000000000175ac                coap_get_header_size2
                0x00000000000175dc                coap_set_header_size2
                0x00000000000175ff                coap_get_header_size1
                0x000000000001762f                coap_set_header_size1
                0x0000000000017652                coap_get_payload
                0x000000000001768c                coap_set_payload
 .text          0x00000000000176c3      0x332 build/cooja/mtype647.a(contiki-main.o)
                0x00000000000176c3                main
 .text          0x00000000000179f5       0x92 build/cooja/mtype647.a(autostart.o)
                0x00000000000179f5                autostart_start
                0x0000000000017a3f                autostart_exit
 .text          0x0000000000017a87      0x355 build/cooja/mtype647.a(ctimer.o)
                0x0000000000017baf                ctimer_init
                0x0000000000017be2                ctimer_set
                0x0000000000017c08                ctimer_set_with_process
                0x0000000000017c85                ctimer_reset
                0x0000000000017cd9                ctimer_restart
                0x0000000000017d2d                ctimer_stop
                0x0000000000017d7d                ctimer_expired
 .text          0x0000000000017ddc      0x394 build/cooja/mtype647.a(log.o)
                0x0000000000017ddc                log_6addr
                0x0000000000017e2f                log_6addr_compact_snprint
                0x0000000000017ecd                log_6addr_compact
                0x0000000000017f20                log_lladdr
                0x0000000000017f92                log_lladdr_compact
                0x0000000000017ffa                log_set_level
                0x00000000000180b5                log_get_level
                0x000000000001812e                log_level_to_str
 .text          0x0000000000018170       0x1b build/cooja/mtype647.a(energest.o)
                0x0000000000018170                energest_init
                0x0000000000018176                energest_flush
                0x000000000001817c                energest_get_total_time
 .text          0x000000000001818b      0x43f build/cooja/mtype647.a(etimer.o)
                0x00000000000183af                etimer_request_poll
                0x0000000000018438                etimer_set
                0x0000000000018461                etimer_reset_with_new_interval
                0x0000000000018490                etimer_reset
                0x00000000000184b6                etimer_restart
                0x00000000000184dc                etimer_adjust
                0x00000000000184f9                etimer_expired
                0x000000000001850c                etimer_expiration_time
                0x000000000001851e                etimer_start_time
                0x0000000000018528                etimer_pending
                0x000000000001853a                etimer_next_expiration_time
                0x0000000000018554                etimer_stop
 .text          0x00000000000185ca       0x25 build/cooja/mtype647.a(node-id.o)
                0x00000000000185ca                node_id_init
 .text          0x00000000000185ef       0xeb build/cooja/mtype647.a(rtimer.o)
                0x00000000000185ef                rtimer_init
                0x00000000000185fd                rtimer_set
                0x0000000000018678                rtimer_run_next
 .text          0x00000000000186da      0x4fb build/cooja/mtype647.a(process.o)
                0x00000000000186da                process_alloc_event
                0x00000000000186ef                process_start
                0x00000000000188c9                process_exit
                0x00000000000188e6                process_init
                0x0000000000018a7b                process_run
                0x0000000000018aae                process_nevents
                0x0000000000018ac9                process_post
                0x0000000000018b5c                process_post_synch
                0x0000000000018b91                process_poll
                0x0000000000018bc1                process_is_running
 .text          0x0000000000018bd5       0xb1 build/cooja/mtype647.a(timer.o)
                0x0000000000018bd5                timer_set
                0x0000000000018bf3                timer_reset
                0x0000000000018c20                timer_restart
                0x0000000000018c35                timer_expired
                0x0000000000018c62                timer_remaining
 .text          0x0000000000018c86      0x28f build/cooja/mtype647.a(list.o)
                0x0000000000018c86                list_init
                0x0000000000018c95                list_head
                0x0000000000018c9f                list_copy
                0x0000000000018caf                list_tail
                0x0000000000018ce5                list_add
                0x0000000000018d31                list_push
                0x0000000000018d5d                list_chop
                0x0000000000018dc7                list_pop
                0x0000000000018def                list_remove
                0x0000000000018e57                list_length
                0x0000000000018e85                list_insert
                0x0000000000018eca                list_item_next
                0x0000000000018ee1                list_contains
 .text          0x0000000000018f15      0x1b5 build/cooja/mtype647.a(memb.o)
                0x0000000000018f15                memb_init
                0x0000000000018f6a                memb_alloc
                0x0000000000018fcd                memb_free
                0x0000000000019044                memb_inmemb
                0x0000000000019083                memb_numfree
 .text          0x00000000000190ca      0x41c build/cooja/mtype647.a(button-hal.o)
                0x0000000000019243                button_hal_get_by_id
                0x0000000000019281                button_hal_get_by_index
                0x00000000000192ad                button_hal_get_state
                0x00000000000192ff                button_hal_init
 .text          0x00000000000194e6      0x1f3 build/cooja/mtype647.a(serial-line.o)
                0x00000000000194e6                serial_line_input_byte
                0x00000000000196a4                serial_line_init
 .text          0x00000000000196d9      0x168 build/cooja/mtype647.a(gpio-hal.o)
                0x00000000000196d9                gpio_hal_register_handler
                0x00000000000196f6                gpio_hal_event_handler
                0x0000000000019752                gpio_hal_init
                0x0000000000019771                gpio_hal_arch_port_toggle_pin
                0x00000000000197ad                gpio_hal_arch_port_toggle_pins
                0x00000000000197db                gpio_hal_arch_no_port_toggle_pin
                0x0000000000019819                gpio_hal_arch_no_port_toggle_pins
 .text          0x0000000000019841      0x2e7 build/cooja/mtype647.a(queuebuf.o)
                0x000000000001984b                queuebuf_init
                0x0000000000019874                queuebuf_numfree
                0x000000000001988c                queuebuf_new_from_packetbuf
                0x000000000001992b                queuebuf_update_attr_from_packetbuf
                0x0000000000019960                queuebuf_update_from_packetbuf
                0x00000000000199b0                queuebuf_free
                0x00000000000199f9                queuebuf_to_packetbuf
                0x0000000000019a65                queuebuf_dataptr
                0x0000000000019a9f                queuebuf_datalen
                0x0000000000019ac2                queuebuf_addr
                0x0000000000019af7                queuebuf_attr
                0x0000000000019b22                queuebuf_debug_print
 .text          0x0000000000019b28      0x407 build/cooja/mtype647.a(packetbuf.o)
                0x0000000000019b28                packetbuf_clear
                0x0000000000019b53                packetbuf_copyfrom
                0x0000000000019ba2                packetbuf_copyto
                0x0000000000019c35                packetbuf_hdralloc
                0x0000000000019cb1                packetbuf_hdrreduce
                0x0000000000019cf7                packetbuf_set_datalen
                0x0000000000019d11                packetbuf_dataptr
                0x0000000000019d2e                packetbuf_hdrptr
                0x0000000000019d38                packetbuf_datalen
                0x0000000000019d44                packetbuf_hdrlen
                0x0000000000019d5b                packetbuf_totlen
                0x0000000000019d71                packetbuf_remaininglen
                0x0000000000019d84                packetbuf_attr_clear
                0x0000000000019dd0                packetbuf_attr_copyto
                0x0000000000019e28                packetbuf_attr_copyfrom
                0x0000000000019e80                packetbuf_set_attr
                0x0000000000019eaa                packetbuf_attr
                0x0000000000019ec4                packetbuf_set_addr
                0x0000000000019ef5                packetbuf_addr
                0x0000000000019f12                packetbuf_holds_broadcast
 .text          0x0000000000019f2f       0xef build/cooja/mtype647.a(netstack.o)
                0x0000000000019f2f                netstack_process_ip_callback
                0x0000000000019fc0                netstack_ip_packet_processor_add
                0x0000000000019fe3                uip_ds6_ip_packet_processor_rm
                0x000000000001a000                netstack_init
 .text          0x000000000001a01e       0x4f build/cooja/mtype647.a(linkaddr.o)
                0x000000000001a01e                linkaddr_copy
                0x000000000001a034                linkaddr_cmp
                0x000000000001a057                linkaddr_set_node_addr
 .text          0x000000000001a06d      0x1f6 build/cooja/mtype647.a(csma.o)
 .text          0x000000000001a263      0x95d build/cooja/mtype647.a(csma-output.o)
                0x000000000001a8fa                csma_output_packet
                0x000000000001ab87                csma_output_init
 .text          0x000000000001abc0      0xc11 build/cooja/mtype647.a(uip-ds6.o)
                0x000000000001abc0                uip_ds6_default_prefix
                0x000000000001abca                uip_ds6_set_default_prefix
                0x000000000001abf5                uip_ds6_init
                0x000000000001ae57                uip_ds6_periodic
                0x000000000001aede                uip_ds6_list_loop
                0x000000000001af9e                uip_ds6_prefix_add
                0x000000000001b04a                uip_ds6_prefix_rm
                0x000000000001b05d                uip_ds6_prefix_lookup
                0x000000000001b09c                uip_ds6_is_addr_onlink
                0x000000000001b10f                uip_ds6_addr_add
                0x000000000001b22f                uip_ds6_addr_rm
                0x000000000001b2d8                uip_ds6_addr_lookup
                0x000000000001b311                uip_ds6_get_link_local
                0x000000000001b392                uip_ds6_get_global
                0x000000000001b413                uip_ds6_maddr_add
                0x000000000001b473                uip_ds6_maddr_rm
                0x000000000001b486                uip_ds6_maddr_lookup
                0x000000000001b4bf                uip_ds6_aaddr_add
                0x000000000001b51f                uip_ds6_aaddr_rm
                0x000000000001b532                uip_ds6_aaddr_lookup
                0x000000000001b56b                uip_ds6_select_src
                0x000000000001b6b4                uip_ds6_set_addr_iid
                0x000000000001b6df                uip_ds6_set_lladdr_from_iid
                0x000000000001b708                get_match_length
                0x000000000001b799                uip_ds6_compute_reachable_time
 .text          0x000000000001b7d1      0x128 build/cooja/mtype647.a(uip-udp-packet.)
                0x000000000001b7d1                uip_udp_packet_send
                0x000000000001b82c                uip_udp_packet_sendto
 .text          0x000000000001b8f9      0x35b build/cooja/mtype647.a(uip-ds6-route.o)
                0x000000000001b94a                uip_ds6_route_init
                0x000000000001b974                uip_ds6_route_nexthop
                0x000000000001b97e                uip_ds6_route_head
                0x000000000001b988                uip_ds6_route_next
                0x000000000001b992                uip_ds6_route_is_nexthop
                0x000000000001b99c                uip_ds6_route_num_routes
                0x000000000001b9a6                uip_ds6_route_lookup
                0x000000000001b9b0                uip_ds6_route_add
                0x000000000001b9c3                uip_ds6_route_rm
                0x000000000001b9c9                uip_ds6_route_rm_by_nexthop
                0x000000000001b9cf                uip_ds6_defrt_head
                0x000000000001b9e8                uip_ds6_defrt_add
                0x000000000001ba96                uip_ds6_defrt_rm
                0x000000000001bafc                uip_ds6_defrt_lookup
                0x000000000001bb63                uip_ds6_defrt_choose
                0x000000000001bbd9                uip_ds6_defrt_periodic
 .text          0x000000000001bc54      0x6f7 build/cooja/mtype647.a(tcpip.o)
                0x000000000001bc6e                tcpip_output
                0x000000000001bced                udp_attach
                0x000000000001bd05                udp_new
                0x000000000001bd4f                udp_broadcast_new
                0x000000000001bec1                tcpip_input
                0x000000000001c051                tcpip_ipv6_output
                0x000000000001c245                tcpip_poll_udp
                0x000000000001c263                tcpip_uipcall
 .text          0x000000000001c34b     0x1205 build/cooja/mtype647.a(uip6.o)
                0x000000000001c3fa                uip_chksum
                0x000000000001c4d1                uip_icmp6chksum
                0x000000000001c4e6                uip_udpchksum
                0x000000000001c4fb                uip_init
                0x000000000001c544                uip_remove_ext_hdr
                0x000000000001c61e                uip_udp_new
                0x000000000001c932                uip_process
                0x000000000001d42a                uip_htons
                0x000000000001d44c                uip_htonl
                0x000000000001d48a                uip_send
 .text          0x000000000001d550      0x369 build/cooja/mtype647.a(uip-ds6-nbr.o)
                0x000000000001d550                uip_ds6_neighbors_init
                0x000000000001d574                uip_ds6_nbr_add
                0x000000000001d5fa                uip_ds6_nbr_rm
                0x000000000001d645                uip_ds6_nbr_update_ll
                0x000000000001d733                uip_ds6_nbr_get_ipaddr
                0x000000000001d748                uip_ds6_nbr_get_ll
                0x000000000001d764                uip_ds6_nbr_num
                0x000000000001d7ad                uip_ds6_nbr_head
                0x000000000001d7c6                uip_ds6_nbr_next
                0x000000000001d7e2                uip_ds6_nbr_lookup
                0x000000000001d83a                uip_ds6_nbr_ll_lookup
                0x000000000001d856                uip_ds6_nbr_ipaddr_from_lladdr
                0x000000000001d87f                uip_ds6_nbr_lladdr_from_ipaddr
                0x000000000001d8b3                uip_ds6_link_callback
 .text          0x000000000001d8b9      0x6a7 build/cooja/mtype647.a(uip-nd6.o)
                0x000000000001df47                uip_nd6_init
 .text          0x000000000001df60     0x2c17 build/cooja/mtype647.a(sicslowpan.o)
                0x000000000001e567                netstack_sniffer_add
                0x000000000001e575                netstack_sniffer_remove
                0x0000000000020b4b                sicslowpan_init
                0x0000000000020b6d                sicslowpan_get_last_rssi
 .text          0x0000000000020b77      0x4d1 build/cooja/mtype647.a(uiplib.o)
                0x0000000000020b77                uiplib_ip6addrconv
                0x0000000000020d2f                uiplib_ip4addrconv
                0x0000000000020df2                uiplib_ipaddr_print
                0x0000000000020e45                uiplib_ipaddr_snprint
 .text          0x0000000000021048      0x4c9 build/cooja/mtype647.a(rpl.o)
                0x0000000000021048                rpl_lollipop_greater_than
                0x00000000000210a2                rpl_get_global_address
                0x000000000002119a                rpl_link_callback
                0x00000000000211de                rpl_has_joined
                0x0000000000021203                rpl_is_reachable
                0x0000000000021284                rpl_reset_prefix
                0x00000000000212ee                rpl_set_prefix_from_addr
                0x00000000000213d3                rpl_set_prefix
                0x00000000000214ed                rpl_set_leaf_only
                0x0000000000021505                rpl_get_leaf_only
 .text          0x0000000000021511     0x138c build/cooja/mtype647.a(rpl-icmp6.o)
                0x0000000000021636                rpl_icmp6_update_nbr_table
                0x00000000000216bf                rpl_icmp6_dis_output
                0x0000000000021d05                rpl_icmp6_dio_output
                0x0000000000022503                rpl_icmp6_dao_output
                0x00000000000227e4                rpl_icmp6_dao_ack_output
                0x0000000000022854                rpl_icmp6_init
 .text          0x000000000002289d      0x264 build/cooja/mtype647.a(rpl-dag-root.o)
                0x000000000002289d                rpl_dag_root_print_links
                0x00000000000229c9                rpl_dag_root_set_prefix
                0x00000000000229f5                rpl_dag_root_start
                0x0000000000022ad2                rpl_dag_root_is_root
 .text          0x0000000000022b01       0x30 build/cooja/mtype647.a(watchdog.o)
                0x0000000000022b01                watchdog_init
                0x0000000000022b07                watchdog_start
                0x0000000000022b0d                watchdog_periodic
                0x0000000000022b25                watchdog_stop
                0x0000000000022b2b                watchdog_reboot
 .text          0x0000000000022b31       0x4a build/cooja/mtype647.a(int-master.o)
                0x0000000000022b31                int_master_enable
                0x0000000000022b41                int_master_read_and_disable
                0x0000000000022b5e                int_master_status_set
                0x0000000000022b6c                int_master_is_enabled
 .text          0x0000000000022b7b      0x226 build/cooja/mtype647.a(coap-timer-defa)
 .text          0x0000000000022da1       0xc7 build/cooja/mtype647.a(stimer.o)
                0x0000000000022da1                stimer_set
                0x0000000000022dbf                stimer_reset
                0x0000000000022dec                stimer_restart
                0x0000000000022e01                stimer_expired
                0x0000000000022e2c                stimer_remaining
                0x0000000000022e50                stimer_elapsed
 .text          0x0000000000022e68      0x156 build/cooja/mtype647.a(ringbuf.o)
                0x0000000000022e68                ringbuf_init
                0x0000000000022e9a                ringbuf_put
                0x0000000000022f18                ringbuf_get
                0x0000000000022f85                ringbuf_size
                0x0000000000022f97                ringbuf_elements
 .text          0x0000000000022fbe       0x1f build/cooja/mtype647.a(assert.o)
                0x0000000000022fbe                _xassert
 .text          0x0000000000022fdd      0x79b build/cooja/mtype647.a(nbr-table.o)
                0x0000000000023456                nbr_table_register
                0x00000000000234c3                nbr_table_is_registered
                0x00000000000234fe                nbr_table_head
                0x0000000000023559                nbr_table_next
                0x00000000000235ba                nbr_table_add_lladdr
                0x0000000000023694                nbr_table_get_from_lladdr
                0x00000000000236e0                nbr_table_remove
                0x0000000000023718                nbr_table_lock
                0x0000000000023732                nbr_table_unlock
                0x000000000002374c                nbr_table_get_lladdr
 .text          0x0000000000023778      0x3a5 build/cooja/mtype647.a(link-stats.o)
                0x0000000000023778                link_stats_from_lladdr
                0x0000000000023794                link_stats_get_lladdr
                0x00000000000237b0                link_stats_is_fresh
                0x00000000000237ec                guess_etx_from_rssi
                0x0000000000023868                link_stats_packet_sent
                0x0000000000023988                link_stats_input_callback
                0x0000000000023a98                link_stats_reset
                0x0000000000023ae8                link_stats_init
 .text          0x0000000000023b1d      0x187 build/cooja/mtype647.a(mac-sequence.o)
                0x0000000000023b1d                mac_sequence_is_duplicate
                0x0000000000023bbd                mac_sequence_register_seqno
 .text          0x0000000000023ca4       0x23 build/cooja/mtype647.a(mac.o)
                0x0000000000023ca4                mac_call_sent_callback
 .text          0x0000000000023cc7      0x432 build/cooja/mtype647.a(framer-802154.o)
                0x0000000000023e56                framer_802154_setup_params
 .text          0x00000000000240f9      0xb6f build/cooja/mtype647.a(frame802154.o)
                0x000000000002412a                frame802154_get_pan_id
                0x0000000000024136                frame802154_set_pan_id
                0x0000000000024150                frame802154_has_panid
                0x00000000000242ff                frame802154_check_dest_panid
                0x0000000000024387                frame802154_is_broadcast_addr
                0x00000000000243d4                frame802154_extract_linkaddr
                0x0000000000024639                frame802154_hdrlen
                0x00000000000246ac                frame802154_create_fcf
                0x0000000000024764                frame802154_create
                0x00000000000248d9                frame802154_parse_fcf
                0x00000000000249bb                frame802154_parse
 .text          0x0000000000024c68       0x2d build/cooja/mtype647.a(csma-security.o)
                0x0000000000024c68                csma_security_create_frame
                0x0000000000024c86                csma_security_parse_frame
 .text          0x0000000000024c95      0x4e4 build/cooja/mtype647.a(uipbuf.o)
                0x0000000000024c95                uipbuf_clear
                0x0000000000024cbc                uipbuf_add_ext_hdr
                0x0000000000024d3c                uipbuf_set_len
                0x0000000000024d69                uipbuf_set_len_field
                0x0000000000024d95                uipbuf_get_len_field
                0x0000000000024db5                uipbuf_get_next_header
                0x0000000000024ee7                uipbuf_get_last_header
                0x0000000000024f60                uipbuf_search_header
                0x0000000000025016                uipbuf_get_attr
                0x000000000002503d                uipbuf_set_attr
                0x0000000000025074                uipbuf_set_default_attr
                0x00000000000250ab                uipbuf_clear_attr
                0x00000000000250cf                uipbuf_set_attr_flag
                0x00000000000250f0                uipbuf_clr_attr_flag
                0x0000000000025117                uipbuf_is_attr_flag
                0x000000000002513b                uipbuf_init
 .text          0x0000000000025179      0x73f build/cooja/mtype647.a(uip-icmp6.o)
                0x00000000000251ee                uip_icmp6_input
                0x0000000000025245                uip_icmp6_register_input_handler
                0x0000000000025398                uip_icmp6_error_output
                0x0000000000025649                uip_icmp6_send
                0x0000000000025840                uip_icmp6_echo_reply_callback_add
                0x0000000000025872                uip_icmp6_echo_reply_callback_rm
                0x000000000002588f                uip_icmp6_init
 .text          0x00000000000258b8      0x69b build/cooja/mtype647.a(uip-sr.o)
                0x00000000000258b8                uip_sr_num_nodes
                0x0000000000025946                uip_sr_get_node
                0x000000000002599d                uip_sr_is_addr_reachable
                0x0000000000025a4b                uip_sr_expire_parent
                0x0000000000025a94                uip_sr_update_node
                0x0000000000025bc4                uip_sr_init
                0x0000000000025bf8                uip_sr_node_head
                0x0000000000025c11                uip_sr_node_next
                0x0000000000025c27                uip_sr_periodic
                0x0000000000025d2d                uip_sr_free_all
                0x0000000000025d9d                uip_sr_link_snprint
 .text          0x0000000000025f53      0x146 build/cooja/mtype647.a(uip-packetqueue)
                0x0000000000025f81                uip_packetqueue_new
                0x0000000000025f90                uip_packetqueue_alloc
                0x0000000000025feb                uip_packetqueue_free
                0x0000000000026032                uip_packetqueue_buf
                0x000000000002604f                uip_packetqueue_buflen
                0x0000000000026070                uip_packetqueue_set_buflen
 .text          0x0000000000026099      0x1b0 build/cooja/mtype647.a(rpl-nbr-policy.)
                0x0000000000026206                rpl_nbr_policy_find_removable
 .text          0x0000000000026249      0x915 build/cooja/mtype647.a(rpl-neighbor.o)
                0x00000000000262c5                rpl_neighbor_snprint
                0x0000000000026578                rpl_neighbor_print_list
                0x000000000002662d                rpl_neighbor_count
                0x00000000000266d4                rpl_neighbor_get_from_lladdr
                0x00000000000266f0                rpl_neighbor_is_acceptable_parent
                0x0000000000026724                rpl_neighbor_get_link_metric
                0x0000000000026758                rpl_neighbor_rank_via_nbr
                0x000000000002678c                rpl_neighbor_get_lladdr
                0x00000000000267a8                rpl_neighbor_get_ipaddr
                0x00000000000267cf                rpl_neighbor_get_link_stats
                0x00000000000267f6                rpl_neighbor_is_fresh
                0x000000000002681d                rpl_neighbor_is_reachable
                0x0000000000026868                rpl_neighbor_is_parent
                0x0000000000026892                rpl_neighbor_set_preferred_parent
                0x0000000000026929                rpl_neighbor_remove_all
                0x0000000000026985                rpl_neighbor_get_from_ipaddr
                0x0000000000026a93                rpl_neighbor_select_best
                0x0000000000026b3f                rpl_neighbor_init
 .text          0x0000000000026b5e      0xe69 build/cooja/mtype647.a(rpl-dag.o)
                0x0000000000026b5e                rpl_dag_state_to_str
                0x0000000000026b9d                rpl_dag_get_root_ipaddr
                0x0000000000026be5                rpl_dag_leave
                0x0000000000026c6e                rpl_dag_poison_and_leave
                0x0000000000026c86                rpl_dag_periodic
                0x0000000000026d0e                rpl_is_addr_in_our_dag
                0x0000000000026d52                rpl_get_default_instance
                0x0000000000026d6e                rpl_get_any_dag
                0x0000000000026dc7                rpl_refresh_routes
                0x0000000000026e07                rpl_global_repair
                0x0000000000026ea0                rpl_local_repair
                0x0000000000026eea                rpl_dag_ready_to_advertise
                0x0000000000026f2d                rpl_dag_update_state
                0x000000000002765a                rpl_process_dio
                0x00000000000276d8                rpl_process_dis
                0x000000000002771d                rpl_process_dao
                0x00000000000277ac                rpl_process_dao_ack
                0x0000000000027843                rpl_process_hbh
                0x0000000000027893                rpl_dag_init_root
                0x00000000000279a7                rpl_dag_init
 .text          0x00000000000279c7      0x9e7 build/cooja/mtype647.a(rpl-timers.o)
                0x00000000000279c7                rpl_timers_schedule_periodic_dis
                0x0000000000027b15                rpl_timers_dio_reset
                0x0000000000027c23                rpl_timers_schedule_unicast_dio
                0x0000000000027d77                rpl_timers_schedule_dao
                0x0000000000027e36                rpl_timers_schedule_dao_ack
                0x0000000000027ebc                rpl_timers_notify_dao_ack
                0x0000000000027f1a                get_probing_delay
                0x0000000000027f4e                get_probing_target
                0x0000000000028138                rpl_schedule_probing
                0x0000000000028166                rpl_schedule_probing_now
                0x00000000000281d0                rpl_timers_unschedule_leaving
                0x0000000000028208                rpl_timers_schedule_leaving
                0x0000000000028249                rpl_timers_init
                0x00000000000282d9                rpl_timers_stop_dag_timers
                0x0000000000028352                rpl_timers_unschedule_state_update
                0x0000000000028376                rpl_timers_schedule_state_update
 .text          0x00000000000283ae      0xb8e build/cooja/mtype647.a(rpl-ext-header.)
                0x00000000000283ae                rpl_ext_header_srh_get_next_hop
                0x0000000000028495                rpl_ext_header_srh_update
                0x0000000000028a01                rpl_ext_header_hbh_update
                0x0000000000028d01                rpl_ext_header_update
                0x0000000000028d8a                rpl_ext_header_remove
 .text          0x0000000000028f3c      0x31b build/cooja/mtype647.a(rpl-mrhof.o)
 *fill*         0x0000000000029257        0x9 
 .text          0x0000000000029260      0x122 /usr/lib/gcc/i686-linux-gnu/5/libgcc.a(_udivdi3.o)
                0x0000000000029260                __udivdi3
 .text          0x0000000000029382        0x0 /usr/lib/gcc/i686-linux-gnu/5/crtendS.o
 .text          0x0000000000029382        0x0 /usr/lib/gcc/i686-linux-gnu/5/../../../i386-linux-gnu/crtn.o
 *(.gnu.warning)

.fini           0x0000000000029384       0x14
 *(SORT(.fini))
 .fini          0x0000000000029384        0xf /usr/lib/gcc/i686-linux-gnu/5/../../../i386-linux-gnu/crti.o
                0x0000000000029384                _fini
 .fini          0x0000000000029393        0x5 /usr/lib/gcc/i686-linux-gnu/5/../../../i386-linux-gnu/crtn.o
                [!provide]                        PROVIDE (__etext, .)
                [!provide]                        PROVIDE (_etext, .)
                [!provide]                        PROVIDE (etext, .)

.rodata         0x00000000000293a0      0xa6b
 *(.rodata .rodata.* .gnu.linkonce.r.*)
 .rodata        0x00000000000293a0       0x84 smart-bulb.o
                0x00000000000293ac                autostart_processes
 .rodata        0x0000000000029424        0x8 build/cooja/mtype647.a(beep.o)
                0x0000000000029424                beep_interface
 .rodata        0x000000000002942c        0xe build/cooja/mtype647.a(leds-arch.o)
                0x000000000002942c                leds_interface
                0x0000000000029434                leds_arch_leds
 *fill*         0x000000000002943a        0x2 
 .rodata        0x000000000002943c        0x8 build/cooja/mtype647.a(moteid.o)
                0x000000000002943c                moteid_interface
 .rodata        0x0000000000029444       0x1c build/cooja/mtype647.a(pir-sensor.o)
                0x0000000000029444                pir_interface
                0x0000000000029450                pir_sensor
 .rodata        0x0000000000029460        0xe build/cooja/mtype647.a(rs232.o)
                0x0000000000029460                rs232_interface
 *fill*         0x000000000002946e        0x2 
 .rodata        0x0000000000029470       0x24 build/cooja/mtype647.a(vib-sensor.o)
                0x0000000000029470                vib_interface
                0x0000000000029484                vib_sensor
 .rodata        0x0000000000029494        0x8 build/cooja/mtype647.a(clock.o)
                0x0000000000029494                clock_interface
 .rodata        0x000000000002949c        0x8 build/cooja/mtype647.a(cooja-log.o)
                0x000000000002949c                simlog_interface
 .rodata        0x00000000000294a4       0x2f build/cooja/mtype647.a(cfs-cooja.o)
                0x00000000000294a4                cfs_interface
 *fill*         0x00000000000294d3        0xd 
 .rodata        0x00000000000294e0       0xb8 build/cooja/mtype647.a(cooja-radio.o)
                0x00000000000294e0                radio_interface
                0x0000000000029560                cooja_radio_driver
 .rodata        0x0000000000029598        0x8 build/cooja/mtype647.a(eeprom.o)
                0x0000000000029598                eeprom_interface
 .rodata        0x00000000000295a0        0x8 build/cooja/mtype647.a(sensors.o)
 .rodata        0x00000000000295a8       0x2c build/cooja/mtype647.a(buttons.o)
                0x00000000000295a8                button_interface
                0x00000000000295bc                button_hal_button_count
                0x00000000000295c4                button_sensor
 .rodata        0x00000000000295d4       0x98 build/cooja/mtype647.a(res-luminosity.)
 .rodata        0x000000000002966c       0x41 build/cooja/mtype647.a(coap-engine.o)
 .rodata        0x00000000000296ad       0x19 build/cooja/mtype647.a(coap-res-well-k)
 .rodata        0x00000000000296c6       0x11 build/cooja/mtype647.a(coap-observe.o)
 .rodata        0x00000000000296d7       0x35 build/cooja/mtype647.a(coap-uip.o)
 .rodata        0x000000000002970c      0x1ac build/cooja/mtype647.a(coap.o)
 .rodata        0x00000000000298b8       0xf8 build/cooja/mtype647.a(contiki-main.o)
 .rodata        0x00000000000299b0        0xf build/cooja/mtype647.a(ctimer.o)
 *fill*         0x00000000000299bf        0x1 
 .rodata        0x00000000000299c0       0xc4 build/cooja/mtype647.a(log.o)
 .rodata        0x0000000000029a84        0xc build/cooja/mtype647.a(etimer.o)
 .rodata        0x0000000000029a90       0x13 build/cooja/mtype647.a(button-hal.o)
 .rodata        0x0000000000029aa3        0xe build/cooja/mtype647.a(serial-line.o)
 *fill*         0x0000000000029ab1        0x3 
 .rodata        0x0000000000029ab4        0x8 build/cooja/mtype647.a(linkaddr.o)
                0x0000000000029ab4                linkaddr_null
 .rodata        0x0000000000029abc       0x24 build/cooja/mtype647.a(csma.o)
                0x0000000000029ac4                csma_driver
 .rodata        0x0000000000029ae0       0x24 build/cooja/mtype647.a(csma-output.o)
 .rodata        0x0000000000029b04       0x4d build/cooja/mtype647.a(uip-ds6-route.o)
 .rodata        0x0000000000029b51        0xd build/cooja/mtype647.a(tcpip.o)
 *fill*         0x0000000000029b5e        0x2 
 .rodata        0x0000000000029b60       0x30 build/cooja/mtype647.a(sicslowpan.o)
                0x0000000000029b60                unc_llconf
                0x0000000000029b64                unc_ctxconf
                0x0000000000029b68                unc_mxconf
                0x0000000000029b6c                llprefix
                0x0000000000029b80                sicslowpan_driver
 .rodata        0x0000000000029b90       0x2d build/cooja/mtype647.a(uiplib.o)
 *fill*         0x0000000000029bbd        0x3 
 .rodata        0x0000000000029bc0       0x74 build/cooja/mtype647.a(rpl.o)
                0x0000000000029be0                rpl_lite_driver
 .rodata        0x0000000000029c34       0x20 build/cooja/mtype647.a(coap-timer-defa)
                0x0000000000029c48                coap_timer_default_driver
 .rodata        0x0000000000029c54       0x25 build/cooja/mtype647.a(assert.o)
 *fill*         0x0000000000029c79        0x3 
 .rodata        0x0000000000029c7c        0xc build/cooja/mtype647.a(framer-802154.o)
                0x0000000000029c7c                framer_802154
 .rodata        0x0000000000029c88       0x44 build/cooja/mtype647.a(uip-sr.o)
 .rodata        0x0000000000029ccc       0x58 build/cooja/mtype647.a(rpl-neighbor.o)
 .rodata        0x0000000000029d24       0xdb build/cooja/mtype647.a(rpl-dag.o)
 .rodata        0x0000000000029dff        0xc build/cooja/mtype647.a(rpl-timers.o)

.rodata1
 *(.rodata1)

.eh_frame_hdr   0x0000000000029e0c     0x19c4
 *(.eh_frame_hdr)
 .eh_frame_hdr  0x0000000000029e0c     0x19c4 smart-bulb.o
                0x0000000000029e0c                __GNU_EH_FRAME_HDR
 *(.eh_frame_entry .eh_frame_entry.*)

.eh_frame       0x000000000002b7d0     0x6888
 *(.eh_frame)
 .eh_frame      0x000000000002b7d0       0x3c /usr/lib/gcc/i686-linux-gnu/5/../../../i386-linux-gnu/crti.o
                                         0x40 (size before relaxing)
 .eh_frame      0x000000000002b80c       0x20 smart-bulb.o
                                         0x38 (size before relaxing)
 .eh_frame      0x000000000002b82c      0x178 build/cooja/mtype647.o
                                        0x190 (size before relaxing)
 .eh_frame      0x000000000002b9a4       0x40 build/cooja/mtype647.a(simEnvChange.o)
                                         0x58 (size before relaxing)
 .eh_frame      0x000000000002b9e4       0x60 build/cooja/mtype647.a(cooja_mt.o)
                                         0x78 (size before relaxing)
 .eh_frame      0x000000000002ba44       0x80 build/cooja/mtype647.a(cooja_mtarch.o)
                                         0x98 (size before relaxing)
 .eh_frame      0x000000000002bac4       0xc8 build/cooja/mtype647.a(rtimer-arch.o)
                                         0xe0 (size before relaxing)
 .eh_frame      0x000000000002bb8c      0x160 build/cooja/mtype647.a(beep.o)
                                        0x178 (size before relaxing)
 .eh_frame      0x000000000002bcec       0x80 build/cooja/mtype647.a(leds-arch.o)
                                         0x98 (size before relaxing)
 .eh_frame      0x000000000002bd6c       0x40 build/cooja/mtype647.a(moteid.o)
                                         0x58 (size before relaxing)
 .eh_frame      0x000000000002bdac       0xa0 build/cooja/mtype647.a(pir-sensor.o)
                                         0xb8 (size before relaxing)
 .eh_frame      0x000000000002be4c      0x100 build/cooja/mtype647.a(rs232.o)
                                        0x118 (size before relaxing)
 .eh_frame      0x000000000002bf4c       0xa0 build/cooja/mtype647.a(vib-sensor.o)
                                         0xb8 (size before relaxing)
 .eh_frame      0x000000000002bfec       0xc0 build/cooja/mtype647.a(clock.o)
                                         0xd8 (size before relaxing)
 .eh_frame      0x000000000002c0ac      0x120 build/cooja/mtype647.a(cooja-log.o)
                                        0x138 (size before relaxing)
 .eh_frame      0x000000000002c1cc      0x160 build/cooja/mtype647.a(cfs-cooja.o)
                                        0x178 (size before relaxing)
 .eh_frame      0x000000000002c32c      0x340 build/cooja/mtype647.a(cooja-radio.o)
                                        0x358 (size before relaxing)
 .eh_frame      0x000000000002c66c       0xa0 build/cooja/mtype647.a(eeprom.o)
                                         0xb8 (size before relaxing)
 .eh_frame      0x000000000002c70c       0x40 build/cooja/mtype647.a(random.o)
                                         0x58 (size before relaxing)
 .eh_frame      0x000000000002c74c       0xc0 build/cooja/mtype647.a(sensors.o)
                                         0xd8 (size before relaxing)
 .eh_frame      0x000000000002c80c      0x120 build/cooja/mtype647.a(leds.o)
                                        0x138 (size before relaxing)
 .eh_frame      0x000000000002c92c      0x220 build/cooja/mtype647.a(gpio-hal-arch.o)
                                        0x238 (size before relaxing)
 .eh_frame      0x000000000002cb4c       0xa0 build/cooja/mtype647.a(buttons.o)
                                         0xb8 (size before relaxing)
 .eh_frame      0x000000000002cbec       0x64 build/cooja/mtype647.a(res-luminosity.)
                                         0x7c (size before relaxing)
 .eh_frame      0x000000000002cc50      0x220 build/cooja/mtype647.a(coap-engine.o)
                                        0x238 (size before relaxing)
 .eh_frame      0x000000000002ce70       0x24 build/cooja/mtype647.a(coap-res-well-k)
                                         0x3c (size before relaxing)
 .eh_frame      0x000000000002ce94      0x188 build/cooja/mtype647.a(coap-observe.o)
                                        0x1a0 (size before relaxing)
 .eh_frame      0x000000000002d01c      0x250 build/cooja/mtype647.a(coap-uip.o)
                                        0x268 (size before relaxing)
 .eh_frame      0x000000000002d26c      0x114 build/cooja/mtype647.a(coap-timer.o)
                                        0x12c (size before relaxing)
 .eh_frame      0x000000000002d380      0x100 build/cooja/mtype647.a(coap-transactio)
                                        0x118 (size before relaxing)
 .eh_frame      0x000000000002d480      0x6ec build/cooja/mtype647.a(coap.o)
                                        0x704 (size before relaxing)
 .eh_frame      0x000000000002db6c       0x30 build/cooja/mtype647.a(contiki-main.o)
                                         0x48 (size before relaxing)
 .eh_frame      0x000000000002db9c       0x40 build/cooja/mtype647.a(autostart.o)
                                         0x58 (size before relaxing)
 .eh_frame      0x000000000002dbdc      0x100 build/cooja/mtype647.a(ctimer.o)
                                        0x118 (size before relaxing)
 .eh_frame      0x000000000002dcdc      0x100 build/cooja/mtype647.a(log.o)
                                        0x118 (size before relaxing)
 .eh_frame      0x000000000002dddc       0x60 build/cooja/mtype647.a(energest.o)
                                         0x78 (size before relaxing)
 .eh_frame      0x000000000002de3c      0x1e0 build/cooja/mtype647.a(etimer.o)
                                        0x1f8 (size before relaxing)
 .eh_frame      0x000000000002e01c       0x20 build/cooja/mtype647.a(node-id.o)
                                         0x38 (size before relaxing)
 .eh_frame      0x000000000002e03c       0x60 build/cooja/mtype647.a(rtimer.o)
                                         0x78 (size before relaxing)
 .eh_frame      0x000000000002e09c      0x1c4 build/cooja/mtype647.a(process.o)
                                        0x1dc (size before relaxing)
 .eh_frame      0x000000000002e260       0xa4 build/cooja/mtype647.a(timer.o)
                                         0xbc (size before relaxing)
 .eh_frame      0x000000000002e304      0x1a0 build/cooja/mtype647.a(list.o)
                                        0x1b8 (size before relaxing)
 .eh_frame      0x000000000002e4a4       0xa0 build/cooja/mtype647.a(memb.o)
                                         0xb8 (size before relaxing)
 .eh_frame      0x000000000002e544      0x144 build/cooja/mtype647.a(button-hal.o)
                                        0x15c (size before relaxing)
 .eh_frame      0x000000000002e688       0x60 build/cooja/mtype647.a(serial-line.o)
                                         0x78 (size before relaxing)
 .eh_frame      0x000000000002e6e8       0xe0 build/cooja/mtype647.a(gpio-hal.o)
                                         0xf8 (size before relaxing)
 .eh_frame      0x000000000002e7c8      0x1a0 build/cooja/mtype647.a(queuebuf.o)
                                        0x1b8 (size before relaxing)
 .eh_frame      0x000000000002e968      0x28c build/cooja/mtype647.a(packetbuf.o)
                                        0x2a4 (size before relaxing)
 .eh_frame      0x000000000002ebf4       0x80 build/cooja/mtype647.a(netstack.o)
                                         0x98 (size before relaxing)
 .eh_frame      0x000000000002ec74       0x60 build/cooja/mtype647.a(linkaddr.o)
                                         0x78 (size before relaxing)
 .eh_frame      0x000000000002ecd4       0xe0 build/cooja/mtype647.a(csma.o)
                                         0xf8 (size before relaxing)
 .eh_frame      0x000000000002edb4      0x1d0 build/cooja/mtype647.a(csma-output.o)
                                        0x1e8 (size before relaxing)
 .eh_frame      0x000000000002ef84      0x328 build/cooja/mtype647.a(uip-ds6.o)
                                        0x340 (size before relaxing)
 .eh_frame      0x000000000002f2ac       0x40 build/cooja/mtype647.a(uip-udp-packet.)
                                         0x58 (size before relaxing)
 .eh_frame      0x000000000002f2ec      0x220 build/cooja/mtype647.a(uip-ds6-route.o)
                                        0x238 (size before relaxing)
 .eh_frame      0x000000000002f50c      0x244 build/cooja/mtype647.a(tcpip.o)
                                        0x25c (size before relaxing)
 .eh_frame      0x000000000002f750      0x1e8 build/cooja/mtype647.a(uip6.o)
                                        0x200 (size before relaxing)
 .eh_frame      0x000000000002f938      0x1c0 build/cooja/mtype647.a(uip-ds6-nbr.o)
                                        0x1d8 (size before relaxing)
 .eh_frame      0x000000000002faf8       0x84 build/cooja/mtype647.a(uip-nd6.o)
                                         0x9c (size before relaxing)
 .eh_frame      0x000000000002fb7c      0x2f8 build/cooja/mtype647.a(sicslowpan.o)
                                        0x310 (size before relaxing)
 .eh_frame      0x000000000002fe74       0x88 build/cooja/mtype647.a(uiplib.o)
                                         0xa0 (size before relaxing)
 .eh_frame      0x000000000002fefc      0x1e0 build/cooja/mtype647.a(rpl.o)
                                        0x1f8 (size before relaxing)
 .eh_frame      0x00000000000300dc      0x1c4 build/cooja/mtype647.a(rpl-icmp6.o)
                                        0x1dc (size before relaxing)
 .eh_frame      0x00000000000302a0       0xa0 build/cooja/mtype647.a(rpl-dag-root.o)
                                         0xb8 (size before relaxing)
 .eh_frame      0x0000000000030340       0xa0 build/cooja/mtype647.a(watchdog.o)
                                         0xb8 (size before relaxing)
 .eh_frame      0x00000000000303e0       0x80 build/cooja/mtype647.a(int-master.o)
                                         0x98 (size before relaxing)
 .eh_frame      0x0000000000030460       0xa4 build/cooja/mtype647.a(coap-timer-defa)
                                         0xbc (size before relaxing)
 .eh_frame      0x0000000000030504       0xc4 build/cooja/mtype647.a(stimer.o)
                                         0xdc (size before relaxing)
 .eh_frame      0x00000000000305c8       0xa0 build/cooja/mtype647.a(ringbuf.o)
                                         0xb8 (size before relaxing)
 .eh_frame      0x0000000000030668       0x20 build/cooja/mtype647.a(assert.o)
                                         0x38 (size before relaxing)
 .eh_frame      0x0000000000030688      0x2ac build/cooja/mtype647.a(nbr-table.o)
                                        0x2c4 (size before relaxing)
 .eh_frame      0x0000000000030934      0x120 build/cooja/mtype647.a(link-stats.o)
                                        0x138 (size before relaxing)
 .eh_frame      0x0000000000030a54       0x48 build/cooja/mtype647.a(mac-sequence.o)
                                         0x60 (size before relaxing)
 .eh_frame      0x0000000000030a9c       0x20 build/cooja/mtype647.a(mac.o)
                                         0x38 (size before relaxing)
 .eh_frame      0x0000000000030abc       0xa4 build/cooja/mtype647.a(framer-802154.o)
                                         0xbc (size before relaxing)
 .eh_frame      0x0000000000030b60      0x1a4 build/cooja/mtype647.a(frame802154.o)
                                        0x1bc (size before relaxing)
 .eh_frame      0x0000000000030d04       0x40 build/cooja/mtype647.a(csma-security.o)
                                         0x58 (size before relaxing)
 .eh_frame      0x0000000000030d44      0x200 build/cooja/mtype647.a(uipbuf.o)
                                        0x218 (size before relaxing)
 .eh_frame      0x0000000000030f44      0x150 build/cooja/mtype647.a(uip-icmp6.o)
                                        0x168 (size before relaxing)
 .eh_frame      0x0000000000031094      0x184 build/cooja/mtype647.a(uip-sr.o)
                                        0x19c (size before relaxing)
 .eh_frame      0x0000000000031218       0xe0 build/cooja/mtype647.a(uip-packetqueue)
                                         0xf8 (size before relaxing)
 .eh_frame      0x00000000000312f8       0x80 build/cooja/mtype647.a(rpl-nbr-policy.)
                                         0x98 (size before relaxing)
 .eh_frame      0x0000000000031378      0x2d4 build/cooja/mtype647.a(rpl-neighbor.o)
                                        0x2ec (size before relaxing)
 .eh_frame      0x000000000003164c      0x370 build/cooja/mtype647.a(rpl-dag.o)
                                        0x388 (size before relaxing)
 .eh_frame      0x00000000000319bc      0x3a8 build/cooja/mtype647.a(rpl-timers.o)
                                        0x3c0 (size before relaxing)
 .eh_frame      0x0000000000031d64      0x124 build/cooja/mtype647.a(rpl-ext-header.)
                                        0x13c (size before relaxing)
 .eh_frame      0x0000000000031e88      0x148 build/cooja/mtype647.a(rpl-mrhof.o)
                                        0x160 (size before relaxing)
 .eh_frame      0x0000000000031fd0       0x84 /usr/lib/gcc/i686-linux-gnu/5/libgcc.a(_udivdi3.o)
                                         0x9c (size before relaxing)
 .eh_frame      0x0000000000032054        0x4 /usr/lib/gcc/i686-linux-gnu/5/crtendS.o
 *(.eh_frame.*)

.gcc_except_table
 *(.gcc_except_table .gcc_except_table.*)

.gnu_extab
 *(.gnu_extab*)

.exception_ranges
 *(.exception_ranges .exception_ranges*)
                0x0000000000033f10                . = DATA_SEGMENT_ALIGN (0x1000, 0x1000)

.eh_frame
 *(.eh_frame)
 *(.eh_frame.*)

.gnu_extab
 *(.gnu_extab)

.gcc_except_table
 *(.gcc_except_table .gcc_except_table.*)

.exception_ranges
 *(.exception_ranges .exception_ranges*)

.tdata
 *(.tdata .tdata.* .gnu.linkonce.td.*)

.tbss
 *(.tbss .tbss.* .gnu.linkonce.tb.*)
 *(.tcommon)

.preinit_array
 *(.preinit_array)

.init_array     0x0000000000033f10        0x4
 *(SORT(.init_array.*) SORT(.ctors.*))
 *(.init_array EXCLUDE_FILE(*crtend?.o *crtend.o *crtbegin?.o *crtbegin.o) .ctors)
 .init_array    0x0000000000033f10        0x4 /usr/lib/gcc/i686-linux-gnu/5/crtbeginS.o

.fini_array     0x0000000000033f14        0x4
 *(SORT(.fini_array.*) SORT(.dtors.*))
 *(.fini_array EXCLUDE_FILE(*crtend?.o *crtend.o *crtbegin?.o *crtbegin.o) .dtors)
 .fini_array    0x0000000000033f14        0x4 /usr/lib/gcc/i686-linux-gnu/5/crtbeginS.o

.ctors
 *crtbegin.o(.ctors)
 *crtbegin?.o(.ctors)
 *(EXCLUDE_FILE(*crtend?.o *crtend.o) .ctors)
 *(SORT(.ctors.*))
 *(.ctors)

.dtors
 *crtbegin.o(.dtors)
 *crtbegin?.o(.dtors)
 *(EXCLUDE_FILE(*crtend?.o *crtend.o) .dtors)
 *(SORT(.dtors.*))
 *(.dtors)

.jcr            0x0000000000033f18        0x4
 *(.jcr)
 .jcr           0x0000000000033f18        0x0 /usr/lib/gcc/i686-linux-gnu/5/crtbeginS.o
 .jcr           0x0000000000033f18        0x4 /usr/lib/gcc/i686-linux-gnu/5/crtendS.o

.data.rel.ro
 *(.data.rel.ro.local* .gnu.linkonce.d.rel.ro.local.*)
 *(.data.rel.ro .data.rel.ro.* .gnu.linkonce.d.rel.ro.*)

.dynamic        0x0000000000033f1c       0xd0
 *(.dynamic)
 .dynamic       0x0000000000033f1c       0xd0 /usr/lib/gcc/i686-linux-gnu/5/../../../i386-linux-gnu/crti.o
                0x0000000000033f1c                _DYNAMIC

.got            0x0000000000033fec       0x14
 *(.got)
 .got           0x0000000000033fec       0x14 /usr/lib/gcc/i686-linux-gnu/5/../../../i386-linux-gnu/crti.o
 *(.igot)
                0x0000000000034ff4                . = DATA_SEGMENT_RELRO_END (., (SIZEOF (.got.plt) >= 0xc)?0xc:0x0)

.got.plt        0x0000000000034000        0xc
 *(.got.plt)
 .got.plt       0x0000000000034000        0xc /usr/lib/gcc/i686-linux-gnu/5/../../../i386-linux-gnu/crti.o
                0x0000000000034000                _GLOBAL_OFFSET_TABLE_
 *(.igot.plt)

.data           0x0000000000034020      0x444
 *(.data .data.* .gnu.linkonce.d.*)
 .data          0x0000000000034020        0x0 /usr/lib/gcc/i686-linux-gnu/5/../../../i386-linux-gnu/crti.o
 .data          0x0000000000034020        0x0 /usr/lib/gcc/i686-linux-gnu/5/crtbeginS.o
 .data.rel.local
                0x0000000000034020        0x4 /usr/lib/gcc/i686-linux-gnu/5/crtbeginS.o
                0x0000000000034020                __dso_handle
 .data          0x0000000000034024       0x10 smart-bulb.o
                0x0000000000034024                smart_bulb
 *fill*         0x0000000000034034        0xc 
 .data          0x0000000000034040       0x44 build/cooja/mtype647.o
                0x0000000000034040                simInterfaces
                0x0000000000034074                sensors
 .data          0x0000000000034084        0x0 build/cooja/mtype647.a(simEnvChange.o)
 .data          0x0000000000034084        0x0 build/cooja/mtype647.a(cooja_mt.o)
 .data          0x0000000000034084        0x0 build/cooja/mtype647.a(cooja_mtarch.o)
 .data          0x0000000000034084        0x0 build/cooja/mtype647.a(rtimer-arch.o)
 .data          0x0000000000034084        0x0 build/cooja/mtype647.a(beep.o)
 .data          0x0000000000034084        0x0 build/cooja/mtype647.a(leds-arch.o)
 .data          0x0000000000034084        0x0 build/cooja/mtype647.a(moteid.o)
 .data          0x0000000000034084        0x0 build/cooja/mtype647.a(pir-sensor.o)
 .data          0x0000000000034084        0x0 build/cooja/mtype647.a(rs232.o)
 .data          0x0000000000034084        0x0 build/cooja/mtype647.a(vib-sensor.o)
 .data          0x0000000000034084        0x0 build/cooja/mtype647.a(clock.o)
 .data          0x0000000000034084        0x0 build/cooja/mtype647.a(cooja-log.o)
 .data          0x0000000000034084        0x0 build/cooja/mtype647.a(cfs-cooja.o)
 .data          0x0000000000034084       0x2c build/cooja/mtype647.a(cooja-radio.o)
                0x0000000000034084                simRadioHWOn
                0x0000000000034088                simSignalStrength
                0x000000000003408c                simLastSignalStrength
                0x0000000000034090                simPower
                0x0000000000034094                simRadioChannel
                0x0000000000034098                simLQI
                0x00000000000340a0                cooja_radio_process
 .data          0x00000000000340b0        0x0 build/cooja/mtype647.a(eeprom.o)
 .data          0x00000000000340b0        0x0 build/cooja/mtype647.a(random.o)
 .data          0x00000000000340b0       0x10 build/cooja/mtype647.a(sensors.o)
                0x00000000000340b0                sensors_process
 .data          0x00000000000340c0        0x0 build/cooja/mtype647.a(leds.o)
 .data          0x00000000000340c0        0x0 build/cooja/mtype647.a(gpio-hal-arch.o)
 .data          0x00000000000340c0       0x78 build/cooja/mtype647.a(buttons.o)
                0x00000000000340c0                simButtonIsActive
                0x0000000000034130                button_hal_buttons
 *fill*         0x0000000000034138        0x8 
 .data          0x0000000000034140       0x24 build/cooja/mtype647.a(res-luminosity.)
                0x0000000000034140                res_luminosity
 .data          0x0000000000034164        0x8 build/cooja/mtype647.a(coap-engine.o)
 *fill*         0x000000000003416c       0x14 
 .data          0x0000000000034180       0x24 build/cooja/mtype647.a(coap-res-well-k)
                0x0000000000034180                res_well_known_core
 .data          0x00000000000341a4       0x10 build/cooja/mtype647.a(coap-observe.o)
 .data          0x00000000000341b4       0x10 build/cooja/mtype647.a(coap-uip.o)
                0x00000000000341b4                coap_engine
 .data          0x00000000000341c4        0x4 build/cooja/mtype647.a(coap-timer.o)
 .data          0x00000000000341c8       0x10 build/cooja/mtype647.a(coap-transactio)
 .data          0x00000000000341d8        0x4 build/cooja/mtype647.a(coap.o)
                0x00000000000341d8                coap_error_message
 .data          0x00000000000341dc        0x0 build/cooja/mtype647.a(contiki-main.o)
 .data          0x00000000000341dc        0x0 build/cooja/mtype647.a(autostart.o)
 .data          0x00000000000341dc       0x14 build/cooja/mtype647.a(ctimer.o)
                0x00000000000341e0                ctimer_process
 *fill*         0x00000000000341f0       0x10 
 .data          0x0000000000034200       0xbc build/cooja/mtype647.a(log.o)
                0x0000000000034200                curr_log_level_main
                0x0000000000034220                all_modules
 .data          0x00000000000342bc        0x0 build/cooja/mtype647.a(energest.o)
 .data          0x00000000000342bc       0x10 build/cooja/mtype647.a(etimer.o)
                0x00000000000342bc                etimer_process
 .data          0x00000000000342cc        0x0 build/cooja/mtype647.a(node-id.o)
 .data          0x00000000000342cc        0x0 build/cooja/mtype647.a(rtimer.o)
 .data          0x00000000000342cc        0x0 build/cooja/mtype647.a(process.o)
 .data          0x00000000000342cc        0x0 build/cooja/mtype647.a(timer.o)
 .data          0x00000000000342cc        0x0 build/cooja/mtype647.a(list.o)
 .data          0x00000000000342cc        0x0 build/cooja/mtype647.a(memb.o)
 .data          0x00000000000342cc       0x10 build/cooja/mtype647.a(button-hal.o)
                0x00000000000342cc                button_hal_process
 .data          0x00000000000342dc       0x10 build/cooja/mtype647.a(serial-line.o)
                0x00000000000342dc                serial_line_process
 .data          0x00000000000342ec        0x4 build/cooja/mtype647.a(gpio-hal.o)
 .data          0x00000000000342f0       0x18 build/cooja/mtype647.a(queuebuf.o)
 .data          0x0000000000034308        0x4 build/cooja/mtype647.a(packetbuf.o)
 .data          0x000000000003430c        0x4 build/cooja/mtype647.a(netstack.o)
 .data          0x0000000000034310        0x0 build/cooja/mtype647.a(linkaddr.o)
 .data          0x0000000000034310        0x0 build/cooja/mtype647.a(csma.o)
 .data          0x0000000000034310       0x28 build/cooja/mtype647.a(csma-output.o)
 .data          0x0000000000034338        0x0 build/cooja/mtype647.a(uip-ds6.o)
 .data          0x0000000000034338        0x0 build/cooja/mtype647.a(uip-udp-packet.)
 .data          0x0000000000034338       0x10 build/cooja/mtype647.a(uip-ds6-route.o)
 .data          0x0000000000034348       0x10 build/cooja/mtype647.a(tcpip.o)
                0x0000000000034348                tcpip_process
 .data          0x0000000000034358        0x0 build/cooja/mtype647.a(uip6.o)
 .data          0x0000000000034358       0x14 build/cooja/mtype647.a(uip-ds6-nbr.o)
 .data          0x000000000003436c        0xc build/cooja/mtype647.a(uip-nd6.o)
 .data          0x0000000000034378        0x0 build/cooja/mtype647.a(sicslowpan.o)
 .data          0x0000000000034378        0x0 build/cooja/mtype647.a(uiplib.o)
 .data          0x0000000000034378        0x0 build/cooja/mtype647.a(rpl.o)
 .data          0x0000000000034378       0x30 build/cooja/mtype647.a(rpl-icmp6.o)
 .data          0x00000000000343a8        0x0 build/cooja/mtype647.a(rpl-dag-root.o)
 .data          0x00000000000343a8        0x0 build/cooja/mtype647.a(watchdog.o)
 .data          0x00000000000343a8        0x0 build/cooja/mtype647.a(int-master.o)
 .data          0x00000000000343a8       0x10 build/cooja/mtype647.a(coap-timer-defa)
                0x00000000000343a8                coap_timer_process
 .data          0x00000000000343b8        0x0 build/cooja/mtype647.a(stimer.o)
 .data          0x00000000000343b8        0x0 build/cooja/mtype647.a(ringbuf.o)
 .data          0x00000000000343b8        0x0 build/cooja/mtype647.a(assert.o)
 .data          0x00000000000343b8       0x10 build/cooja/mtype647.a(nbr-table.o)
 .data          0x00000000000343c8       0x14 build/cooja/mtype647.a(link-stats.o)
 .data          0x00000000000343dc        0x0 build/cooja/mtype647.a(mac-sequence.o)
 .data          0x00000000000343dc        0x0 build/cooja/mtype647.a(mac.o)
 .data          0x00000000000343dc        0x0 build/cooja/mtype647.a(framer-802154.o)
 .data          0x00000000000343dc        0x2 build/cooja/mtype647.a(frame802154.o)
 .data          0x00000000000343de        0x0 build/cooja/mtype647.a(csma-security.o)
 .data          0x00000000000343de        0x0 build/cooja/mtype647.a(uipbuf.o)
 *fill*         0x00000000000343de        0x2 
 .data          0x00000000000343e0       0x20 build/cooja/mtype647.a(uip-icmp6.o)
 .data          0x0000000000034400       0x10 build/cooja/mtype647.a(uip-sr.o)
 .data          0x0000000000034410        0xc build/cooja/mtype647.a(uip-packetqueue)
 .data          0x000000000003441c        0x0 build/cooja/mtype647.a(rpl-nbr-policy.)
 .data          0x000000000003441c       0x14 build/cooja/mtype647.a(rpl-neighbor.o)
                0x000000000003442c                rpl_neighbors
 .data          0x0000000000034430        0x0 build/cooja/mtype647.a(rpl-dag.o)
 .data          0x0000000000034430        0x0 build/cooja/mtype647.a(rpl-timers.o)
 .data          0x0000000000034430        0x0 build/cooja/mtype647.a(rpl-ext-header.)
 *fill*         0x0000000000034430       0x10 
 .data          0x0000000000034440       0x24 build/cooja/mtype647.a(rpl-mrhof.o)
                0x0000000000034440                rpl_mrhof
 .data          0x0000000000034464        0x0 /usr/lib/gcc/i686-linux-gnu/5/libgcc.a(_udivdi3.o)
 .data          0x0000000000034464        0x0 /usr/lib/gcc/i686-linux-gnu/5/crtendS.o
 .data          0x0000000000034464        0x0 /usr/lib/gcc/i686-linux-gnu/5/../../../i386-linux-gnu/crtn.o

.tm_clone_table
                0x0000000000034464        0x0
 .tm_clone_table
                0x0000000000034464        0x0 /usr/lib/gcc/i686-linux-gnu/5/crtbeginS.o
 .tm_clone_table
                0x0000000000034464        0x0 /usr/lib/gcc/i686-linux-gnu/5/crtendS.o

.data1
 *(.data1)
                0x0000000000034464                _edata = .
                [!provide]                        PROVIDE (edata, .)
                0x0000000000034464                . = .
                0x0000000000034464                __bss_start = .

.bss            0x0000000000034480    0x13e44
 *(.dynbss)
 .dynbss        0x0000000000034480        0x0 /usr/lib/gcc/i686-linux-gnu/5/../../../i386-linux-gnu/crti.o
 *(.bss .bss.* .gnu.linkonce.b.*)
 .bss           0x0000000000034480        0x0 /usr/lib/gcc/i686-linux-gnu/5/../../../i386-linux-gnu/crti.o
 .bss           0x0000000000034480        0x1 /usr/lib/gcc/i686-linux-gnu/5/crtbeginS.o
 *fill*         0x0000000000034481        0x3 
 .bss           0x0000000000034484       0x10 smart-bulb.o
 *fill*         0x0000000000034494        0xc 
 .bss           0x00000000000344a0     0x2030 build/cooja/mtype647.o
 .bss           0x00000000000364d0        0x1 build/cooja/mtype647.a(simEnvChange.o)
                0x00000000000364d0                simDontFallAsleep
 *fill*         0x00000000000364d1        0x3 
 .bss           0x00000000000364d4        0x4 build/cooja/mtype647.a(cooja_mt.o)
 .bss           0x00000000000364d8        0x4 build/cooja/mtype647.a(cooja_mtarch.o)
 .bss           0x00000000000364dc        0x0 build/cooja/mtype647.a(rtimer-arch.o)
 .bss           0x00000000000364dc        0x0 build/cooja/mtype647.a(beep.o)
 .bss           0x00000000000364dc        0x1 build/cooja/mtype647.a(leds-arch.o)
                0x00000000000364dc                simLedsValue
 .bss           0x00000000000364dd        0x0 build/cooja/mtype647.a(moteid.o)
 .bss           0x00000000000364dd        0x1 build/cooja/mtype647.a(pir-sensor.o)
                0x00000000000364dd                simPirValue
 *fill*         0x00000000000364de        0x2 
 .bss           0x00000000000364e0        0x4 build/cooja/mtype647.a(rs232.o)
 .bss           0x00000000000364e4        0x1 build/cooja/mtype647.a(vib-sensor.o)
                0x00000000000364e4                simVibValue
 .bss           0x00000000000364e5        0x0 build/cooja/mtype647.a(clock.o)
 *fill*         0x00000000000364e5       0x1b 
 .bss           0x0000000000036500     0x2020 build/cooja/mtype647.a(cooja-log.o)
 .bss           0x0000000000038520      0xfc0 build/cooja/mtype647.a(cfs-cooja.o)
                0x0000000000038520                simCFSData
                0x00000000000394c0                simCFSSize
                0x00000000000394c4                simCFSChanged
                0x00000000000394c8                simCFSRead
                0x00000000000394cc                simCFSWritten
 .bss           0x00000000000394e0       0x24 build/cooja/mtype647.a(cooja-radio.o)
                0x00000000000394e0                simReceiving
                0x00000000000394e4                simInSize
                0x00000000000394e8                simLastPacketTimestamp
                0x00000000000394f0                simOutSize
 .bss           0x0000000000039504        0xc build/cooja/mtype647.a(eeprom.o)
                0x0000000000039504                simEEPROMChanged
                0x0000000000039508                simEEPROMRead
                0x000000000003950c                simEEPROMWritten
 .bss           0x0000000000039510        0x0 build/cooja/mtype647.a(random.o)
 .bss           0x0000000000039510        0xc build/cooja/mtype647.a(sensors.o)
 .bss           0x000000000003951c        0x0 build/cooja/mtype647.a(leds.o)
 .bss           0x000000000003951c       0x24 build/cooja/mtype647.a(gpio-hal-arch.o)
 .bss           0x0000000000039540        0x0 build/cooja/mtype647.a(buttons.o)
 .bss           0x0000000000039540        0x1 build/cooja/mtype647.a(res-luminosity.)
 *fill*         0x0000000000039541       0x1f 
 .bss           0x0000000000039560      0x190 build/cooja/mtype647.a(coap-engine.o)
 .bss           0x00000000000396f0        0x0 build/cooja/mtype647.a(coap-res-well-k)
 *fill*         0x00000000000396f0       0x10 
 .bss           0x0000000000039700      0x120 build/cooja/mtype647.a(coap-observe.o)
 .bss           0x0000000000039820       0x18 build/cooja/mtype647.a(coap-uip.o)
 .bss           0x0000000000039838        0x5 build/cooja/mtype647.a(coap-timer.o)
 *fill*         0x000000000003983d        0x3 
 .bss           0x0000000000039840      0x334 build/cooja/mtype647.a(coap-transactio)
 .bss           0x0000000000039b74        0x6 build/cooja/mtype647.a(coap.o)
                0x0000000000039b74                coap_status_code
 .bss           0x0000000000039b7a        0x0 build/cooja/mtype647.a(contiki-main.o)
 .bss           0x0000000000039b7a        0x0 build/cooja/mtype647.a(autostart.o)
 *fill*         0x0000000000039b7a        0x2 
 .bss           0x0000000000039b7c        0x5 build/cooja/mtype647.a(ctimer.o)
 *fill*         0x0000000000039b81        0x3 
 .bss           0x0000000000039b84       0x2c build/cooja/mtype647.a(log.o)
                0x0000000000039b84                curr_log_level_rpl
                0x0000000000039b88                curr_log_level_tcpip
                0x0000000000039b8c                curr_log_level_ipv6
                0x0000000000039b90                curr_log_level_6lowpan
                0x0000000000039b94                curr_log_level_nullnet
                0x0000000000039b98                curr_log_level_mac
                0x0000000000039b9c                curr_log_level_framer
                0x0000000000039ba0                curr_log_level_6top
                0x0000000000039ba4                curr_log_level_coap
                0x0000000000039ba8                curr_log_level_snmp
                0x0000000000039bac                curr_log_level_lwm2m
 .bss           0x0000000000039bb0        0x0 build/cooja/mtype647.a(energest.o)
 .bss           0x0000000000039bb0        0x8 build/cooja/mtype647.a(etimer.o)
 .bss           0x0000000000039bb8        0x2 build/cooja/mtype647.a(node-id.o)
                0x0000000000039bb8                node_id
 *fill*         0x0000000000039bba        0x2 
 .bss           0x0000000000039bbc        0x4 build/cooja/mtype647.a(rtimer.o)
 .bss           0x0000000000039bc0      0x1a1 build/cooja/mtype647.a(process.o)
                0x0000000000039bc0                process_list
                0x0000000000039bc4                process_current
 .bss           0x0000000000039d61        0x0 build/cooja/mtype647.a(timer.o)
 .bss           0x0000000000039d61        0x0 build/cooja/mtype647.a(list.o)
 .bss           0x0000000000039d61        0x0 build/cooja/mtype647.a(memb.o)
 *fill*         0x0000000000039d61        0x3 
 .bss           0x0000000000039d64       0x10 build/cooja/mtype647.a(button-hal.o)
 *fill*         0x0000000000039d74        0xc 
 .bss           0x0000000000039d80      0x140 build/cooja/mtype647.a(serial-line.o)
 .bss           0x0000000000039ec0        0x4 build/cooja/mtype647.a(gpio-hal.o)
 *fill*         0x0000000000039ec4       0x1c 
 .bss           0x0000000000039ee0     0x2c80 build/cooja/mtype647.a(queuebuf.o)
 .bss           0x000000000003cb60       0xa0 build/cooja/mtype647.a(packetbuf.o)
 .bss           0x000000000003cc00        0x4 build/cooja/mtype647.a(netstack.o)
 .bss           0x000000000003cc04        0x0 build/cooja/mtype647.a(linkaddr.o)
 .bss           0x000000000003cc04        0x0 build/cooja/mtype647.a(csma.o)
 *fill*         0x000000000003cc04       0x1c 
 .bss           0x000000000003cc20      0x726 build/cooja/mtype647.a(csma-output.o)
 *fill*         0x000000000003d346        0x2 
 .bss           0x000000000003d348       0x30 build/cooja/mtype647.a(uip-ds6.o)
 .bss           0x000000000003d378        0x0 build/cooja/mtype647.a(uip-udp-packet.)
 *fill*         0x000000000003d378        0x8 
 .bss           0x000000000003d380       0x60 build/cooja/mtype647.a(uip-ds6-route.o)
 .bss           0x000000000003d3e0       0x10 build/cooja/mtype647.a(tcpip.o)
 .bss           0x000000000003d3f0        0x8 build/cooja/mtype647.a(uip6.o)
                0x000000000003d3f0                uip_ext_bitmap
                0x000000000003d3f2                uip_ext_len
                0x000000000003d3f4                uip_last_proto
 *fill*         0x000000000003d3f8        0x8 
 .bss           0x000000000003d400     0x1c20 build/cooja/mtype647.a(uip-ds6-nbr.o)
 .bss           0x000000000003f020       0x10 build/cooja/mtype647.a(uip-nd6.o)
 *fill*         0x000000000003f030       0x10 
 .bss           0x000000000003f040      0x724 build/cooja/mtype647.a(sicslowpan.o)
 .bss           0x000000000003f764        0x0 build/cooja/mtype647.a(uiplib.o)
 .bss           0x000000000003f764        0x1 build/cooja/mtype647.a(rpl.o)
 .bss           0x000000000003f765        0x0 build/cooja/mtype647.a(rpl-icmp6.o)
 *fill*         0x000000000003f765        0x3 
 .bss           0x000000000003f768       0x11 build/cooja/mtype647.a(rpl-dag-root.o)
 .bss           0x000000000003f779        0x0 build/cooja/mtype647.a(watchdog.o)
 *fill*         0x000000000003f779        0x3 
 .bss           0x000000000003f77c        0x4 build/cooja/mtype647.a(int-master.o)
 .bss           0x000000000003f780       0x1c build/cooja/mtype647.a(coap-timer-defa)
 .bss           0x000000000003f79c        0x0 build/cooja/mtype647.a(stimer.o)
 .bss           0x000000000003f79c        0x0 build/cooja/mtype647.a(ringbuf.o)
 .bss           0x000000000003f79c        0x0 build/cooja/mtype647.a(assert.o)
 *fill*         0x000000000003f79c        0x4 
 .bss           0x000000000003f7a0     0x1214 build/cooja/mtype647.a(nbr-table.o)
 *fill*         0x00000000000409b4        0xc 
 .bss           0x00000000000409c0      0xe10 build/cooja/mtype647.a(link-stats.o)
 *fill*         0x00000000000417d0       0x10 