Archive member included to satisfy reference by file (symbol)

build/cooja/mtype596.a(simEnvChange.o)
                              build/cooja/mtype596.o (simDontFallAsleep)
build/cooja/mtype596.a(cooja_mt.o)
                              build/cooja/mtype596.o (cooja_mt_start)
build/cooja/mtype596.a(cooja_mtarch.o)
                              build/cooja/mtype596.a(cooja_mt.o) (cooja_mtarch_start)
build/cooja/mtype596.a(rtimer-arch.o)
                              build/cooja/mtype596.o (rtimer_arch_check)
build/cooja/mtype596.a(beep.o)
                              build/cooja/mtype596.o (beep_interface)
build/cooja/mtype596.a(leds-arch.o)
                              build/cooja/mtype596.o (leds_interface)
build/cooja/mtype596.a(moteid.o)
                              build/cooja/mtype596.o (moteid_interface)
build/cooja/mtype596.a(pir-sensor.o)
                              build/cooja/mtype596.o (pir_interface)
build/cooja/mtype596.a(rs232.o)
                              build/cooja/mtype596.o (rs232_interface)
build/cooja/mtype596.a(vib-sensor.o)
                              build/cooja/mtype596.o (vib_interface)
build/cooja/mtype596.a(clock.o)
                              build/cooja/mtype596.o (clock_interface)
build/cooja/mtype596.a(cooja-log.o)
                              build/cooja/mtype596.o (simlog_interface)
build/cooja/mtype596.a(cfs-cooja.o)
                              build/cooja/mtype596.o (cfs_interface)
build/cooja/mtype596.a(cooja-radio.o)
                              build/cooja/mtype596.o (radio_interface)
build/cooja/mtype596.a(eeprom.o)
                              build/cooja/mtype596.o (eeprom_interface)
build/cooja/mtype596.a(random.o)
                              build/cooja/mtype596.a(moteid.o) (random_init)
build/cooja/mtype596.a(sensors.o)
                              build/cooja/mtype596.a(pir-sensor.o) (sensors_changed)
build/cooja/mtype596.a(leds.o)
                              build/cooja/mtype596.a(leds-arch.o) (leds_get)
build/cooja/mtype596.a(gpio-hal-arch.o)
                              build/cooja/mtype596.a(leds-arch.o) (gpio_hal_arch_register_pin_callback)
build/cooja/mtype596.a(buttons.o)
                              build/cooja/mtype596.o (button_interface)
build/cooja/mtype596.a(res-luminosity.)
                              smart-bulb.o (res_luminosity)
build/cooja/mtype596.a(coap-engine.o)
                              smart-bulb.o (coap_activate_resource)
build/cooja/mtype596.a(coap-res-well-k)
                              build/cooja/mtype596.a(coap-engine.o) (res_well_known_core)
build/cooja/mtype596.a(coap-observe.o)
                              build/cooja/mtype596.a(coap-engine.o) (coap_remove_observer_by_mid)
build/cooja/mtype596.a(coap-uip.o)
                              build/cooja/mtype596.a(coap-observe.o) (coap_endpoint_copy)
build/cooja/mtype596.a(coap-timer.o)
                              build/cooja/mtype596.a(coap-engine.o) (coap_timer_set)
build/cooja/mtype596.a(coap-transactio)
                              build/cooja/mtype596.a(coap-engine.o) (coap_send_transaction)
build/cooja/mtype596.a(coap.o)
                              build/cooja/mtype596.a(coap-engine.o) (coap_status_code)
build/cooja/mtype596.a(contiki-main.o)
                              build/cooja/mtype596.o (main)
build/cooja/mtype596.a(autostart.o)
                              build/cooja/mtype596.a(contiki-main.o) (autostart_start)
build/cooja/mtype596.a(ctimer.o)
                              build/cooja/mtype596.a(contiki-main.o) (ctimer_init)
build/cooja/mtype596.a(log.o)
                              build/cooja/mtype596.a(contiki-main.o) (curr_log_level_main)
build/cooja/mtype596.a(energest.o)
                              build/cooja/mtype596.a(contiki-main.o) (energest_init)
build/cooja/mtype596.a(etimer.o)
                              build/cooja/mtype596.a(contiki-main.o) (etimer_process)
build/cooja/mtype596.a(node-id.o)
                              build/cooja/mtype596.a(contiki-main.o) (node_id)
build/cooja/mtype596.a(rtimer.o)
                              build/cooja/mtype596.a(contiki-main.o) (rtimer_init)
build/cooja/mtype596.a(process.o)
                              build/cooja/mtype596.a(ctimer.o) (process_current)
build/cooja/mtype596.a(timer.o)
                              build/cooja/mtype596.a(etimer.o) (timer_set)
build/cooja/mtype596.a(list.o)
                              build/cooja/mtype596.a(coap-engine.o) (list_init)
build/cooja/mtype596.a(memb.o)
                              build/cooja/mtype596.a(coap-observe.o) (memb_alloc)
build/cooja/mtype596.a(button-hal.o)
                              build/cooja/mtype596.o (button_hal_init)
build/cooja/mtype596.a(serial-line.o)
                              build/cooja/mtype596.a(rs232.o) (serial_line_input_byte)
build/cooja/mtype596.a(gpio-hal.o)
                              build/cooja/mtype596.a(button-hal.o) (gpio_hal_register_handler)
[...]
Memory Configuration

Name             Origin             Length             Attributes
*default*        0x0000000000000000 0xffffffffffffffff

Linker script and memory map

LOAD /usr/lib/gcc/i686-linux-gnu/5/../../../i386-linux-gnu/crti.o
LOAD /usr/lib/gcc/i686-linux-gnu/5/crtbeginS.o
LOAD smart-bulb.o
LOAD build/cooja/mtype596.o
LOAD build/cooja/mtype596.a
LOAD /usr/lib/gcc/i686-linux-gnu/5/libgcc.a
LOAD /usr/lib/gcc/i686-linux-gnu/5/libgcc_s.so
LOAD /usr/lib/gcc/i686-linux-gnu/5/../../../i386-linux-gnu/libc.so
START GROUP
LOAD /lib/i386-linux-gnu/libc.so.6
LOAD /usr/lib/i386-linux-gnu/libc_nonshared.a
LOAD /lib/i386-linux-gnu/ld-linux.so.2
END GROUP
LOAD /usr/lib/gcc/i686-linux-gnu/5/libgcc.a
LOAD /usr/lib/gcc/i686-linux-gnu/5/libgcc_s.so
LOAD /usr/lib/gcc/i686-linux-gnu/5/crtendS.o
LOAD /usr/lib/gcc/i686-linux-gnu/5/../../../i386-linux-gnu/crtn.o
                0x0000000000000114                . = (0x0 + SIZEOF_HEADERS)

.note.gnu.build-id
                0x0000000000000114       0x24
 *(.note.gnu.build-id)
 .note.gnu.build-id
                0x0000000000000114       0x24 /usr/lib/gcc/i686-linux-gnu/5/../../../i386-linux-gnu/crti.o

.hash
 *(.hash)

.gnu.hash       0x0000000000000138     0x1580
 *(.gnu.hash)
 .gnu.hash      0x0000000000000138     0x1580 /usr/lib/gcc/i686-linux-gnu/5/../../../i386-linux-gnu/crti.o

.dynsym         0x00000000000016b8     0x2e90
 *(.dynsym)
 .dynsym        0x00000000000016b8     0x2e90 /usr/lib/gcc/i686-linux-gnu/5/../../../i386-linux-gnu/crti.o

.dynstr         0x0000000000004548     0x3636
 *(.dynstr)
 .dynstr        0x0000000000004548     0x3636 /usr/lib/gcc/i686-linux-gnu/5/../../../i386-linux-gnu/crti.o

.gnu.version    0x0000000000007b7e      0x5d2
 *(.gnu.version)
 .gnu.version   0x0000000000007b7e      0x5d2 /usr/lib/gcc/i686-linux-gnu/5/../../../i386-linux-gnu/crti.o

.gnu.version_d  0x0000000000008150        0x0
 *(.gnu.version_d)
 .gnu.version_d
                0x0000000000008150        0x0 /usr/lib/gcc/i686-linux-gnu/5/../../../i386-linux-gnu/crti.o

.gnu.version_r  0x0000000000008150       0x40
 *(.gnu.version_r)
 .gnu.version_r
                0x0000000000008150       0x40 /usr/lib/gcc/i686-linux-gnu/5/../../../i386-linux-gnu/crti.o

.rel.dyn        0x0000000000008190     0x8ff8
 *(.rel.init)
 .rel.init      0x0000000000008190        0x0 /usr/lib/gcc/i686-linux-gnu/5/../../../i386-linux-gnu/crti.o
 *(.rel.text .rel.text.* .rel.gnu.linkonce.t.*)
 .rel.text      0x0000000000008190     0x8640 /usr/lib/gcc/i686-linux-gnu/5/../../../i386-linux-gnu/crti.o
 *(.rel.fini)
 .rel.fini      0x00000000000107d0        0x0 /usr/lib/gcc/i686-linux-gnu/5/../../../i386-linux-gnu/crti.o
 *(.rel.rodata .rel.rodata.* .rel.gnu.linkonce.r.*)
 .rel.rodata    0x00000000000107d0      0x588 /usr/lib/gcc/i686-linux-gnu/5/../../../i386-linux-gnu/crti.o
 *(.rel.data.rel.ro .rel.data.rel.ro.* .rel.gnu.linkonce.d.rel.ro.*)
 *(.rel.data .rel.data.* .rel.gnu.linkonce.d.*)
 .rel.data.rel.local
                0x0000000000010d58        0x8 /usr/lib/gcc/i686-linux-gnu/5/../../../i386-linux-gnu/crti.o
 .rel.data      0x0000000000010d60      0x3f0 /usr/lib/gcc/i686-linux-gnu/5/../../../i386-linux-gnu/crti.o
 *(.rel.tdata .rel.tdata.* .rel.gnu.linkonce.td.*)
 *(.rel.tbss .rel.tbss.* .rel.gnu.linkonce.tb.*)
 *(.rel.ctors)
 *(.rel.dtors)
 *(.rel.got)
 .rel.got       0x0000000000011150       0x28 /usr/lib/gcc/i686-linux-gnu/5/../../../i386-linux-gnu/crti.o
 *(.rel.bss .rel.bss.* .rel.gnu.linkonce.b.*)
 *(.rel.ifunc)
 .rel.ifunc     0x0000000000011178        0x0 /usr/lib/gcc/i686-linux-gnu/5/../../../i386-linux-gnu/crti.o
 .rel.fini_array
                0x0000000000011178        0x8 /usr/lib/gcc/i686-linux-gnu/5/../../../i386-linux-gnu/crti.o
 .rel.init_array
                0x0000000000011180        0x8 /usr/lib/gcc/i686-linux-gnu/5/../../../i386-linux-gnu/crti.o

.rel.plt        0x0000000000011188        0x0
 *(.rel.plt)
 .rel.plt       0x0000000000011188        0x0 /usr/lib/gcc/i686-linux-gnu/5/../../../i386-linux-gnu/crti.o
 *(.rel.iplt)

.init           0x0000000000011188       0x23
 *(SORT(.init))
 .init          0x0000000000011188       0x1e /usr/lib/gcc/i686-linux-gnu/5/../../../i386-linux-gnu/crti.o
                0x0000000000011188                _init
 .init          0x00000000000111a6        0x5 /usr/lib/gcc/i686-linux-gnu/5/../../../i386-linux-gnu/crtn.o

.plt            0x00000000000111b0       0x10
 *(.plt)
 .plt           0x00000000000111b0       0x10 /usr/lib/gcc/i686-linux-gnu/5/../../../i386-linux-gnu/crti.o
 *(.iplt)

.plt.got        0x00000000000111c0       0x10
 *(.plt.got)
 .plt.got       0x00000000000111c0       0x10 /usr/lib/gcc/i686-linux-gnu/5/../../../i386-linux-gnu/crti.o

.text           0x00000000000111d0    0x18332
 *(.text.unlikely .text.*_unlikely .text.unlikely.*)
 .text.unlikely
                0x00000000000111d0        0x0 /usr/lib/gcc/i686-linux-gnu/5/crtbeginS.o
 .text.unlikely
                0x00000000000111d0        0x0 /usr/lib/gcc/i686-linux-gnu/5/libgcc.a(_udivdi3.o)
 *(.text.exit .text.exit.*)
 *(.text.startup .text.startup.*)
 *(.text.hot .text.hot.*)
 *(.text .stub .text.* .gnu.linkonce.t.*)
 .text          0x00000000000111d0        0x0 /usr/lib/gcc/i686-linux-gnu/5/../../../i386-linux-gnu/crti.o
 .gnu.linkonce.t.__x86.get_pc_thunk.bx
                0x00000000000111d0        0x4 /usr/lib/gcc/i686-linux-gnu/5/../../../i386-linux-gnu/crti.o
                0x00000000000111d0                __x86.get_pc_thunk.bx
 *fill*         0x00000000000111d4        0xc 
 .text          0x00000000000111e0      0x11c /usr/lib/gcc/i686-linux-gnu/5/crtbeginS.o
 .text.__x86.get_pc_thunk.dx
                0x00000000000112fc        0x4 /usr/lib/gcc/i686-linux-gnu/5/crtbeginS.o
                0x00000000000112fc                __x86.get_pc_thunk.dx
 .text          0x0000000000011300      0x17d smart-bulb.o
 .text          0x000000000001147d      0x283 build/cooja/mtype596.o
                0x000000000001150f                platform_init_stage_one
                0x0000000000011522                platform_init_stage_two
                0x0000000000011535                platform_init_stage_three
                0x0000000000011548                platform_main_loop
                0x00000000000115bb                Java_org_contikios_cooja_corecomm_Lib4_init
                0x00000000000115f2                Java_org_contikios_cooja_corecomm_Lib4_getMemory
                0x0000000000011625                Java_org_contikios_cooja_corecomm_Lib4_setMemory
                0x0000000000011685                Java_org_contikios_cooja_corecomm_Lib4_tick
                0x00000000000116ed                Java_org_contikios_cooja_corecomm_Lib4_setReferenceAddress
 .text          0x0000000000011700       0x65 build/cooja/mtype596.a(simEnvChange.o)
                0x0000000000011700                doActionsBeforeTick
                0x0000000000011732                doActionsAfterTick
 .text          0x0000000000011765       0x83 build/cooja/mtype596.a(cooja_mt.o)
                0x0000000000011765                cooja_mt_start
                0x000000000001178f                cooja_mt_exec
                0x00000000000117c5                cooja_mt_yield
 .text          0x00000000000117e8       0xbe build/cooja/mtype596.a(cooja_mtarch.o)
                0x00000000000117e8                cooja_mtarch_start
                0x000000000001185b                cooja_sw
                0x000000000001187e                cooja_mtarch_exec
                0x000000000001189b                cooja_mtarch_yield
 .text          0x00000000000118a6       0xc5 build/cooja/mtype596.a(rtimer-arch.o)
                0x00000000000118a6                rtimer_arch_init
                0x00000000000118ca                rtimer_arch_schedule
                0x00000000000118fa                rtimer_arch_next
                0x000000000001190a                rtimer_arch_pending
                0x0000000000011914                rtimer_arch_check
                0x000000000001195b                rtimer_arch_now
 .text          0x000000000001196b       0x81 build/cooja/mtype596.a(beep.o)
                0x000000000001196b                beep_alarm
                0x0000000000011978                beep_beep
                0x0000000000011985                beep
                0x0000000000011992                beep_down
                0x000000000001199f                beep_on
                0x00000000000119ac                beep_off
                0x00000000000119b9                beep_spinup
                0x00000000000119c6                beep_quick
                0x00000000000119d3                beep_long
 .text          0x00000000000119ec       0x65 build/cooja/mtype596.a(leds-arch.o)
                0x00000000000119ff                leds_arch_init
 .text          0x0000000000011a51       0x35 build/cooja/mtype596.a(moteid.o)
 .text          0x0000000000011a86       0xb7 build/cooja/mtype596.a(pir-sensor.o)
 .text          0x0000000000011b3d      0x148 build/cooja/mtype596.a(rs232.o)
                0x0000000000011b3d                rs232_init
                0x0000000000011b43                rs232_set_speed
                0x0000000000011b52                rs232_set_input
                0x0000000000011b60                rs232_send
                0x0000000000011b84                rs232_print
                0x0000000000011ba0                slip_arch_writeb
 .text          0x0000000000011c85       0xb7 build/cooja/mtype596.a(vib-sensor.o)
 .text          0x0000000000011d3c       0x38 build/cooja/mtype596.a(clock.o)
                0x0000000000011d3c                clock_init
                0x0000000000011d42                clock_time
                0x0000000000011d4c                clock_seconds
                0x0000000000011d62                clock_delay
 .text          0x0000000000011d74      0x219 build/cooja/mtype596.a(cooja-log.o)
                0x0000000000011d74                simlog_char
                0x0000000000011db7                simlog
                0x0000000000011e2d                log_message
                0x0000000000011e5e                log_set_putchar_with_slip
                0x0000000000011e6c                log_putchar
                0x0000000000011ee7                log_puts
                0x0000000000011f0f                log_printf
 .text          0x0000000000011f8d      0x2b9 build/cooja/mtype596.a(cfs-cooja.o)
                0x0000000000011f8d                cfs_open
                0x0000000000011ff6                cfs_close
                0x0000000000012003                cfs_read
                0x0000000000012098                cfs_write
                0x0000000000012174                cfs_seek
                0x00000000000121fc                cfs_remove
                0x0000000000012220                cfs_opendir
                0x000000000001222a                cfs_readdir
                0x0000000000012234                cfs_closedir
 .text          0x0000000000012246      0x620 build/cooja/mtype596.a(cooja-radio.o)
                0x0000000000012288                radio_set_channel
                0x0000000000012296                radio_set_txpower
                0x00000000000122ae                radio_signal_strength_last
                0x00000000000122b8                radio_signal_strength_current
                0x00000000000122c2                radio_LQI
 .text          0x0000000000012866       0xee build/cooja/mtype596.a(eeprom.o)
                0x0000000000012866                eeprom_init
                0x000000000001286c                eeprom_read
                0x00000000000128da                eeprom_write
 .text          0x0000000000012954       0x2d build/cooja/mtype596.a(random.o)
                0x0000000000012954                random_init
                0x0000000000012974                random_rand
 .text          0x0000000000012981      0x29c build/cooja/mtype596.a(sensors.o)
                0x00000000000129bc                sensors_first
                0x00000000000129c6                sensors_next
                0x00000000000129e0                sensors_changed
                0x0000000000012a14                sensors_find
 .text          0x0000000000012c1d      0x349 build/cooja/mtype596.a(leds.o)
                0x0000000000012c1d                leds_init
                0x0000000000012c64                leds_single_on
                0x0000000000012cc3                leds_single_off
                0x0000000000012d22                leds_single_toggle
                0x0000000000012d54                leds_on
                0x0000000000012dd6                leds_off
                0x0000000000012e58                leds_toggle
                0x0000000000012ead                leds_set
                0x0000000000012ed9                leds_get
 .text          0x0000000000012f66      0x343 build/cooja/mtype596.a(gpio-hal-arch.o)
                0x0000000000012f66                gpio_hal_arch_register_pin_callback
                0x0000000000012fd2                gpio_hal_arch_init
                0x0000000000013017                gpio_hal_arch_no_port_interrupt_enable
                0x0000000000013047                gpio_hal_arch_no_port_interrupt_disable
                0x0000000000013077                gpio_hal_arch_no_port_pin_cfg_set
                0x000000000001309c                gpio_hal_arch_no_port_pin_cfg_get
                0x00000000000130c2                gpio_hal_arch_no_port_pin_set_input
                0x00000000000130d4                gpio_hal_arch_no_port_pin_set_output
                0x00000000000130e6                gpio_hal_arch_no_port_set_pin
                0x0000000000013107                gpio_hal_arch_no_port_clear_pin
                0x0000000000013128                gpio_hal_arch_no_port_read_pin
                0x000000000001314e                gpio_hal_arch_no_port_write_pin
                0x0000000000013178                gpio_hal_arch_no_port_set_pins
                0x00000000000131bf                gpio_hal_arch_no_port_clear_pins
                0x0000000000013206                gpio_hal_arch_no_port_read_pins
                0x0000000000013249                gpio_hal_arch_no_port_write_pins
 .text          0x00000000000132a9       0x89 build/cooja/mtype596.a(buttons.o)
 .text          0x0000000000013332      0x37c build/cooja/mtype596.a(res-luminosity.)
 .text          0x00000000000136ae      0xbea build/cooja/mtype596.a(coap-engine.o)
                0x0000000000013743                coap_add_handler
                0x0000000000013760                coap_remove_handler
                0x000000000001377d                coap_call_handlers
                0x0000000000013885                coap_receive
                0x0000000000013e80                coap_engine_init
                0x0000000000013ede                coap_activate_resource
                0x0000000000013f89                coap_get_first_resource
                0x0000000000013fa2                coap_get_next_resource
 .text          0x0000000000014298      0x2d9 build/cooja/mtype596.a(coap-res-well-k)
 .text          0x0000000000014571      0x96a build/cooja/mtype596.a(coap-observe.o)
                0x0000000000014686                coap_remove_observer
                0x00000000000146b6                coap_remove_observer_by_client
                0x000000000001471e                coap_remove_observer_by_token
                0x00000000000147b1                coap_remove_observer_by_uri
                0x0000000000014858                coap_remove_observer_by_mid
                0x00000000000148d4                coap_notify_observers
                0x00000000000148ed                coap_notify_observers_sub
                0x0000000000014d57                coap_observe_handler
                0x0000000000014e72                coap_has_observers
 .text          0x0000000000014edb      0x733 build/cooja/mtype596.a(coap-uip.o)
                0x0000000000014edb                coap_endpoint_log
                0x0000000000014f61                coap_endpoint_print
                0x0000000000014fe7                coap_endpoint_snprint
                0x000000000001511a                coap_endpoint_copy
                0x0000000000015157                coap_endpoint_cmp
                0x0000000000015265                coap_endpoint_parse
                0x0000000000015450                coap_endpoint_is_secure
                0x000000000001545f                coap_endpoint_is_connected
                0x0000000000015493                coap_endpoint_connect
                0x00000000000154af                coap_endpoint_disconnect
                0x00000000000154b5                coap_databuf
                0x00000000000154bf                coap_transport_init
                0x000000000001550f                coap_sendto
 .text          0x000000000001560e      0x324 build/cooja/mtype596.a(coap-timer.o)
                0x000000000001570b                coap_timer_stop
                0x0000000000015736                coap_timer_set
                0x0000000000015779                coap_timer_reset
                0x00000000000157bc                coap_timer_time_to_next_expiration
                0x0000000000015828                coap_timer_run
                0x00000000000158f4                coap_timer_init
 .text          0x0000000000015932      0x2c6 build/cooja/mtype596.a(coap-transactio)
                0x0000000000015998                coap_new_transaction
                0x00000000000159fe                coap_send_transaction
                0x0000000000015b5f                coap_clear_transaction
                0x0000000000015ba7                coap_get_transaction_by_mid
 .text          0x0000000000015bf8     0x1c53 build/cooja/mtype596.a(coap.o)
                0x0000000000016165                coap_init_connection
                0x0000000000016179                coap_get_mid
                0x0000000000016195                coap_init_message
                0x00000000000161de                coap_serialize_message
                0x0000000000016860                coap_parse_message
                0x0000000000016ec7                coap_get_query_variable
                0x0000000000016f09                coap_get_post_variable
                0x0000000000016f4d                coap_set_status_code
                0x0000000000016f72                coap_set_token
                0x0000000000016fb9                coap_get_header_content_format
                0x0000000000016fea                coap_set_header_content_format
                0x000000000001700d                coap_get_header_accept
                0x000000000001703e                coap_set_header_accept
                0x0000000000017061                coap_get_header_max_age
                0x0000000000017092                coap_set_header_max_age
                0x00000000000170b2                coap_get_header_etag
                0x00000000000170e4                coap_set_header_etag
                0x000000000001713b                coap_get_header_if_match
                0x000000000001716d                coap_set_header_if_match
                0x00000000000171c4                coap_get_header_if_none_match
                0x00000000000171de                coap_set_header_if_none_match
                0x00000000000171f5                coap_get_header_proxy_uri
                0x0000000000017223                coap_set_header_proxy_uri
                0x0000000000017260                coap_get_header_uri_host
                0x000000000001728e                coap_set_header_uri_host
                0x00000000000172cb                coap_get_header_uri_path
                0x00000000000172f9                coap_set_header_uri_path
                0x0000000000017346                coap_get_header_uri_query
                0x000000000001737a                coap_set_header_uri_query
                0x00000000000173d0                coap_get_header_location_path
                0x00000000000173fe                coap_set_header_location_path
                0x0000000000017497                coap_get_header_location_query
                0x00000000000174c5                coap_set_header_location_query
                0x0000000000017512                coap_get_header_observe
                0x0000000000017541                coap_set_header_observe
                0x0000000000017561                coap_get_header_block2
                0x00000000000175cd                coap_set_header_block2
                0x0000000000017644                coap_get_header_block1
                0x00000000000176b9                coap_set_header_block1
                0x0000000000017734                coap_get_header_size2
                0x0000000000017764                coap_set_header_size2
                0x0000000000017787                coap_get_header_size1
                0x00000000000177b7                coap_set_header_size1
                0x00000000000177da                coap_get_payload
                0x0000000000017814                coap_set_payload
 .text          0x000000000001784b      0x332 build/cooja/mtype596.a(contiki-main.o)
                0x000000000001784b                main
 .text          0x0000000000017b7d       0x92 build/cooja/mtype596.a(autostart.o)
                0x0000000000017b7d                autostart_start
                0x0000000000017bc7                autostart_exit
 .text          0x0000000000017c0f      0x355 build/cooja/mtype596.a(ctimer.o)
                0x0000000000017d37                ctimer_init
                0x0000000000017d6a                ctimer_set
                0x0000000000017d90                ctimer_set_with_process
                0x0000000000017e0d                ctimer_reset
                0x0000000000017e61                ctimer_restart
                0x0000000000017eb5                ctimer_stop
                0x0000000000017f05                ctimer_expired
 .text          0x0000000000017f64      0x394 build/cooja/mtype596.a(log.o)
                0x0000000000017f64                log_6addr
                0x0000000000017fb7                log_6addr_compact_snprint
                0x0000000000018055                log_6addr_compact
                0x00000000000180a8                log_lladdr
                0x000000000001811a                log_lladdr_compact
                0x0000000000018182                log_set_level
                0x000000000001823d                log_get_level
                0x00000000000182b6                log_level_to_str
 .text          0x00000000000182f8       0x1b build/cooja/mtype596.a(energest.o)
                0x00000000000182f8                energest_init
                0x00000000000182fe                energest_flush
                0x0000000000018304                energest_get_total_time
 .text          0x0000000000018313      0x43f build/cooja/mtype596.a(etimer.o)
                0x0000000000018537                etimer_request_poll
                0x00000000000185c0                etimer_set
                0x00000000000185e9                etimer_reset_with_new_interval
                0x0000000000018618                etimer_reset
                0x000000000001863e                etimer_restart
                0x0000000000018664                etimer_adjust
                0x0000000000018681                etimer_expired
                0x0000000000018694                etimer_expiration_time
                0x00000000000186a6                etimer_start_time
                0x00000000000186b0                etimer_pending
                0x00000000000186c2                etimer_next_expiration_time
                0x00000000000186dc                etimer_stop
 .text          0x0000000000018752       0x25 build/cooja/mtype596.a(node-id.o)
                0x0000000000018752                node_id_init
 .text          0x0000000000018777       0xeb build/cooja/mtype596.a(rtimer.o)
                0x0000000000018777                rtimer_init
                0x0000000000018785                rtimer_set
                0x0000000000018800                rtimer_run_next
 .text          0x0000000000018862      0x4fb build/cooja/mtype596.a(process.o)
                0x0000000000018862                process_alloc_event
                0x0000000000018877                process_start
                0x0000000000018a51                process_exit
                0x0000000000018a6e                process_init
                0x0000000000018c03                process_run
                0x0000000000018c36                process_nevents
                0x0000000000018c51                process_post
                0x0000000000018ce4                process_post_synch
                0x0000000000018d19                process_poll
                0x0000000000018d49                process_is_running
 .text          0x0000000000018d5d       0xb1 build/cooja/mtype596.a(timer.o)
                0x0000000000018d5d                timer_set
                0x0000000000018d7b                timer_reset
                0x0000000000018da8                timer_restart
                0x0000000000018dbd                timer_expired
                0x0000000000018dea                timer_remaining
 .text          0x0000000000018e0e      0x28f build/cooja/mtype596.a(list.o)
                0x0000000000018e0e                list_init
                0x0000000000018e1d                list_head
                0x0000000000018e27                list_copy
                0x0000000000018e37                list_tail
                0x0000000000018e6d                list_add
                0x0000000000018eb9                list_push
                0x0000000000018ee5                list_chop
                0x0000000000018f4f                list_pop
                0x0000000000018f77                list_remove
                0x0000000000018fdf                list_length
                0x000000000001900d                list_insert
                0x0000000000019052                list_item_next
                0x0000000000019069                list_contains
 .text          0x000000000001909d      0x1b5 build/cooja/mtype596.a(memb.o)
                0x000000000001909d                memb_init
                0x00000000000190f2                memb_alloc
                0x0000000000019155                memb_free
                0x00000000000191cc                memb_inmemb
                0x000000000001920b                memb_numfree
 .text          0x0000000000019252      0x41c build/cooja/mtype596.a(button-hal.o)
                0x00000000000193cb                button_hal_get_by_id
                0x0000000000019409                button_hal_get_by_index
                0x0000000000019435                button_hal_get_state
                0x0000000000019487                button_hal_init
 .text          0x000000000001966e      0x1f3 build/cooja/mtype596.a(serial-line.o)
                0x000000000001966e                serial_line_input_byte
                0x000000000001982c                serial_line_init
 .text          0x0000000000019861      0x168 build/cooja/mtype596.a(gpio-hal.o)
                0x0000000000019861                gpio_hal_register_handler
                0x000000000001987e                gpio_hal_event_handler
                0x00000000000198da                gpio_hal_init
                0x00000000000198f9                gpio_hal_arch_port_toggle_pin
                0x0000000000019935                gpio_hal_arch_port_toggle_pins
                0x0000000000019963                gpio_hal_arch_no_port_toggle_pin
                0x00000000000199a1                gpio_hal_arch_no_port_toggle_pins
 .text          0x00000000000199c9      0x2e7 build/cooja/mtype596.a(queuebuf.o)
                0x00000000000199d3                queuebuf_init
                0x00000000000199fc                queuebuf_numfree
                0x0000000000019a14                queuebuf_new_from_packetbuf
                0x0000000000019ab3                queuebuf_update_attr_from_packetbuf
                0x0000000000019ae8                queuebuf_update_from_packetbuf
                0x0000000000019b38                queuebuf_free
                0x0000000000019b81                queuebuf_to_packetbuf
                0x0000000000019bed                queuebuf_dataptr
                0x0000000000019c27                queuebuf_datalen
                0x0000000000019c4a                queuebuf_addr
                0x0000000000019c7f                queuebuf_attr
                0x0000000000019caa                queuebuf_debug_print
 .text          0x0000000000019cb0      0x407 build/cooja/mtype596.a(packetbuf.o)
                0x0000000000019cb0                packetbuf_clear
                0x0000000000019cdb                packetbuf_copyfrom
                0x0000000000019d2a                packetbuf_copyto
                0x0000000000019dbd                packetbuf_hdralloc
                0x0000000000019e39                packetbuf_hdrreduce
                0x0000000000019e7f                packetbuf_set_datalen
                0x0000000000019e99                packetbuf_dataptr
                0x0000000000019eb6                packetbuf_hdrptr
                0x0000000000019ec0                packetbuf_datalen
                0x0000000000019ecc                packetbuf_hdrlen
                0x0000000000019ee3                packetbuf_totlen
                0x0000000000019ef9                packetbuf_remaininglen
                0x0000000000019f0c                packetbuf_attr_clear
                0x0000000000019f58                packetbuf_attr_copyto
                0x0000000000019fb0                packetbuf_attr_copyfrom
                0x000000000001a008                packetbuf_set_attr
                0x000000000001a032                packetbuf_attr
                0x000000000001a04c                packetbuf_set_addr
                0x000000000001a07d                packetbuf_addr
                0x000000000001a09a                packetbuf_holds_broadcast
 .text          0x000000000001a0b7       0xef build/cooja/mtype596.a(netstack.o)
                0x000000000001a0b7                netstack_process_ip_callback
                0x000000000001a148                netstack_ip_packet_processor_add
                0x000000000001a16b                uip_ds6_ip_packet_processor_rm
                0x000000000001a188                netstack_init
 .text          0x000000000001a1a6       0x4f build/cooja/mtype596.a(linkaddr.o)
                0x000000000001a1a6                linkaddr_copy
                0x000000000001a1bc                linkaddr_cmp
                0x000000000001a1df                linkaddr_set_node_addr
 .text          0x000000000001a1f5      0x1f6 build/cooja/mtype596.a(csma.o)
 .text          0x000000000001a3eb      0x95d build/cooja/mtype596.a(csma-output.o)
                0x000000000001aa82                csma_output_packet
                0x000000000001ad0f                csma_output_init
 .text          0x000000000001ad48      0xc11 build/cooja/mtype596.a(uip-ds6.o)
                0x000000000001ad48                uip_ds6_default_prefix
                0x000000000001ad52                uip_ds6_set_default_prefix
                0x000000000001ad7d                uip_ds6_init
                0x000000000001afdf                uip_ds6_periodic
                0x000000000001b066                uip_ds6_list_loop
                0x000000000001b126                uip_ds6_prefix_add
                0x000000000001b1d2                uip_ds6_prefix_rm
                0x000000000001b1e5                uip_ds6_prefix_lookup
                0x000000000001b224                uip_ds6_is_addr_onlink
                0x000000000001b297                uip_ds6_addr_add
                0x000000000001b3b7                uip_ds6_addr_rm
                0x000000000001b460                uip_ds6_addr_lookup
                0x000000000001b499                uip_ds6_get_link_local
                0x000000000001b51a                uip_ds6_get_global
                0x000000000001b59b                uip_ds6_maddr_add
                0x000000000001b5fb                uip_ds6_maddr_rm
                0x000000000001b60e                uip_ds6_maddr_lookup
                0x000000000001b647                uip_ds6_aaddr_add
                0x000000000001b6a7                uip_ds6_aaddr_rm
                0x000000000001b6ba                uip_ds6_aaddr_lookup
                0x000000000001b6f3                uip_ds6_select_src
                0x000000000001b83c                uip_ds6_set_addr_iid
                0x000000000001b867                uip_ds6_set_lladdr_from_iid
                0x000000000001b890                get_match_length
                0x000000000001b921                uip_ds6_compute_reachable_time
 .text          0x000000000001b959      0x128 build/cooja/mtype596.a(uip-udp-packet.)
                0x000000000001b959                uip_udp_packet_send
                0x000000000001b9b4                uip_udp_packet_sendto
 .text          0x000000000001ba81      0x35b build/cooja/mtype596.a(uip-ds6-route.o)
                0x000000000001bad2                uip_ds6_route_init
                0x000000000001bafc                uip_ds6_route_nexthop
                0x000000000001bb06                uip_ds6_route_head
                0x000000000001bb10                uip_ds6_route_next
                0x000000000001bb1a                uip_ds6_route_is_nexthop
                0x000000000001bb24                uip_ds6_route_num_routes
                0x000000000001bb2e                uip_ds6_route_lookup
                0x000000000001bb38                uip_ds6_route_add
                0x000000000001bb4b                uip_ds6_route_rm
                0x000000000001bb51                uip_ds6_route_rm_by_nexthop
                0x000000000001bb57                uip_ds6_defrt_head
                0x000000000001bb70                uip_ds6_defrt_add
                0x000000000001bc1e                uip_ds6_defrt_rm
                0x000000000001bc84                uip_ds6_defrt_lookup
                0x000000000001bceb                uip_ds6_defrt_choose
                0x000000000001bd61                uip_ds6_defrt_periodic
 .text          0x000000000001bddc      0x6f7 build/cooja/mtype596.a(tcpip.o)
                0x000000000001bdf6                tcpip_output
                0x000000000001be75                udp_attach
                0x000000000001be8d                udp_new
                0x000000000001bed7                udp_broadcast_new
                0x000000000001c049                tcpip_input
                0x000000000001c1d9                tcpip_ipv6_output
                0x000000000001c3cd                tcpip_poll_udp
                0x000000000001c3eb                tcpip_uipcall
 .text          0x000000000001c4d3     0x1205 build/cooja/mtype596.a(uip6.o)
                0x000000000001c582                uip_chksum
                0x000000000001c659                uip_icmp6chksum
                0x000000000001c66e                uip_udpchksum
                0x000000000001c683                uip_init
                0x000000000001c6cc                uip_remove_ext_hdr
                0x000000000001c7a6                uip_udp_new
                0x000000000001caba                uip_process
                0x000000000001d5b2                uip_htons
                0x000000000001d5d4                uip_htonl
                0x000000000001d612                uip_send
 .text          0x000000000001d6d8      0x369 build/cooja/mtype596.a(uip-ds6-nbr.o)
                0x000000000001d6d8                uip_ds6_neighbors_init
                0x000000000001d6fc                uip_ds6_nbr_add
                0x000000000001d782                uip_ds6_nbr_rm
                0x000000000001d7cd                uip_ds6_nbr_update_ll
                0x000000000001d8bb                uip_ds6_nbr_get_ipaddr
                0x000000000001d8d0                uip_ds6_nbr_get_ll
                0x000000000001d8ec                uip_ds6_nbr_num
                0x000000000001d935                uip_ds6_nbr_head
                0x000000000001d94e                uip_ds6_nbr_next
                0x000000000001d96a                uip_ds6_nbr_lookup
                0x000000000001d9c2                uip_ds6_nbr_ll_lookup
                0x000000000001d9de                uip_ds6_nbr_ipaddr_from_lladdr
                0x000000000001da07                uip_ds6_nbr_lladdr_from_ipaddr
                0x000000000001da3b                uip_ds6_link_callback
 .text          0x000000000001da41      0x6a7 build/cooja/mtype596.a(uip-nd6.o)
                0x000000000001e0cf                uip_nd6_init
 .text          0x000000000001e0e8     0x2c17 build/cooja/mtype596.a(sicslowpan.o)
                0x000000000001e6ef                netstack_sniffer_add
                0x000000000001e6fd                netstack_sniffer_remove
                0x0000000000020cd3                sicslowpan_init
                0x0000000000020cf5                sicslowpan_get_last_rssi
 .text          0x0000000000020cff      0x4d1 build/cooja/mtype596.a(uiplib.o)
                0x0000000000020cff                uiplib_ip6addrconv
                0x0000000000020eb7                uiplib_ip4addrconv
                0x0000000000020f7a                uiplib_ipaddr_print
                0x0000000000020fcd                uiplib_ipaddr_snprint
 .text          0x00000000000211d0      0x4c9 build/cooja/mtype596.a(rpl.o)
                0x00000000000211d0                rpl_lollipop_greater_than
                0x000000000002122a                rpl_get_global_address
                0x0000000000021322                rpl_link_callback
                0x0000000000021366                rpl_has_joined
                0x000000000002138b                rpl_is_reachable
                0x000000000002140c                rpl_reset_prefix
                0x0000000000021476                rpl_set_prefix_from_addr
                0x000000000002155b                rpl_set_prefix
                0x0000000000021675                rpl_set_leaf_only
                0x000000000002168d                rpl_get_leaf_only
 .text          0x0000000000021699     0x138c build/cooja/mtype596.a(rpl-icmp6.o)
                0x00000000000217be                rpl_icmp6_update_nbr_table
                0x0000000000021847                rpl_icmp6_dis_output
                0x0000000000021e8d                rpl_icmp6_dio_output
                0x000000000002268b                rpl_icmp6_dao_output
                0x000000000002296c                rpl_icmp6_dao_ack_output
                0x00000000000229dc                rpl_icmp6_init
 .text          0x0000000000022a25      0x264 build/cooja/mtype596.a(rpl-dag-root.o)
                0x0000000000022a25                rpl_dag_root_print_links
                0x0000000000022b51                rpl_dag_root_set_prefix
                0x0000000000022b7d                rpl_dag_root_start
                0x0000000000022c5a                rpl_dag_root_is_root
 .text          0x0000000000022c89       0x30 build/cooja/mtype596.a(watchdog.o)
                0x0000000000022c89                watchdog_init
                0x0000000000022c8f                watchdog_start
                0x0000000000022c95                watchdog_periodic
                0x0000000000022cad                watchdog_stop
                0x0000000000022cb3                watchdog_reboot
 .text          0x0000000000022cb9       0x4a build/cooja/mtype596.a(int-master.o)
                0x0000000000022cb9                int_master_enable
                0x0000000000022cc9                int_master_read_and_disable
                0x0000000000022ce6                int_master_status_set
                0x0000000000022cf4                int_master_is_enabled
 .text          0x0000000000022d03      0x226 build/cooja/mtype596.a(coap-timer-defa)
 .text          0x0000000000022f29       0xc7 build/cooja/mtype596.a(stimer.o)
                0x0000000000022f29                stimer_set
                0x0000000000022f47                stimer_reset
                0x0000000000022f74                stimer_restart
                0x0000000000022f89                stimer_expired
                0x0000000000022fb4                stimer_remaining
                0x0000000000022fd8                stimer_elapsed
 .text          0x0000000000022ff0      0x156 build/cooja/mtype596.a(ringbuf.o)
                0x0000000000022ff0                ringbuf_init
                0x0000000000023022                ringbuf_put
                0x00000000000230a0                ringbuf_get
                0x000000000002310d                ringbuf_size
                0x000000000002311f                ringbuf_elements
 .text          0x0000000000023146       0x1f build/cooja/mtype596.a(assert.o)
                0x0000000000023146                _xassert
 .text          0x0000000000023165      0x79b build/cooja/mtype596.a(nbr-table.o)
                0x00000000000235de                nbr_table_register
                0x000000000002364b                nbr_table_is_registered
                0x0000000000023686                nbr_table_head
                0x00000000000236e1                nbr_table_next
                0x0000000000023742                nbr_table_add_lladdr
                0x000000000002381c                nbr_table_get_from_lladdr
                0x0000000000023868                nbr_table_remove
                0x00000000000238a0                nbr_table_lock
                0x00000000000238ba                nbr_table_unlock
                0x00000000000238d4                nbr_table_get_lladdr
 .text          0x0000000000023900      0x3a5 build/cooja/mtype596.a(link-stats.o)
                0x0000000000023900                link_stats_from_lladdr
                0x000000000002391c                link_stats_get_lladdr
                0x0000000000023938                link_stats_is_fresh
                0x0000000000023974                guess_etx_from_rssi
                0x00000000000239f0                link_stats_packet_sent
                0x0000000000023b10                link_stats_input_callback
                0x0000000000023c20                link_stats_reset
                0x0000000000023c70                link_stats_init
 .text          0x0000000000023ca5      0x187 build/cooja/mtype596.a(mac-sequence.o)
                0x0000000000023ca5                mac_sequence_is_duplicate
                0x0000000000023d45                mac_sequence_register_seqno
 .text          0x0000000000023e2c       0x23 build/cooja/mtype596.a(mac.o)
                0x0000000000023e2c                mac_call_sent_callback
 .text          0x0000000000023e4f      0x432 build/cooja/mtype596.a(framer-802154.o)
                0x0000000000023fde                framer_802154_setup_params
 .text          0x0000000000024281      0xb6f build/cooja/mtype596.a(frame802154.o)
                0x00000000000242b2                frame802154_get_pan_id
                0x00000000000242be                frame802154_set_pan_id
                0x00000000000242d8                frame802154_has_panid
                0x0000000000024487                frame802154_check_dest_panid
                0x000000000002450f                frame802154_is_broadcast_addr
                0x000000000002455c                frame802154_extract_linkaddr
                0x00000000000247c1                frame802154_hdrlen
                0x0000000000024834                frame802154_create_fcf
                0x00000000000248ec                frame802154_create
                0x0000000000024a61                frame802154_parse_fcf
                0x0000000000024b43                frame802154_parse
 .text          0x0000000000024df0       0x2d build/cooja/mtype596.a(csma-security.o)
                0x0000000000024df0                csma_security_create_frame
                0x0000000000024e0e                csma_security_parse_frame
 .text          0x0000000000024e1d      0x4e4 build/cooja/mtype596.a(uipbuf.o)
                0x0000000000024e1d                uipbuf_clear
                0x0000000000024e44                uipbuf_add_ext_hdr
                0x0000000000024ec4                uipbuf_set_len
                0x0000000000024ef1                uipbuf_set_len_field
                0x0000000000024f1d                uipbuf_get_len_field
                0x0000000000024f3d                uipbuf_get_next_header
                0x000000000002506f                uipbuf_get_last_header
                0x00000000000250e8                uipbuf_search_header
                0x000000000002519e                uipbuf_get_attr
                0x00000000000251c5                uipbuf_set_attr
                0x00000000000251fc                uipbuf_set_default_attr
                0x0000000000025233                uipbuf_clear_attr
                0x0000000000025257                uipbuf_set_attr_flag
                0x0000000000025278                uipbuf_clr_attr_flag
                0x000000000002529f                uipbuf_is_attr_flag
                0x00000000000252c3                uipbuf_init
 .text          0x0000000000025301      0x73f build/cooja/mtype596.a(uip-icmp6.o)
                0x0000000000025376                uip_icmp6_input
                0x00000000000253cd                uip_icmp6_register_input_handler
                0x0000000000025520                uip_icmp6_error_output
                0x00000000000257d1                uip_icmp6_send
                0x00000000000259c8                uip_icmp6_echo_reply_callback_add
                0x00000000000259fa                uip_icmp6_echo_reply_callback_rm
                0x0000000000025a17                uip_icmp6_init
 .text          0x0000000000025a40      0x69b build/cooja/mtype596.a(uip-sr.o)
                0x0000000000025a40                uip_sr_num_nodes
                0x0000000000025ace                uip_sr_get_node
                0x0000000000025b25                uip_sr_is_addr_reachable
                0x0000000000025bd3                uip_sr_expire_parent
                0x0000000000025c1c                uip_sr_update_node
                0x0000000000025d4c                uip_sr_init
                0x0000000000025d80                uip_sr_node_head
                0x0000000000025d99                uip_sr_node_next
                0x0000000000025daf                uip_sr_periodic
                0x0000000000025eb5                uip_sr_free_all
                0x0000000000025f25                uip_sr_link_snprint
 .text          0x00000000000260db      0x146 build/cooja/mtype596.a(uip-packetqueue)
                0x0000000000026109                uip_packetqueue_new
                0x0000000000026118                uip_packetqueue_alloc
                0x0000000000026173                uip_packetqueue_free
                0x00000000000261ba                uip_packetqueue_buf
                0x00000000000261d7                uip_packetqueue_buflen
                0x00000000000261f8                uip_packetqueue_set_buflen
 .text          0x0000000000026221      0x1b0 build/cooja/mtype596.a(rpl-nbr-policy.)
                0x000000000002638e                rpl_nbr_policy_find_removable
 .text          0x00000000000263d1      0x915 build/cooja/mtype596.a(rpl-neighbor.o)
                0x000000000002644d                rpl_neighbor_snprint
                0x0000000000026700                rpl_neighbor_print_list
                0x00000000000267b5                rpl_neighbor_count
                0x000000000002685c                rpl_neighbor_get_from_lladdr
                0x0000000000026878                rpl_neighbor_is_acceptable_parent
                0x00000000000268ac                rpl_neighbor_get_link_metric
                0x00000000000268e0                rpl_neighbor_rank_via_nbr
                0x0000000000026914                rpl_neighbor_get_lladdr
                0x0000000000026930                rpl_neighbor_get_ipaddr
                0x0000000000026957                rpl_neighbor_get_link_stats
                0x000000000002697e                rpl_neighbor_is_fresh
                0x00000000000269a5                rpl_neighbor_is_reachable
                0x00000000000269f0                rpl_neighbor_is_parent
                0x0000000000026a1a                rpl_neighbor_set_preferred_parent
                0x0000000000026ab1                rpl_neighbor_remove_all
                0x0000000000026b0d                rpl_neighbor_get_from_ipaddr
                0x0000000000026c1b                rpl_neighbor_select_best
                0x0000000000026cc7                rpl_neighbor_init
 .text          0x0000000000026ce6      0xe69 build/cooja/mtype596.a(rpl-dag.o)
                0x0000000000026ce6                rpl_dag_state_to_str
                0x0000000000026d25                rpl_dag_get_root_ipaddr
                0x0000000000026d6d                rpl_dag_leave
                0x0000000000026df6                rpl_dag_poison_and_leave
                0x0000000000026e0e                rpl_dag_periodic
                0x0000000000026e96                rpl_is_addr_in_our_dag
                0x0000000000026eda                rpl_get_default_instance
                0x0000000000026ef6                rpl_get_any_dag
                0x0000000000026f4f                rpl_refresh_routes
                0x0000000000026f8f                rpl_global_repair
                0x0000000000027028                rpl_local_repair
                0x0000000000027072                rpl_dag_ready_to_advertise
                0x00000000000270b5                rpl_dag_update_state
                0x00000000000277e2                rpl_process_dio
                0x0000000000027860                rpl_process_dis
                0x00000000000278a5                rpl_process_dao
                0x0000000000027934                rpl_process_dao_ack
                0x00000000000279cb                rpl_process_hbh
                0x0000000000027a1b                rpl_dag_init_root
                0x0000000000027b2f                rpl_dag_init
 .text          0x0000000000027b4f      0x9e7 build/cooja/mtype596.a(rpl-timers.o)
                0x0000000000027b4f                rpl_timers_schedule_periodic_dis
                0x0000000000027c9d                rpl_timers_dio_reset
                0x0000000000027dab                rpl_timers_schedule_unicast_dio
                0x0000000000027eff                rpl_timers_schedule_dao
                0x0000000000027fbe                rpl_timers_schedule_dao_ack
                0x0000000000028044                rpl_timers_notify_dao_ack
                0x00000000000280a2                get_probing_delay
                0x00000000000280d6                get_probing_target
                0x00000000000282c0                rpl_schedule_probing
                0x00000000000282ee                rpl_schedule_probing_now
                0x0000000000028358                rpl_timers_unschedule_leaving
                0x0000000000028390                rpl_timers_schedule_leaving
                0x00000000000283d1                rpl_timers_init
                0x0000000000028461                rpl_timers_stop_dag_timers
                0x00000000000284da                rpl_timers_unschedule_state_update
                0x00000000000284fe                rpl_timers_schedule_state_update
 .text          0x0000000000028536      0xb8e build/cooja/mtype596.a(rpl-ext-header.)
                0x0000000000028536                rpl_ext_header_srh_get_next_hop
                0x000000000002861d                rpl_ext_header_srh_update
                0x0000000000028b89                rpl_ext_header_hbh_update
                0x0000000000028e89                rpl_ext_header_update
                0x0000000000028f12                rpl_ext_header_remove
 .text          0x00000000000290c4      0x31b build/cooja/mtype596.a(rpl-mrhof.o)
 *fill*         0x00000000000293df        0x1 
 .text          0x00000000000293e0      0x122 /usr/lib/gcc/i686-linux-gnu/5/libgcc.a(_udivdi3.o)
                0x00000000000293e0                __udivdi3
 .text          0x0000000000029502        0x0 /usr/lib/gcc/i686-linux-gnu/5/crtendS.o
 .text          0x0000000000029502        0x0 /usr/lib/gcc/i686-linux-gnu/5/../../../i386-linux-gnu/crtn.o
 *(.gnu.warning)

.fini           0x0000000000029504       0x14
 *(SORT(.fini))
 .fini          0x0000000000029504        0xf /usr/lib/gcc/i686-linux-gnu/5/../../../i386-linux-gnu/crti.o
                0x0000000000029504                _fini
 .fini          0x0000000000029513        0x5 /usr/lib/gcc/i686-linux-gnu/5/../../../i386-linux-gnu/crtn.o
                [!provide]                        PROVIDE (__etext, .)
                [!provide]                        PROVIDE (_etext, .)
                [!provide]                        PROVIDE (etext, .)

.rodata         0x0000000000029520      0xa8b
 *(.rodata .rodata.* .gnu.linkonce.r.*)
 .rodata        0x0000000000029520       0x84 smart-bulb.o
                0x000000000002952c                autostart_processes
 .rodata        0x00000000000295a4        0x8 build/cooja/mtype596.a(beep.o)
                0x00000000000295a4                beep_interface
 .rodata        0x00000000000295ac        0xe build/cooja/mtype596.a(leds-arch.o)
                0x00000000000295ac                leds_interface
                0x00000000000295b4                leds_arch_leds
 *fill*         0x00000000000295ba        0x2 
 .rodata        0x00000000000295bc        0x8 build/cooja/mtype596.a(moteid.o)
                0x00000000000295bc                moteid_interface
 .rodata        0x00000000000295c4       0x1c build/cooja/mtype596.a(pir-sensor.o)
                0x00000000000295c4                pir_interface
                0x00000000000295d0                pir_sensor
 .rodata        0x00000000000295e0        0xe build/cooja/mtype596.a(rs232.o)
                0x00000000000295e0                rs232_interface
 *fill*         0x00000000000295ee        0x2 
 .rodata        0x00000000000295f0       0x24 build/cooja/mtype596.a(vib-sensor.o)
                0x00000000000295f0                vib_interface
                0x0000000000029604                vib_sensor
 .rodata        0x0000000000029614        0x8 build/cooja/mtype596.a(clock.o)
                0x0000000000029614                clock_interface
 .rodata        0x000000000002961c        0x8 build/cooja/mtype596.a(cooja-log.o)
                0x000000000002961c                simlog_interface
 .rodata        0x0000000000029624       0x2f build/cooja/mtype596.a(cfs-cooja.o)
                0x0000000000029624                cfs_interface
 *fill*         0x0000000000029653        0xd 
 .rodata        0x0000000000029660       0xb8 build/cooja/mtype596.a(cooja-radio.o)
                0x0000000000029660                radio_interface
                0x00000000000296e0                cooja_radio_driver
 .rodata        0x0000000000029718        0x8 build/cooja/mtype596.a(eeprom.o)
                0x0000000000029718                eeprom_interface
 .rodata        0x0000000000029720        0x8 build/cooja/mtype596.a(sensors.o)
 .rodata        0x0000000000029728       0x2c build/cooja/mtype596.a(buttons.o)
                0x0000000000029728                button_interface
                0x000000000002973c                button_hal_button_count
                0x0000000000029744                button_sensor
 .rodata        0x0000000000029754       0xb2 build/cooja/mtype596.a(res-luminosity.)
 .rodata        0x0000000000029806       0x41 build/cooja/mtype596.a(coap-engine.o)
 .rodata        0x0000000000029847       0x19 build/cooja/mtype596.a(coap-res-well-k)
 .rodata        0x0000000000029860       0x11 build/cooja/mtype596.a(coap-observe.o)
 .rodata        0x0000000000029871       0x35 build/cooja/mtype596.a(coap-uip.o)
 *fill*         0x00000000000298a6        0x2 
 .rodata        0x00000000000298a8      0x1ac build/cooja/mtype596.a(coap.o)
 .rodata        0x0000000000029a54       0xf8 build/cooja/mtype596.a(contiki-main.o)
 .rodata        0x0000000000029b4c        0xf build/cooja/mtype596.a(ctimer.o)
 *fill*         0x0000000000029b5b        0x1 
 .rodata        0x0000000000029b5c       0xc4 build/cooja/mtype596.a(log.o)
 .rodata        0x0000000000029c20        0xc build/cooja/mtype596.a(etimer.o)
 .rodata        0x0000000000029c2c       0x13 build/cooja/mtype596.a(button-hal.o)
 .rodata        0x0000000000029c3f        0xe build/cooja/mtype596.a(serial-line.o)
 *fill*         0x0000000000029c4d        0x3 
 .rodata        0x0000000000029c50        0x8 build/cooja/mtype596.a(linkaddr.o)
                0x0000000000029c50                linkaddr_null
 .rodata        0x0000000000029c58       0x24 build/cooja/mtype596.a(csma.o)
                0x0000000000029c60                csma_driver
 .rodata        0x0000000000029c7c       0x24 build/cooja/mtype596.a(csma-output.o)
 .rodata        0x0000000000029ca0       0x4d build/cooja/mtype596.a(uip-ds6-route.o)
 .rodata        0x0000000000029ced        0xd build/cooja/mtype596.a(tcpip.o)
 *fill*         0x0000000000029cfa        0x2 
 .rodata        0x0000000000029cfc       0x30 build/cooja/mtype596.a(sicslowpan.o)
                0x0000000000029cfc                unc_llconf
                0x0000000000029d00                unc_ctxconf
                0x0000000000029d04                unc_mxconf
                0x0000000000029d08                llprefix
                0x0000000000029d1c                sicslowpan_driver
 .rodata        0x0000000000029d2c       0x2d build/cooja/mtype596.a(uiplib.o)
 *fill*         0x0000000000029d59        0x7 
 .rodata        0x0000000000029d60       0x74 build/cooja/mtype596.a(rpl.o)
                0x0000000000029d80                rpl_lite_driver
 .rodata        0x0000000000029dd4       0x20 build/cooja/mtype596.a(coap-timer-defa)
                0x0000000000029de8                coap_timer_default_driver
 .rodata        0x0000000000029df4       0x25 build/cooja/mtype596.a(assert.o)
 *fill*         0x0000000000029e19        0x3 
 .rodata        0x0000000000029e1c        0xc build/cooja/mtype596.a(framer-802154.o)
                0x0000000000029e1c                framer_802154
 .rodata        0x0000000000029e28       0x44 build/cooja/mtype596.a(uip-sr.o)
 .rodata        0x0000000000029e6c       0x58 build/cooja/mtype596.a(rpl-neighbor.o)
 .rodata        0x0000000000029ec4       0xdb build/cooja/mtype596.a(rpl-dag.o)
 .rodata        0x0000000000029f9f        0xc build/cooja/mtype596.a(rpl-timers.o)

.rodata1
 *(.rodata1)

.eh_frame_hdr   0x0000000000029fac     0x19c4
 *(.eh_frame_hdr)
 .eh_frame_hdr  0x0000000000029fac     0x19c4 smart-bulb.o
                0x0000000000029fac                __GNU_EH_FRAME_HDR
 *(.eh_frame_entry .eh_frame_entry.*)

.eh_frame       0x000000000002b970     0x688c
 *(.eh_frame)
 .eh_frame      0x000000000002b970       0x3c /usr/lib/gcc/i686-linux-gnu/5/../../../i386-linux-gnu/crti.o
                                         0x40 (size before relaxing)
 .eh_frame      0x000000000002b9ac       0x20 smart-bulb.o
                                         0x38 (size before relaxing)
 .eh_frame      0x000000000002b9cc      0x178 build/cooja/mtype596.o
                                        0x190 (size before relaxing)
 .eh_frame      0x000000000002bb44       0x40 build/cooja/mtype596.a(simEnvChange.o)
                                         0x58 (size before relaxing)
 .eh_frame      0x000000000002bb84       0x60 build/cooja/mtype596.a(cooja_mt.o)
                                         0x78 (size before relaxing)
 .eh_frame      0x000000000002bbe4       0x80 build/cooja/mtype596.a(cooja_mtarch.o)
                                         0x98 (size before relaxing)
 .eh_frame      0x000000000002bc64       0xc8 build/cooja/mtype596.a(rtimer-arch.o)
                                         0xe0 (size before relaxing)
 .eh_frame      0x000000000002bd2c      0x160 build/cooja/mtype596.a(beep.o)
                                        0x178 (size before relaxing)
 .eh_frame      0x000000000002be8c       0x80 build/cooja/mtype596.a(leds-arch.o)
                                         0x98 (size before relaxing)
 .eh_frame      0x000000000002bf0c       0x40 build/cooja/mtype596.a(moteid.o)
                                         0x58 (size before relaxing)
 .eh_frame      0x000000000002bf4c       0xa0 build/cooja/mtype596.a(pir-sensor.o)
                                         0xb8 (size before relaxing)
 .eh_frame      0x000000000002bfec      0x100 build/cooja/mtype596.a(rs232.o)
                                        0x118 (size before relaxing)
 .eh_frame      0x000000000002c0ec       0xa0 build/cooja/mtype596.a(vib-sensor.o)
                                         0xb8 (size before relaxing)
 .eh_frame      0x000000000002c18c       0xc0 build/cooja/mtype596.a(clock.o)
                                         0xd8 (size before relaxing)
 .eh_frame      0x000000000002c24c      0x120 build/cooja/mtype596.a(cooja-log.o)
                                        0x138 (size before relaxing)
 .eh_frame      0x000000000002c36c      0x160 build/cooja/mtype596.a(cfs-cooja.o)
                                        0x178 (size before relaxing)
 .eh_frame      0x000000000002c4cc      0x340 build/cooja/mtype596.a(cooja-radio.o)
                                        0x358 (size before relaxing)
 .eh_frame      0x000000000002c80c       0xa0 build/cooja/mtype596.a(eeprom.o)
                                         0xb8 (size before relaxing)
 .eh_frame      0x000000000002c8ac       0x40 build/cooja/mtype596.a(random.o)
                                         0x58 (size before relaxing)
 .eh_frame      0x000000000002c8ec       0xc0 build/cooja/mtype596.a(sensors.o)
                                         0xd8 (size before relaxing)
 .eh_frame      0x000000000002c9ac      0x120 build/cooja/mtype596.a(leds.o)
                                        0x138 (size before relaxing)
 .eh_frame      0x000000000002cacc      0x220 build/cooja/mtype596.a(gpio-hal-arch.o)
                                        0x238 (size before relaxing)
 .eh_frame      0x000000000002ccec       0xa0 build/cooja/mtype596.a(buttons.o)
                                         0xb8 (size before relaxing)
 .eh_frame      0x000000000002cd8c       0x68 build/cooja/mtype596.a(res-luminosity.)
                                         0x80 (size before relaxing)
 .eh_frame      0x000000000002cdf4      0x220 build/cooja/mtype596.a(coap-engine.o)
                                        0x238 (size before relaxing)
 .eh_frame      0x000000000002d014       0x24 build/cooja/mtype596.a(coap-res-well-k)
                                         0x3c (size before relaxing)
 .eh_frame      0x000000000002d038      0x188 build/cooja/mtype596.a(coap-observe.o)
                                        0x1a0 (size before relaxing)
 .eh_frame      0x000000000002d1c0      0x250 build/cooja/mtype596.a(coap-uip.o)
                                        0x268 (size before relaxing)
 .eh_frame      0x000000000002d410      0x114 build/cooja/mtype596.a(coap-timer.o)
                                        0x12c (size before relaxing)
 .eh_frame      0x000000000002d524      0x100 build/cooja/mtype596.a(coap-transactio)
                                        0x118 (size before relaxing)
 .eh_frame      0x000000000002d624      0x6ec build/cooja/mtype596.a(coap.o)
                                        0x704 (size before relaxing)
 .eh_frame      0x000000000002dd10       0x30 build/cooja/mtype596.a(contiki-main.o)
                                         0x48 (size before relaxing)
 .eh_frame      0x000000000002dd40       0x40 build/cooja/mtype596.a(autostart.o)
                                         0x58 (size before relaxing)
 .eh_frame      0x000000000002dd80      0x100 build/cooja/mtype596.a(ctimer.o)
                                        0x118 (size before relaxing)
 .eh_frame      0x000000000002de80      0x100 build/cooja/mtype596.a(log.o)
                                        0x118 (size before relaxing)
 .eh_frame      0x000000000002df80       0x60 build/cooja/mtype596.a(energest.o)
                                         0x78 (size before relaxing)
 .eh_frame      0x000000000002dfe0      0x1e0 build/cooja/mtype596.a(etimer.o)
                                        0x1f8 (size before relaxing)
 .eh_frame      0x000000000002e1c0       0x20 build/cooja/mtype596.a(node-id.o)
                                         0x38 (size before relaxing)
 .eh_frame      0x000000000002e1e0       0x60 build/cooja/mtype596.a(rtimer.o)
                                         0x78 (size before relaxing)
 .eh_frame      0x000000000002e240      0x1c4 build/cooja/mtype596.a(process.o)
                                        0x1dc (size before relaxing)
 .eh_frame      0x000000000002e404       0xa4 build/cooja/mtype596.a(timer.o)
                                         0xbc (size before relaxing)
 .eh_frame      0x000000000002e4a8      0x1a0 build/cooja/mtype596.a(list.o)
                                        0x1b8 (size before relaxing)
 .eh_frame      0x000000000002e648       0xa0 build/cooja/mtype596.a(memb.o)
                                         0xb8 (size before relaxing)
 .eh_frame      0x000000000002e6e8      0x144 build/cooja/mtype596.a(button-hal.o)
                                        0x15c (size before relaxing)
 .eh_frame      0x000000000002e82c       0x60 build/cooja/mtype596.a(serial-line.o)
                                         0x78 (size before relaxing)
 .eh_frame      0x000000000002e88c       0xe0 build/cooja/mtype596.a(gpio-hal.o)
                                         0xf8 (size before relaxing)
 .eh_frame      0x000000000002e96c      0x1a0 build/cooja/mtype596.a(queuebuf.o)
                                        0x1b8 (size before relaxing)
 .eh_frame      0x000000000002eb0c      0x28c build/cooja/mtype596.a(packetbuf.o)
                                        0x2a4 (size before relaxing)
 .eh_frame      0x000000000002ed98       0x80 build/cooja/mtype596.a(netstack.o)
                                         0x98 (size before relaxing)
 .eh_frame      0x000000000002ee18       0x60 build/cooja/mtype596.a(linkaddr.o)
                                         0x78 (size before relaxing)
 .eh_frame      0x000000000002ee78       0xe0 build/cooja/mtype596.a(csma.o)
                                         0xf8 (size before relaxing)
 .eh_frame      0x000000000002ef58      0x1d0 build/cooja/mtype596.a(csma-output.o)
                                        0x1e8 (size before relaxing)
 .eh_frame      0x000000000002f128      0x328 build/cooja/mtype596.a(uip-ds6.o)
                                        0x340 (size before relaxing)
 .eh_frame      0x000000000002f450       0x40 build/cooja/mtype596.a(uip-udp-packet.)
                                         0x58 (size before relaxing)
 .eh_frame      0x000000000002f490      0x220 build/cooja/mtype596.a(uip-ds6-route.o)
                                        0x238 (size before relaxing)
 .eh_frame      0x000000000002f6b0      0x244 build/cooja/mtype596.a(tcpip.o)
                                        0x25c (size before relaxing)
 .eh_frame      0x000000000002f8f4      0x1e8 build/cooja/mtype596.a(uip6.o)
                                        0x200 (size before relaxing)
 .eh_frame      0x000000000002fadc      0x1c0 build/cooja/mtype596.a(uip-ds6-nbr.o)
                                        0x1d8 (size before relaxing)
 .eh_frame      0x000000000002fc9c       0x84 build/cooja/mtype596.a(uip-nd6.o)
                                         0x9c (size before relaxing)
 .eh_frame      0x000000000002fd20      0x2f8 build/cooja/mtype596.a(sicslowpan.o)
                                        0x310 (size before relaxing)
 .eh_frame      0x0000000000030018       0x88 build/cooja/mtype596.a(uiplib.o)
                                         0xa0 (size before relaxing)
 .eh_frame      0x00000000000300a0      0x1e0 build/cooja/mtype596.a(rpl.o)
                                        0x1f8 (size before relaxing)
 .eh_frame      0x0000000000030280      0x1c4 build/cooja/mtype596.a(rpl-icmp6.o)
                                        0x1dc (size before relaxing)
 .eh_frame      0x0000000000030444       0xa0 build/cooja/mtype596.a(rpl-dag-root.o)
                                         0xb8 (size before relaxing)
 .eh_frame      0x00000000000304e4       0xa0 build/cooja/mtype596.a(watchdog.o)
                                         0xb8 (size before relaxing)
 .eh_frame      0x0000000000030584       0x80 build/cooja/mtype596.a(int-master.o)
                                         0x98 (size before relaxing)
 .eh_frame      0x0000000000030604       0xa4 build/cooja/mtype596.a(coap-timer-defa)
                                         0xbc (size before relaxing)
 .eh_frame      0x00000000000306a8       0xc4 build/cooja/mtype596.a(stimer.o)
                                         0xdc (size before relaxing)
 .eh_frame      0x000000000003076c       0xa0 build/cooja/mtype596.a(ringbuf.o)
                                         0xb8 (size before relaxing)
 .eh_frame      0x000000000003080c       0x20 build/cooja/mtype596.a(assert.o)
                                         0x38 (size before relaxing)
 .eh_frame      0x000000000003082c      0x2ac build/cooja/mtype596.a(nbr-table.o)
                                        0x2c4 (size before relaxing)
 .eh_frame      0x0000000000030ad8      0x120 build/cooja/mtype596.a(link-stats.o)
                                        0x138 (size before relaxing)
 .eh_frame      0x0000000000030bf8       0x48 build/cooja/mtype596.a(mac-sequence.o)
                                         0x60 (size before relaxing)
 .eh_frame      0x0000000000030c40       0x20 build/cooja/mtype596.a(mac.o)
                                         0x38 (size before relaxing)
 .eh_frame      0x0000000000030c60       0xa4 build/cooja/mtype596.a(framer-802154.o)
                                         0xbc (size before relaxing)
 .eh_frame      0x0000000000030d04      0x1a4 build/cooja/mtype596.a(frame802154.o)
                                        0x1bc (size before relaxing)
 .eh_frame      0x0000000000030ea8       0x40 build/cooja/mtype596.a(csma-security.o)
                                         0x58 (size before relaxing)
 .eh_frame      0x0000000000030ee8      0x200 build/cooja/mtype596.a(uipbuf.o)
                                        0x218 (size before relaxing)
 .eh_frame      0x00000000000310e8      0x150 build/cooja/mtype596.a(uip-icmp6.o)
                                        0x168 (size before relaxing)
 .eh_frame      0x0000000000031238      0x184 build/cooja/mtype596.a(uip-sr.o)
                                        0x19c (size before relaxing)
 .eh_frame      0x00000000000313bc       0xe0 build/cooja/mtype596.a(uip-packetqueue)
                                         0xf8 (size before relaxing)
 .eh_frame      0x000000000003149c       0x80 build/cooja/mtype596.a(rpl-nbr-policy.)
                                         0x98 (size before relaxing)
 .eh_frame      0x000000000003151c      0x2d4 build/cooja/mtype596.a(rpl-neighbor.o)
                                        0x2ec (size before relaxing)
 .eh_frame      0x00000000000317f0      0x370 build/cooja/mtype596.a(rpl-dag.o)
                                        0x388 (size before relaxing)
 .eh_frame      0x0000000000031b60      0x3a8 build/cooja/mtype596.a(rpl-timers.o)
                                        0x3c0 (size before relaxing)
 .eh_frame      0x0000000000031f08      0x124 build/cooja/mtype596.a(rpl-ext-header.)
                                        0x13c (size before relaxing)
 .eh_frame      0x000000000003202c      0x148 build/cooja/mtype596.a(rpl-mrhof.o)
                                        0x160 (size before relaxing)
 .eh_frame      0x0000000000032174       0x84 /usr/lib/gcc/i686-linux-gnu/5/libgcc.a(_udivdi3.o)
                                         0x9c (size before relaxing)
 .eh_frame      0x00000000000321f8        0x4 /usr/lib/gcc/i686-linux-gnu/5/crtendS.o
 *(.eh_frame.*)

.gcc_except_table
 *(.gcc_except_table .gcc_except_table.*)

.gnu_extab
 *(.gnu_extab*)

.exception_ranges
 *(.exception_ranges .exception_ranges*)
                0x0000000000033f10                . = DATA_SEGMENT_ALIGN (0x1000, 0x1000)

.eh_frame
 *(.eh_frame)
 *(.eh_frame.*)

.gnu_extab
 *(.gnu_extab)

.gcc_except_table
 *(.gcc_except_table .gcc_except_table.*)

.exception_ranges
 *(.exception_ranges .exception_ranges*)

.tdata
 *(.tdata .tdata.* .gnu.linkonce.td.*)

.tbss
 *(.tbss .tbss.* .gnu.linkonce.tb.*)
 *(.tcommon)

.preinit_array
 *(.preinit_array)

.init_array     0x0000000000033f10        0x4
 *(SORT(.init_array.*) SORT(.ctors.*))
 *(.init_array EXCLUDE_FILE(*crtend?.o *crtend.o *crtbegin?.o *crtbegin.o) .ctors)
 .init_array    0x0000000000033f10        0x4 /usr/lib/gcc/i686-linux-gnu/5/crtbeginS.o

.fini_array     0x0000000000033f14        0x4
 *(SORT(.fini_array.*) SORT(.dtors.*))
 *(.fini_array EXCLUDE_FILE(*crtend?.o *crtend.o *crtbegin?.o *crtbegin.o) .dtors)
 .fini_array    0x0000000000033f14        0x4 /usr/lib/gcc/i686-linux-gnu/5/crtbeginS.o

.ctors
 *crtbegin.o(.ctors)
 *crtbegin?.o(.ctors)
 *(EXCLUDE_FILE(*crtend?.o *crtend.o) .ctors)
 *(SORT(.ctors.*))
 *(.ctors)

.dtors
 *crtbegin.o(.dtors)
 *crtbegin?.o(.dtors)
 *(EXCLUDE_FILE(*crtend?.o *crtend.o) .dtors)
 *(SORT(.dtors.*))
 *(.dtors)

.jcr            0x0000000000033f18        0x4
 *(.jcr)
 .jcr           0x0000000000033f18        0x0 /usr/lib/gcc/i686-linux-gnu/5/crtbeginS.o
 .jcr           0x0000000000033f18        0x4 /usr/lib/gcc/i686-linux-gnu/5/crtendS.o

.data.rel.ro
 *(.data.rel.ro.local* .gnu.linkonce.d.rel.ro.local.*)
 *(.data.rel.ro .data.rel.ro.* .gnu.linkonce.d.rel.ro.*)

.dynamic        0x0000000000033f1c       0xd0
 *(.dynamic)
 .dynamic       0x0000000000033f1c       0xd0 /usr/lib/gcc/i686-linux-gnu/5/../../../i386-linux-gnu/crti.o
                0x0000000000033f1c                _DYNAMIC

.got            0x0000000000033fec       0x14
 *(.got)
 .got           0x0000000000033fec       0x14 /usr/lib/gcc/i686-linux-gnu/5/../../../i386-linux-gnu/crti.o
 *(.igot)
                0x0000000000034ff4                . = DATA_SEGMENT_RELRO_END (., (SIZEOF (.got.plt) >= 0xc)?0xc:0x0)

.got.plt        0x0000000000034000        0xc
 *(.got.plt)
 .got.plt       0x0000000000034000        0xc /usr/lib/gcc/i686-linux-gnu/5/../../../i386-linux-gnu/crti.o
                0x0000000000034000                _GLOBAL_OFFSET_TABLE_
 *(.igot.plt)

.data           0x0000000000034020      0x444
 *(.data .data.* .gnu.linkonce.d.*)
 .data          0x0000000000034020        0x0 /usr/lib/gcc/i686-linux-gnu/5/../../../i386-linux-gnu/crti.o
 .data          0x0000000000034020        0x0 /usr/lib/gcc/i686-linux-gnu/5/crtbeginS.o
 .data.rel.local
                0x0000000000034020        0x4 /usr/lib/gcc/i686-linux-gnu/5/crtbeginS.o
                0x0000000000034020                __dso_handle
 .data          0x0000000000034024       0x10 smart-bulb.o
                0x0000000000034024                smart_bulb
 *fill*         0x0000000000034034        0xc 
 .data          0x0000000000034040       0x44 build/cooja/mtype596.o
                0x0000000000034040                simInterfaces
                0x0000000000034074                sensors
 .data          0x0000000000034084        0x0 build/cooja/mtype596.a(simEnvChange.o)
 .data          0x0000000000034084        0x0 build/cooja/mtype596.a(cooja_mt.o)
 .data          0x0000000000034084        0x0 build/cooja/mtype596.a(cooja_mtarch.o)
 .data          0x0000000000034084        0x0 build/cooja/mtype596.a(rtimer-arch.o)
 .data          0x0000000000034084        0x0 build/cooja/mtype596.a(beep.o)
 .data          0x0000000000034084        0x0 build/cooja/mtype596.a(leds-arch.o)
 .data          0x0000000000034084        0x0 build/cooja/mtype596.a(moteid.o)
 .data          0x0000000000034084        0x0 build/cooja/mtype596.a(pir-sensor.o)
 .data          0x0000000000034084        0x0 build/cooja/mtype596.a(rs232.o)
 .data          0x0000000000034084        0x0 build/cooja/mtype596.a(vib-sensor.o)
 .data          0x0000000000034084        0x0 build/cooja/mtype596.a(clock.o)
 .data          0x0000000000034084        0x0 build/cooja/mtype596.a(cooja-log.o)
 .data          0x0000000000034084        0x0 build/cooja/mtype596.a(cfs-cooja.o)
 .data          0x0000000000034084       0x2c build/cooja/mtype596.a(cooja-radio.o)
                0x0000000000034084                simRadioHWOn
                0x0000000000034088                simSignalStrength
                0x000000000003408c                simLastSignalStrength
                0x0000000000034090                simPower
                0x0000000000034094                simRadioChannel
                0x0000000000034098                simLQI
                0x00000000000340a0                cooja_radio_process
 .data          0x00000000000340b0        0x0 build/cooja/mtype596.a(eeprom.o)
 .data          0x00000000000340b0        0x0 build/cooja/mtype596.a(random.o)
 .data          0x00000000000340b0       0x10 build/cooja/mtype596.a(sensors.o)
                0x00000000000340b0                sensors_process
 .data          0x00000000000340c0        0x0 build/cooja/mtype596.a(leds.o)
 .data          0x00000000000340c0        0x0 build/cooja/mtype596.a(gpio-hal-arch.o)
 .data          0x00000000000340c0       0x78 build/cooja/mtype596.a(buttons.o)
                0x00000000000340c0                simButtonIsActive
                0x0000000000034130                button_hal_buttons
 *fill*         0x0000000000034138        0x8 
 .data          0x0000000000034140       0x24 build/cooja/mtype596.a(res-luminosity.)
                0x0000000000034140                res_luminosity
 .data          0x0000000000034164        0x8 build/cooja/mtype596.a(coap-engine.o)
 *fill*         0x000000000003416c       0x14 
 .data          0x0000000000034180       0x24 build/cooja/mtype596.a(coap-res-well-k)
                0x0000000000034180                res_well_known_core
 .data          0x00000000000341a4       0x10 build/cooja/mtype596.a(coap-observe.o)
 .data          0x00000000000341b4       0x10 build/cooja/mtype596.a(coap-uip.o)
                0x00000000000341b4                coap_engine
 .data          0x00000000000341c4        0x4 build/cooja/mtype596.a(coap-timer.o)
 .data          0x00000000000341c8       0x10 build/cooja/mtype596.a(coap-transactio)
 .data          0x00000000000341d8        0x4 build/cooja/mtype596.a(coap.o)
                0x00000000000341d8                coap_error_message
 .data          0x00000000000341dc        0x0 build/cooja/mtype596.a(contiki-main.o)
 .data          0x00000000000341dc        0x0 build/cooja/mtype596.a(autostart.o)
 .data          0x00000000000341dc       0x14 build/cooja/mtype596.a(ctimer.o)
                0x00000000000341e0                ctimer_process
 *fill*         0x00000000000341f0       0x10 
 .data          0x0000000000034200       0xbc build/cooja/mtype596.a(log.o)
                0x0000000000034200                curr_log_level_main
                0x0000000000034220                all_modules
 .data          0x00000000000342bc        0x0 build/cooja/mtype596.a(energest.o)
 .data          0x00000000000342bc       0x10 build/cooja/mtype596.a(etimer.o)
                0x00000000000342bc                etimer_process
 .data          0x00000000000342cc        0x0 build/cooja/mtype596.a(node-id.o)
 .data          0x00000000000342cc        0x0 build/cooja/mtype596.a(rtimer.o)
 .data          0x00000000000342cc        0x0 build/cooja/mtype596.a(process.o)
 .data          0x00000000000342cc        0x0 build/cooja/mtype596.a(timer.o)
 .data          0x00000000000342cc        0x0 build/cooja/mtype596.a(list.o)
 .data          0x00000000000342cc        0x0 build/cooja/mtype596.a(memb.o)
 .data          0x00000000000342cc       0x10 build/cooja/mtype596.a(button-hal.o)
                0x00000000000342cc                button_hal_process
 .data          0x00000000000342dc       0x10 build/cooja/mtype596.a(serial-line.o)
                0x00000000000342dc                serial_line_process
 .data          0x00000000000342ec        0x4 build/cooja/mtype596.a(gpio-hal.o)
 .data          0x00000000000342f0       0x18 build/cooja/mtype596.a(queuebuf.o)
 .data          0x0000000000034308        0x4 build/cooja/mtype596.a(packetbuf.o)
 .data          0x000000000003430c        0x4 build/cooja/mtype596.a(netstack.o)
 .data          0x0000000000034310        0x0 build/cooja/mtype596.a(linkaddr.o)
 .data          0x0000000000034310        0x0 build/cooja/mtype596.a(csma.o)
 .data          0x0000000000034310       0x28 build/cooja/mtype596.a(csma-output.o)
 .data          0x0000000000034338        0x0 build/cooja/mtype596.a(uip-ds6.o)
 .data          0x0000000000034338        0x0 build/cooja/mtype596.a(uip-udp-packet.)
 .data          0x0000000000034338       0x10 build/cooja/mtype596.a(uip-ds6-route.o)
 .data          0x0000000000034348       0x10 build/cooja/mtype596.a(tcpip.o)
                0x0000000000034348                tcpip_process
 .data          0x0000000000034358        0x0 build/cooja/mtype596.a(uip6.o)
 .data          0x0000000000034358       0x14 build/cooja/mtype596.a(uip-ds6-nbr.o)
 .data          0x000000000003436c        0xc build/cooja/mtype596.a(uip-nd6.o)
 .data          0x0000000000034378        0x0 build/cooja/mtype596.a(sicslowpan.o)
 .data          0x0000000000034378        0x0 build/cooja/mtype596.a(uiplib.o)
 .data          0x0000000000034378        0x0 build/cooja/mtype596.a(rpl.o)
 .data          0x0000000000034378       0x30 build/cooja/mtype596.a(rpl-icmp6.o)
 .data          0x00000000000343a8        0x0 build/cooja/mtype596.a(rpl-dag-root.o)
 .data          0x00000000000343a8        0x0 build/cooja/mtype596.a(watchdog.o)
 .data          0x00000000000343a8        0x0 build/cooja/mtype596.a(int-master.o)
 .data          0x00000000000343a8       0x10 build/cooja/mtype596.a(coap-timer-defa)
                0x00000000000343a8                coap_timer_process
 .data          0x00000000000343b8        0x0 build/cooja/mtype596.a(stimer.o)
 .data          0x00000000000343b8        0x0 build/cooja/mtype596.a(ringbuf.o)
 .data          0x00000000000343b8        0x0 build/cooja/mtype596.a(assert.o)
 .data          0x00000000000343b8       0x10 build/cooja/mtype596.a(nbr-table.o)
 .data          0x00000000000343c8       0x14 build/cooja/mtype596.a(link-stats.o)
 .data          0x00000000000343dc        0x0 build/cooja/mtype596.a(mac-sequence.o)
 .data          0x00000000000343dc        0x0 build/cooja/mtype596.a(mac.o)
 .data          0x00000000000343dc        0x0 build/cooja/mtype596.a(framer-802154.o)
 .data          0x00000000000343dc        0x2 build/cooja/mtype596.a(frame802154.o)
 .data          0x00000000000343de        0x0 build/cooja/mtype596.a(csma-security.o)
 .data          0x00000000000343de        0x0 build/cooja/mtype596.a(uipbuf.o)
 *fill*         0x00000000000343de        0x2 
 .data          0x00000000000343e0       0x20 build/cooja/mtype596.a(uip-icmp6.o)
 .data          0x0000000000034400       0x10 build/cooja/mtype596.a(uip-sr.o)
 .data          0x0000000000034410        0xc build/cooja/mtype596.a(uip-packetqueue)
 .data          0x000000000003441c        0x0 build/cooja/mtype596.a(rpl-nbr-policy.)
 .data          0x000000000003441c       0x14 build/cooja/mtype596.a(rpl-neighbor.o)
                0x000000000003442c                rpl_neighbors
 .data          0x0000000000034430        0x0 build/cooja/mtype596.a(rpl-dag.o)
 .data          0x0000000000034430        0x0 build/cooja/mtype596.a(rpl-timers.o)
 .data          0x0000000000034430        0x0 build/cooja/mtype596.a(rpl-ext-header.)
 *fill*         0x0000000000034430       0x10 
 .data          0x0000000000034440       0x24 build/cooja/mtype596.a(rpl-mrhof.o)
                0x0000000000034440                rpl_mrhof
 .data          0x0000000000034464        0x0 /usr/lib/gcc/i686-linux-gnu/5/libgcc.a(_udivdi3.o)
 .data          0x0000000000034464        0x0 /usr/lib/gcc/i686-linux-gnu/5/crtendS.o
 .data          0x0000000000034464        0x0 /usr/lib/gcc/i686-linux-gnu/5/../../../i386-linux-gnu/crtn.o

.tm_clone_table
                0x0000000000034464        0x0
 .tm_clone_table
                0x0000000000034464        0x0 /usr/lib/gcc/i686-linux-gnu/5/crtbeginS.o
 .tm_clone_table
                0x0000000000034464        0x0 /usr/lib/gcc/i686-linux-gnu/5/crtendS.o

.data1
 *(.data1)
                0x0000000000034464                _edata = .
                [!provide]                        PROVIDE (edata, .)
                0x0000000000034464                . = .
                0x0000000000034464                __bss_start = .

.bss            0x0000000000034480    0x13e44
 *(.dynbss)
 .dynbss        0x0000000000034480        0x0 /usr/lib/gcc/i686-linux-gnu/5/../../../i386-linux-gnu/crti.o
 *(.bss .bss.* .gnu.linkonce.b.*)
 .bss           0x0000000000034480        0x0 /usr/lib/gcc/i686-linux-gnu/5/../../../i386-linux-gnu/crti.o
 .bss           0x0000000000034480        0x1 /usr/lib/gcc/i686-linux-gnu/5/crtbeginS.o
 *fill*         0x0000000000034481        0x3 
 .bss           0x0000000000034484       0x10 smart-bulb.o
 *fill*         0x0000000000034494        0xc 
 .bss           0x00000000000344a0     0x2030 build/cooja/mtype596.o
 .bss           0x00000000000364d0        0x1 build/cooja/mtype596.a(simEnvChange.o)
                0x00000000000364d0                simDontFallAsleep
 *fill*         0x00000000000364d1        0x3 
 .bss           0x00000000000364d4        0x4 build/cooja/mtype596.a(cooja_mt.o)
 .bss           0x00000000000364d8        0x4 build/cooja/mtype596.a(cooja_mtarch.o)
 .bss           0x00000000000364dc        0x0 build/cooja/mtype596.a(rtimer-arch.o)
 .bss           0x00000000000364dc        0x0 build/cooja/mtype596.a(beep.o)
 .bss           0x00000000000364dc        0x1 build/cooja/mtype596.a(leds-arch.o)
                0x00000000000364dc                simLedsValue
 .bss           0x00000000000364dd        0x0 build/cooja/mtype596.a(moteid.o)
 .bss           0x00000000000364dd        0x1 build/cooja/mtype596.a(pir-sensor.o)
                0x00000000000364dd                simPirValue
 *fill*         0x00000000000364de        0x2 
 .bss           0x00000000000364e0        0x4 build/cooja/mtype596.a(rs232.o)
 .bss           0x00000000000364e4        0x1 build/cooja/mtype596.a(vib-sensor.o)
                0x00000000000364e4                simVibValue
 .bss           0x00000000000364e5        0x0 build/cooja/mtype596.a(clock.o)
 *fill*         0x00000000000364e5       0x1b 
 .bss           0x0000000000036500     0x2020 build/cooja/mtype596.a(cooja-log.o)
 .bss           0x0000000000038520      0xfc0 build/cooja/mtype596.a(cfs-cooja.o)
                0x0000000000038520                simCFSData
                0x00000000000394c0                simCFSSize
                0x00000000000394c4                simCFSChanged
                0x00000000000394c8                simCFSRead
                0x00000000000394cc                simCFSWritten
 .bss           0x00000000000394e0       0x24 build/cooja/mtype596.a(cooja-radio.o)
                0x00000000000394e0                simReceiving
                0x00000000000394e4                simInSize
                0x00000000000394e8                simLastPacketTimestamp
                0x00000000000394f0                simOutSize
 .bss           0x0000000000039504        0xc build/cooja/mtype596.a(eeprom.o)
                0x0000000000039504                simEEPROMChanged
                0x0000000000039508                simEEPROMRead
                0x000000000003950c                simEEPROMWritten
 .bss           0x0000000000039510        0x0 build/cooja/mtype596.a(random.o)
 .bss           0x0000000000039510        0xc build/cooja/mtype596.a(sensors.o)
 .bss           0x000000000003951c        0x0 build/cooja/mtype596.a(leds.o)
 .bss           0x000000000003951c       0x24 build/cooja/mtype596.a(gpio-hal-arch.o)
 .bss           0x0000000000039540        0x0 build/cooja/mtype596.a(buttons.o)
 .bss           0x0000000000039540        0x1 build/cooja/mtype596.a(res-luminosity.)
 *fill*         0x0000000000039541       0x1f 
 .bss           0x0000000000039560      0x190 build/cooja/mtype596.a(coap-engine.o)
 .bss           0x00000000000396f0        0x0 build/cooja/mtype596.a(coap-res-well-k)
 *fill*         0x00000000000396f0       0x10 
 .bss           0x0000000000039700      0x120 build/cooja/mtype596.a(coap-observe.o)
 .bss           0x0000000000039820       0x18 build/cooja/mtype596.a(coap-uip.o)
 .bss           0x0000000000039838        0x5 build/cooja/mtype596.a(coap-timer.o)
 *fill*         0x000000000003983d        0x3 
 .bss           0x0000000000039840      0x334 build/cooja/mtype596.a(coap-transactio)
 .bss           0x0000000000039b74        0x6 build/cooja/mtype596.a(coap.o)
                0x0000000000039b74                coap_status_code
 .bss           0x0000000000039b7a        0x0 build/cooja/mtype596.a(contiki-main.o)
 .bss           0x0000000000039b7a        0x0 build/cooja/mtype596.a(autostart.o)
 *fill*         0x0000000000039b7a        0x2 
 .bss           0x0000000000039b7c        0x5 build/cooja/mtype596.a(ctimer.o)
 *fill*         0x0000000000039b81        0x3 
 .bss           0x0000000000039b84       0x2c build/cooja/mtype596.a(log.o)
                0x0000000000039b84                curr_log_level_rpl
                0x0000000000039b88                curr_log_level_tcpip
                0x0000000000039b8c                curr_log_level_ipv6
                0x0000000000039b90                curr_log_level_6lowpan
                0x0000000000039b94                curr_log_level_nullnet
                0x0000000000039b98                curr_log_level_mac
                0x0000000000039b9c                curr_log_level_framer
                0x0000000000039ba0                curr_log_level_6top
                0x0000000000039ba4                curr_log_level_coap
                0x0000000000039ba8                curr_log_level_snmp
                0x0000000000039bac                curr_log_level_lwm2m
 .bss           0x0000000000039bb0        0x0 build/cooja/mtype596.a(energest.o)
 .bss           0x0000000000039bb0        0x8 build/cooja/mtype596.a(etimer.o)
 .bss           0x0000000000039bb8        0x2 build/cooja/mtype596.a(node-id.o)
                0x0000000000039bb8                node_id
 *fill*         0x0000000000039bba        0x2 
 .bss           0x0000000000039bbc        0x4 build/cooja/mtype596.a(rtimer.o)
 .bss           0x0000000000039bc0      0x1a1 build/cooja/mtype596.a(process.o)
                0x0000000000039bc0                process_list
                0x0000000000039bc4                process_current
 .bss           0x0000000000039d61        0x0 build/cooja/mtype596.a(timer.o)
 .bss           0x0000000000039d61        0x0 build/cooja/mtype596.a(list.o)
 .bss           0x0000000000039d61        0x0 build/cooja/mtype596.a(memb.o)
 *fill*         0x0000000000039d61        0x3 
 .bss           0x0000000000039d64       0x10 build/cooja/mtype596.a(button-hal.o)
 *fill*         0x0000000000039d74        0xc 
 .bss           0x0000000000039d80      0x140 build/cooja/mtype596.a(serial-line.o)
 .bss           0x0000000000039ec0        0x4 build/cooja/mtype596.a(gpio-hal.o)
 *fill*         0x0000000000039ec4       0x1c 
 .bss           0x0000000000039ee0     0x2c80 build/cooja/mtype596.a(queuebuf.o)
 .bss           0x000000000003cb60       0xa0 build/cooja/mtype596.a(packetbuf.o)
 .bss           0x000000000003cc00        0x4 build/cooja/mtype596.a(netstack.o)
 .bss           0x000000000003cc04        0x0 build/cooja/mtype596.a(linkaddr.o)
 .bss           0x000000000003cc04        0x0 build/cooja/mtype596.a(csma.o)
 *fill*         0x000000000003cc04       0x1c 
 .bss           0x000000000003cc20      0x726 build/cooja/mtype596.a(csma-output.o)
 *fill*         0x000000000003d346        0x2 
 .bss           0x000000000003d348       0x30 build/cooja/mtype596.a(uip-ds6.o)
 .bss           0x000000000003d378        0x0 build/cooja/mtype596.a(uip-udp-packet.)
 *fill*         0x000000000003d378        0x8 
 .bss           0x000000000003d380       0x60 build/cooja/mtype596.a(uip-ds6-route.o)
 .bss           0x000000000003d3e0       0x10 build/cooja/mtype596.a(tcpip.o)
 .bss           0x000000000003d3f0        0x8 build/cooja/mtype596.a(uip6.o)
                0x000000000003d3f0                uip_ext_bitmap
                0x000000000003d3f2                uip_ext_len
                0x000000000003d3f4                uip_last_proto
 *fill*         0x000000000003d3f8        0x8 
 .bss           0x000000000003d400     0x1c20 build/cooja/mtype596.a(uip-ds6-nbr.o)
 .bss           0x000000000003f020       0x10 build/cooja/mtype596.a(uip-nd6.o)
 *fill*         0x000000000003f030       0x10 
 .bss           0x000000000003f040      0x724 build/cooja/mtype596.a(sicslowpan.o)
 .bss           0x000000000003f764        0x0 build/cooja/mtype596.a(uiplib.o)
 .bss           0x000000000003f764        0x1 build/cooja/mtype596.a(rpl.o)
 .bss           0x000000000003f765        0x0 build/cooja/mtype596.a(rpl-icmp6.o)
 *fill*         0x000000000003f765        0x3 
 .bss           0x000000000003f768       0x11 build/cooja/mtype596.a(rpl-dag-root.o)
 .bss           0x000000000003f779        0x0 build/cooja/mtype596.a(watchdog.o)
 *fill*         0x000000000003f779        0x3 
 .bss           0x000000000003f77c        0x4 build/cooja/mtype596.a(int-master.o)
 .bss           0x000000000003f780       0x1c build/cooja/mtype596.a(coap-timer-defa)
 .bss           0x000000000003f79c        0x0 build/cooja/mtype596.a(stimer.o)
 .bss           0x000000000003f79c        0x0 build/cooja/mtype596.a(ringbuf.o)
 .bss           0x000000000003f79c        0x0 build/cooja/mtype596.a(assert.o)
 *fill*         0x000000000003f79c        0x4 
 .bss           0x000000000003f7a0     0x1214 build/cooja/mtype596.a(nbr-table.o)
 *fill*         0x00000000000409b4        0xc 
 .bss           0x00000000000409c0      0xe10 build/cooja/mtype596.a(link-stats.o)