Archive member included to satisfy reference by file (symbol)

build/cooja/mtype47.a(simEnvChange.o)
                              build/cooja/mtype47.o (simDontFallAsleep)
build/cooja/mtype47.a(cooja_mt.o)
                              build/cooja/mtype47.o (cooja_mt_start)
build/cooja/mtype47.a(cooja_mtarch.o)
                              build/cooja/mtype47.a(cooja_mt.o) (cooja_mtarch_start)
build/cooja/mtype47.a(rtimer-arch.o)
                              build/cooja/mtype47.o (rtimer_arch_check)
build/cooja/mtype47.a(beep.o)
                              build/cooja/mtype47.o (beep_interface)
build/cooja/mtype47.a(leds-arch.o)
                              build/cooja/mtype47.o (leds_interface)
build/cooja/mtype47.a(moteid.o)
                              build/cooja/mtype47.o (moteid_interface)
build/cooja/mtype47.a(pir-sensor.o)
                              build/cooja/mtype47.o (pir_interface)
build/cooja/mtype47.a(rs232.o)
                              build/cooja/mtype47.o (rs232_interface)
build/cooja/mtype47.a(vib-sensor.o)
                              build/cooja/mtype47.o (vib_interface)
build/cooja/mtype47.a(clock.o)
                              build/cooja/mtype47.o (clock_interface)
build/cooja/mtype47.a(cooja-log.o)
                              build/cooja/mtype47.o (simlog_interface)
build/cooja/mtype47.a(cfs-cooja.o)
                              build/cooja/mtype47.o (cfs_interface)
build/cooja/mtype47.a(cooja-radio.o)
                              build/cooja/mtype47.o (radio_interface)
build/cooja/mtype47.a(eeprom.o)
                              build/cooja/mtype47.o (eeprom_interface)
build/cooja/mtype47.a(random.o)
                              build/cooja/mtype47.a(moteid.o) (random_init)
build/cooja/mtype47.a(sensors.o)
                              build/cooja/mtype47.a(pir-sensor.o) (sensors_changed)
build/cooja/mtype47.a(leds.o)
                              build/cooja/mtype47.a(leds-arch.o) (leds_get)
build/cooja/mtype47.a(gpio-hal-arch.o)
                              build/cooja/mtype47.a(leds-arch.o) (gpio_hal_arch_register_pin_callback)
build/cooja/mtype47.a(buttons.o)
                              build/cooja/mtype47.o (button_interface)
build/cooja/mtype47.a(res-hello.o)
                              server-hello.o (res_hello)
build/cooja/mtype47.a(coap-engine.o)
                              server-hello.o (coap_activate_resource)
build/cooja/mtype47.a(coap-res-well-k)
                              build/cooja/mtype47.a(coap-engine.o) (res_well_known_core)
build/cooja/mtype47.a(coap-observe.o)
                              build/cooja/mtype47.a(coap-engine.o) (coap_remove_observer_by_mid)
build/cooja/mtype47.a(coap-uip.o)
                              build/cooja/mtype47.a(coap-observe.o) (coap_endpoint_copy)
build/cooja/mtype47.a(coap-timer.o)
                              build/cooja/mtype47.a(coap-engine.o) (coap_timer_set)
build/cooja/mtype47.a(coap-transactio)
                              build/cooja/mtype47.a(coap-engine.o) (coap_send_transaction)
build/cooja/mtype47.a(coap.o)
                              build/cooja/mtype47.a(coap-engine.o) (coap_status_code)
build/cooja/mtype47.a(contiki-main.o)
                              build/cooja/mtype47.o (main)
build/cooja/mtype47.a(autostart.o)
                              build/cooja/mtype47.a(contiki-main.o) (autostart_start)
build/cooja/mtype47.a(ctimer.o)
                              build/cooja/mtype47.a(contiki-main.o) (ctimer_init)
build/cooja/mtype47.a(log.o)  build/cooja/mtype47.a(contiki-main.o) (curr_log_level_main)
build/cooja/mtype47.a(energest.o)
                              build/cooja/mtype47.a(contiki-main.o) (energest_init)
build/cooja/mtype47.a(etimer.o)
                              build/cooja/mtype47.a(contiki-main.o) (etimer_process)
build/cooja/mtype47.a(node-id.o)
                              build/cooja/mtype47.a(contiki-main.o) (node_id)
build/cooja/mtype47.a(rtimer.o)
                              build/cooja/mtype47.a(contiki-main.o) (rtimer_init)
build/cooja/mtype47.a(process.o)
                              server-hello.o (process_current)
build/cooja/mtype47.a(timer.o)
                              build/cooja/mtype47.a(etimer.o) (timer_set)
build/cooja/mtype47.a(list.o)
                              build/cooja/mtype47.a(coap-engine.o) (list_init)
build/cooja/mtype47.a(memb.o)
                              build/cooja/mtype47.a(coap-observe.o) (memb_alloc)
build/cooja/mtype47.a(button-hal.o)
                              build/cooja/mtype47.o (button_hal_init)
build/cooja/mtype47.a(serial-line.o)
                              build/cooja/mtype47.a(rs232.o) (serial_line_input_byte)
build/cooja/mtype47.a(gpio-hal.o)
                              build/cooja/mtype47.a(button-hal.o) (gpio_hal_register_handler)
build/cooja/mtype47.a(queuebuf.o)
                              build/cooja/mtype47.a(contiki-main.o) (queuebuf_init)
build/cooja/mtype47.a(packetbuf.o)
[...]
Memory Configuration

Name             Origin             Length             Attributes
*default*        0x0000000000000000 0xffffffffffffffff

Linker script and memory map

LOAD /usr/lib/gcc/i686-linux-gnu/5/../../../i386-linux-gnu/crti.o
LOAD /usr/lib/gcc/i686-linux-gnu/5/crtbeginS.o
LOAD server-hello.o
LOAD build/cooja/mtype47.o
LOAD build/cooja/mtype47.a
LOAD /usr/lib/gcc/i686-linux-gnu/5/libgcc.a
LOAD /usr/lib/gcc/i686-linux-gnu/5/libgcc_s.so
LOAD /usr/lib/gcc/i686-linux-gnu/5/../../../i386-linux-gnu/libc.so
START GROUP
LOAD /lib/i386-linux-gnu/libc.so.6
LOAD /usr/lib/i386-linux-gnu/libc_nonshared.a
LOAD /lib/i386-linux-gnu/ld-linux.so.2
END GROUP
LOAD /usr/lib/gcc/i686-linux-gnu/5/libgcc.a
LOAD /usr/lib/gcc/i686-linux-gnu/5/libgcc_s.so
LOAD /usr/lib/gcc/i686-linux-gnu/5/crtendS.o
LOAD /usr/lib/gcc/i686-linux-gnu/5/../../../i386-linux-gnu/crtn.o
                0x0000000000000114                . = (0x0 + SIZEOF_HEADERS)

.note.gnu.build-id
                0x0000000000000114       0x24
 *(.note.gnu.build-id)
 .note.gnu.build-id
                0x0000000000000114       0x24 /usr/lib/gcc/i686-linux-gnu/5/../../../i386-linux-gnu/crti.o

.hash
 *(.hash)

.gnu.hash       0x0000000000000138     0x1580
 *(.gnu.hash)
 .gnu.hash      0x0000000000000138     0x1580 /usr/lib/gcc/i686-linux-gnu/5/../../../i386-linux-gnu/crti.o

.dynsym         0x00000000000016b8     0x2e80
 *(.dynsym)
 .dynsym        0x00000000000016b8     0x2e80 /usr/lib/gcc/i686-linux-gnu/5/../../../i386-linux-gnu/crti.o

.dynstr         0x0000000000004538     0x3633
 *(.dynstr)
 .dynstr        0x0000000000004538     0x3633 /usr/lib/gcc/i686-linux-gnu/5/../../../i386-linux-gnu/crti.o

.gnu.version    0x0000000000007b6c      0x5d0
 *(.gnu.version)
 .gnu.version   0x0000000000007b6c      0x5d0 /usr/lib/gcc/i686-linux-gnu/5/../../../i386-linux-gnu/crti.o

.gnu.version_d  0x000000000000813c        0x0
 *(.gnu.version_d)
 .gnu.version_d
                0x000000000000813c        0x0 /usr/lib/gcc/i686-linux-gnu/5/../../../i386-linux-gnu/crti.o

.gnu.version_r  0x000000000000813c       0x40
 *(.gnu.version_r)
 .gnu.version_r
                0x000000000000813c       0x40 /usr/lib/gcc/i686-linux-gnu/5/../../../i386-linux-gnu/crti.o

.rel.dyn        0x000000000000817c     0x8e00
 *(.rel.init)
 .rel.init      0x000000000000817c        0x0 /usr/lib/gcc/i686-linux-gnu/5/../../../i386-linux-gnu/crti.o
 *(.rel.text .rel.text.* .rel.gnu.linkonce.t.*)
 .rel.text      0x000000000000817c     0x8450 /usr/lib/gcc/i686-linux-gnu/5/../../../i386-linux-gnu/crti.o
 *(.rel.fini)
 .rel.fini      0x00000000000105cc        0x0 /usr/lib/gcc/i686-linux-gnu/5/../../../i386-linux-gnu/crti.o
 *(.rel.rodata .rel.rodata.* .rel.gnu.linkonce.r.*)
 .rel.rodata    0x00000000000105cc      0x588 /usr/lib/gcc/i686-linux-gnu/5/../../../i386-linux-gnu/crti.o
 *(.rel.data.rel.ro .rel.data.rel.ro.* .rel.gnu.linkonce.d.rel.ro.*)
 *(.rel.data .rel.data.* .rel.gnu.linkonce.d.*)
 .rel.data.rel.local
                0x0000000000010b54        0x8 /usr/lib/gcc/i686-linux-gnu/5/../../../i386-linux-gnu/crti.o
 .rel.data      0x0000000000010b5c      0x3e8 /usr/lib/gcc/i686-linux-gnu/5/../../../i386-linux-gnu/crti.o
 *(.rel.tdata .rel.tdata.* .rel.gnu.linkonce.td.*)
 *(.rel.tbss .rel.tbss.* .rel.gnu.linkonce.tb.*)
 *(.rel.ctors)
 *(.rel.dtors)
 *(.rel.got)
 .rel.got       0x0000000000010f44       0x28 /usr/lib/gcc/i686-linux-gnu/5/../../../i386-linux-gnu/crti.o
 *(.rel.bss .rel.bss.* .rel.gnu.linkonce.b.*)
 *(.rel.ifunc)
 .rel.ifunc     0x0000000000010f6c        0x0 /usr/lib/gcc/i686-linux-gnu/5/../../../i386-linux-gnu/crti.o
 .rel.fini_array
                0x0000000000010f6c        0x8 /usr/lib/gcc/i686-linux-gnu/5/../../../i386-linux-gnu/crti.o
 .rel.init_array
                0x0000000000010f74        0x8 /usr/lib/gcc/i686-linux-gnu/5/../../../i386-linux-gnu/crti.o

.rel.plt        0x0000000000010f7c        0x0
 *(.rel.plt)
 .rel.plt       0x0000000000010f7c        0x0 /usr/lib/gcc/i686-linux-gnu/5/../../../i386-linux-gnu/crti.o
 *(.rel.iplt)

.init           0x0000000000010f7c       0x23
 *(SORT(.init))
 .init          0x0000000000010f7c       0x1e /usr/lib/gcc/i686-linux-gnu/5/../../../i386-linux-gnu/crti.o
                0x0000000000010f7c                _init
 .init          0x0000000000010f9a        0x5 /usr/lib/gcc/i686-linux-gnu/5/../../../i386-linux-gnu/crtn.o

.plt            0x0000000000010fa0       0x10
 *(.plt)
 .plt           0x0000000000010fa0       0x10 /usr/lib/gcc/i686-linux-gnu/5/../../../i386-linux-gnu/crti.o
 *(.iplt)

.plt.got        0x0000000000010fb0       0x10
 *(.plt.got)
 .plt.got       0x0000000000010fb0       0x10 /usr/lib/gcc/i686-linux-gnu/5/../../../i386-linux-gnu/crti.o

.text           0x0000000000010fc0    0x17fb2
 *(.text.unlikely .text.*_unlikely .text.unlikely.*)
 .text.unlikely
                0x0000000000010fc0        0x0 /usr/lib/gcc/i686-linux-gnu/5/crtbeginS.o
 .text.unlikely
                0x0000000000010fc0        0x0 /usr/lib/gcc/i686-linux-gnu/5/libgcc.a(_udivdi3.o)
 *(.text.exit .text.exit.*)
 *(.text.startup .text.startup.*)
 *(.text.hot .text.hot.*)
 *(.text .stub .text.* .gnu.linkonce.t.*)
 .text          0x0000000000010fc0        0x0 /usr/lib/gcc/i686-linux-gnu/5/../../../i386-linux-gnu/crti.o
 .gnu.linkonce.t.__x86.get_pc_thunk.bx
                0x0000000000010fc0        0x4 /usr/lib/gcc/i686-linux-gnu/5/../../../i386-linux-gnu/crti.o
                0x0000000000010fc0                __x86.get_pc_thunk.bx
 *fill*         0x0000000000010fc4        0xc 
 .text          0x0000000000010fd0      0x11c /usr/lib/gcc/i686-linux-gnu/5/crtbeginS.o
 .text.__x86.get_pc_thunk.dx
                0x00000000000110ec        0x4 /usr/lib/gcc/i686-linux-gnu/5/crtbeginS.o
                0x00000000000110ec                __x86.get_pc_thunk.dx
 .text          0x00000000000110f0       0xd4 server-hello.o
 .text          0x00000000000111c4      0x283 build/cooja/mtype47.o
                0x0000000000011256                platform_init_stage_one
                0x0000000000011269                platform_init_stage_two
                0x000000000001127c                platform_init_stage_three
                0x000000000001128f                platform_main_loop
                0x0000000000011302                Java_org_contikios_cooja_corecomm_Lib4_init
                0x0000000000011339                Java_org_contikios_cooja_corecomm_Lib4_getMemory
                0x000000000001136c                Java_org_contikios_cooja_corecomm_Lib4_setMemory
                0x00000000000113cc                Java_org_contikios_cooja_corecomm_Lib4_tick
                0x0000000000011434                Java_org_contikios_cooja_corecomm_Lib4_setReferenceAddress
 .text          0x0000000000011447       0x65 build/cooja/mtype47.a(simEnvChange.o)
                0x0000000000011447                doActionsBeforeTick
                0x0000000000011479                doActionsAfterTick
 .text          0x00000000000114ac       0x83 build/cooja/mtype47.a(cooja_mt.o)
                0x00000000000114ac                cooja_mt_start
                0x00000000000114d6                cooja_mt_exec
                0x000000000001150c                cooja_mt_yield
 .text          0x000000000001152f       0xbe build/cooja/mtype47.a(cooja_mtarch.o)
                0x000000000001152f                cooja_mtarch_start
                0x00000000000115a2                cooja_sw
                0x00000000000115c5                cooja_mtarch_exec
                0x00000000000115e2                cooja_mtarch_yield
 .text          0x00000000000115ed       0xc5 build/cooja/mtype47.a(rtimer-arch.o)
                0x00000000000115ed                rtimer_arch_init
                0x0000000000011611                rtimer_arch_schedule
                0x0000000000011641                rtimer_arch_next
                0x0000000000011651                rtimer_arch_pending
                0x000000000001165b                rtimer_arch_check
                0x00000000000116a2                rtimer_arch_now
 .text          0x00000000000116b2       0x81 build/cooja/mtype47.a(beep.o)
                0x00000000000116b2                beep_alarm
                0x00000000000116bf                beep_beep
                0x00000000000116cc                beep
                0x00000000000116d9                beep_down
                0x00000000000116e6                beep_on
                0x00000000000116f3                beep_off
                0x0000000000011700                beep_spinup
                0x000000000001170d                beep_quick
                0x000000000001171a                beep_long
 .text          0x0000000000011733       0x65 build/cooja/mtype47.a(leds-arch.o)
                0x0000000000011746                leds_arch_init
 .text          0x0000000000011798       0x35 build/cooja/mtype47.a(moteid.o)
 .text          0x00000000000117cd       0xb7 build/cooja/mtype47.a(pir-sensor.o)
 .text          0x0000000000011884      0x148 build/cooja/mtype47.a(rs232.o)
                0x0000000000011884                rs232_init
                0x000000000001188a                rs232_set_speed
                0x0000000000011899                rs232_set_input
                0x00000000000118a7                rs232_send
                0x00000000000118cb                rs232_print
                0x00000000000118e7                slip_arch_writeb
 .text          0x00000000000119cc       0xb7 build/cooja/mtype47.a(vib-sensor.o)
 .text          0x0000000000011a83       0x38 build/cooja/mtype47.a(clock.o)
                0x0000000000011a83                clock_init
                0x0000000000011a89                clock_time
                0x0000000000011a93                clock_seconds
                0x0000000000011aa9                clock_delay
 .text          0x0000000000011abb      0x219 build/cooja/mtype47.a(cooja-log.o)
                0x0000000000011abb                simlog_char
                0x0000000000011afe                simlog
                0x0000000000011b74                log_message
                0x0000000000011ba5                log_set_putchar_with_slip
                0x0000000000011bb3                log_putchar
                0x0000000000011c2e                log_puts
                0x0000000000011c56                log_printf
 .text          0x0000000000011cd4      0x2b9 build/cooja/mtype47.a(cfs-cooja.o)
                0x0000000000011cd4                cfs_open
                0x0000000000011d3d                cfs_close
                0x0000000000011d4a                cfs_read
                0x0000000000011ddf                cfs_write
                0x0000000000011ebb                cfs_seek
                0x0000000000011f43                cfs_remove
                0x0000000000011f67                cfs_opendir
                0x0000000000011f71                cfs_readdir
                0x0000000000011f7b                cfs_closedir
 .text          0x0000000000011f8d      0x620 build/cooja/mtype47.a(cooja-radio.o)
                0x0000000000011fcf                radio_set_channel
                0x0000000000011fdd                radio_set_txpower
                0x0000000000011ff5                radio_signal_strength_last
                0x0000000000011fff                radio_signal_strength_current
                0x0000000000012009                radio_LQI
 .text          0x00000000000125ad       0xee build/cooja/mtype47.a(eeprom.o)
                0x00000000000125ad                eeprom_init
                0x00000000000125b3                eeprom_read
                0x0000000000012621                eeprom_write
 .text          0x000000000001269b       0x2d build/cooja/mtype47.a(random.o)
                0x000000000001269b                random_init
                0x00000000000126bb                random_rand
 .text          0x00000000000126c8      0x29c build/cooja/mtype47.a(sensors.o)
                0x0000000000012703                sensors_first
                0x000000000001270d                sensors_next
                0x0000000000012727                sensors_changed
                0x000000000001275b                sensors_find
 .text          0x0000000000012964      0x349 build/cooja/mtype47.a(leds.o)
                0x0000000000012964                leds_init
                0x00000000000129ab                leds_single_on
                0x0000000000012a0a                leds_single_off
                0x0000000000012a69                leds_single_toggle
                0x0000000000012a9b                leds_on
                0x0000000000012b1d                leds_off
                0x0000000000012b9f                leds_toggle
                0x0000000000012bf4                leds_set
                0x0000000000012c20                leds_get
 .text          0x0000000000012cad      0x343 build/cooja/mtype47.a(gpio-hal-arch.o)
                0x0000000000012cad                gpio_hal_arch_register_pin_callback
                0x0000000000012d19                gpio_hal_arch_init
                0x0000000000012d5e                gpio_hal_arch_no_port_interrupt_enable
                0x0000000000012d8e                gpio_hal_arch_no_port_interrupt_disable
                0x0000000000012dbe                gpio_hal_arch_no_port_pin_cfg_set
                0x0000000000012de3                gpio_hal_arch_no_port_pin_cfg_get
                0x0000000000012e09                gpio_hal_arch_no_port_pin_set_input
                0x0000000000012e1b                gpio_hal_arch_no_port_pin_set_output
                0x0000000000012e2d                gpio_hal_arch_no_port_set_pin
                0x0000000000012e4e                gpio_hal_arch_no_port_clear_pin
                0x0000000000012e6f                gpio_hal_arch_no_port_read_pin
                0x0000000000012e95                gpio_hal_arch_no_port_write_pin
                0x0000000000012ebf                gpio_hal_arch_no_port_set_pins
                0x0000000000012f06                gpio_hal_arch_no_port_clear_pins
                0x0000000000012f4d                gpio_hal_arch_no_port_read_pins
                0x0000000000012f90                gpio_hal_arch_no_port_write_pins
 .text          0x0000000000012ff0       0x89 build/cooja/mtype47.a(buttons.o)
 .text          0x0000000000013079       0xa0 build/cooja/mtype47.a(res-hello.o)
 .text          0x0000000000013119      0xbea build/cooja/mtype47.a(coap-engine.o)
                0x00000000000131ae                coap_add_handler
                0x00000000000131cb                coap_remove_handler
                0x00000000000131e8                coap_call_handlers
                0x00000000000132f0                coap_receive
                0x00000000000138eb                coap_engine_init
                0x0000000000013949                coap_activate_resource
                0x00000000000139f4                coap_get_first_resource
                0x0000000000013a0d                coap_get_next_resource
 .text          0x0000000000013d03      0x2d9 build/cooja/mtype47.a(coap-res-well-k)
 .text          0x0000000000013fdc      0x96a build/cooja/mtype47.a(coap-observe.o)
                0x00000000000140f1                coap_remove_observer
                0x0000000000014121                coap_remove_observer_by_client
                0x0000000000014189                coap_remove_observer_by_token
                0x000000000001421c                coap_remove_observer_by_uri
                0x00000000000142c3                coap_remove_observer_by_mid
                0x000000000001433f                coap_notify_observers
                0x0000000000014358                coap_notify_observers_sub
                0x00000000000147c2                coap_observe_handler
                0x00000000000148dd                coap_has_observers
 .text          0x0000000000014946      0x733 build/cooja/mtype47.a(coap-uip.o)
                0x0000000000014946                coap_endpoint_log
                0x00000000000149cc                coap_endpoint_print
                0x0000000000014a52                coap_endpoint_snprint
                0x0000000000014b85                coap_endpoint_copy
                0x0000000000014bc2                coap_endpoint_cmp
                0x0000000000014cd0                coap_endpoint_parse
                0x0000000000014ebb                coap_endpoint_is_secure
                0x0000000000014eca                coap_endpoint_is_connected
                0x0000000000014efe                coap_endpoint_connect
                0x0000000000014f1a                coap_endpoint_disconnect
                0x0000000000014f20                coap_databuf
                0x0000000000014f2a                coap_transport_init
                0x0000000000014f7a                coap_sendto
 .text          0x0000000000015079      0x324 build/cooja/mtype47.a(coap-timer.o)
                0x0000000000015176                coap_timer_stop
                0x00000000000151a1                coap_timer_set
                0x00000000000151e4                coap_timer_reset
                0x0000000000015227                coap_timer_time_to_next_expiration
                0x0000000000015293                coap_timer_run
                0x000000000001535f                coap_timer_init
 .text          0x000000000001539d      0x2c6 build/cooja/mtype47.a(coap-transactio)
                0x0000000000015403                coap_new_transaction
                0x0000000000015469                coap_send_transaction
                0x00000000000155ca                coap_clear_transaction
                0x0000000000015612                coap_get_transaction_by_mid
 .text          0x0000000000015663     0x1c53 build/cooja/mtype47.a(coap.o)
                0x0000000000015bd0                coap_init_connection
                0x0000000000015be4                coap_get_mid
                0x0000000000015c00                coap_init_message
                0x0000000000015c49                coap_serialize_message
                0x00000000000162cb                coap_parse_message
                0x0000000000016932                coap_get_query_variable
                0x0000000000016974                coap_get_post_variable
                0x00000000000169b8                coap_set_status_code
                0x00000000000169dd                coap_set_token
                0x0000000000016a24                coap_get_header_content_format
                0x0000000000016a55                coap_set_header_content_format
                0x0000000000016a78                coap_get_header_accept
                0x0000000000016aa9                coap_set_header_accept
                0x0000000000016acc                coap_get_header_max_age
                0x0000000000016afd                coap_set_header_max_age
                0x0000000000016b1d                coap_get_header_etag
                0x0000000000016b4f                coap_set_header_etag
                0x0000000000016ba6                coap_get_header_if_match
                0x0000000000016bd8                coap_set_header_if_match
                0x0000000000016c2f                coap_get_header_if_none_match
                0x0000000000016c49                coap_set_header_if_none_match
                0x0000000000016c60                coap_get_header_proxy_uri
                0x0000000000016c8e                coap_set_header_proxy_uri
                0x0000000000016ccb                coap_get_header_uri_host
                0x0000000000016cf9                coap_set_header_uri_host
                0x0000000000016d36                coap_get_header_uri_path
                0x0000000000016d64                coap_set_header_uri_path
                0x0000000000016db1                coap_get_header_uri_query
                0x0000000000016de5                coap_set_header_uri_query
                0x0000000000016e3b                coap_get_header_location_path
                0x0000000000016e69                coap_set_header_location_path
                0x0000000000016f02                coap_get_header_location_query
                0x0000000000016f30                coap_set_header_location_query
                0x0000000000016f7d                coap_get_header_observe
                0x0000000000016fac                coap_set_header_observe
                0x0000000000016fcc                coap_get_header_block2
                0x0000000000017038                coap_set_header_block2
                0x00000000000170af                coap_get_header_block1
                0x0000000000017124                coap_set_header_block1
                0x000000000001719f                coap_get_header_size2
                0x00000000000171cf                coap_set_header_size2
                0x00000000000171f2                coap_get_header_size1
                0x0000000000017222                coap_set_header_size1
                0x0000000000017245                coap_get_payload
                0x000000000001727f                coap_set_payload
 .text          0x00000000000172b6      0x332 build/cooja/mtype47.a(contiki-main.o)
                0x00000000000172b6                main
 .text          0x00000000000175e8       0x92 build/cooja/mtype47.a(autostart.o)
                0x00000000000175e8                autostart_start
                0x0000000000017632                autostart_exit
 .text          0x000000000001767a      0x355 build/cooja/mtype47.a(ctimer.o)
                0x00000000000177a2                ctimer_init
                0x00000000000177d5                ctimer_set
                0x00000000000177fb                ctimer_set_with_process
                0x0000000000017878                ctimer_reset
                0x00000000000178cc                ctimer_restart
                0x0000000000017920                ctimer_stop
                0x0000000000017970                ctimer_expired
 .text          0x00000000000179cf      0x394 build/cooja/mtype47.a(log.o)
                0x00000000000179cf                log_6addr
                0x0000000000017a22                log_6addr_compact_snprint
                0x0000000000017ac0                log_6addr_compact
                0x0000000000017b13                log_lladdr
                0x0000000000017b85                log_lladdr_compact
                0x0000000000017bed                log_set_level
                0x0000000000017ca8                log_get_level
                0x0000000000017d21                log_level_to_str
 .text          0x0000000000017d63       0x1b build/cooja/mtype47.a(energest.o)
                0x0000000000017d63                energest_init
                0x0000000000017d69                energest_flush
                0x0000000000017d6f                energest_get_total_time
 .text          0x0000000000017d7e      0x43f build/cooja/mtype47.a(etimer.o)
                0x0000000000017fa2                etimer_request_poll
                0x000000000001802b                etimer_set
                0x0000000000018054                etimer_reset_with_new_interval
                0x0000000000018083                etimer_reset
                0x00000000000180a9                etimer_restart
                0x00000000000180cf                etimer_adjust
                0x00000000000180ec                etimer_expired
                0x00000000000180ff                etimer_expiration_time
                0x0000000000018111                etimer_start_time
                0x000000000001811b                etimer_pending
                0x000000000001812d                etimer_next_expiration_time
                0x0000000000018147                etimer_stop
 .text          0x00000000000181bd       0x25 build/cooja/mtype47.a(node-id.o)
                0x00000000000181bd                node_id_init
 .text          0x00000000000181e2       0xeb build/cooja/mtype47.a(rtimer.o)
                0x00000000000181e2                rtimer_init
                0x00000000000181f0                rtimer_set
                0x000000000001826b                rtimer_run_next
 .text          0x00000000000182cd      0x4fb build/cooja/mtype47.a(process.o)
                0x00000000000182cd                process_alloc_event
                0x00000000000182e2                process_start
                0x00000000000184bc                process_exit
                0x00000000000184d9                process_init
                0x000000000001866e                process_run
                0x00000000000186a1                process_nevents
                0x00000000000186bc                process_post
                0x000000000001874f                process_post_synch
                0x0000000000018784                process_poll
                0x00000000000187b4                process_is_running
 .text          0x00000000000187c8       0xb1 build/cooja/mtype47.a(timer.o)
                0x00000000000187c8                timer_set
                0x00000000000187e6                timer_reset
                0x0000000000018813                timer_restart
                0x0000000000018828                timer_expired
                0x0000000000018855                timer_remaining
 .text          0x0000000000018879      0x28f build/cooja/mtype47.a(list.o)
                0x0000000000018879                list_init
                0x0000000000018888                list_head
                0x0000000000018892                list_copy
                0x00000000000188a2                list_tail
                0x00000000000188d8                list_add
                0x0000000000018924                list_push
                0x0000000000018950                list_chop
                0x00000000000189ba                list_pop
                0x00000000000189e2                list_remove
                0x0000000000018a4a                list_length
                0x0000000000018a78                list_insert
                0x0000000000018abd                list_item_next
                0x0000000000018ad4                list_contains
 .text          0x0000000000018b08      0x1b5 build/cooja/mtype47.a(memb.o)
                0x0000000000018b08                memb_init
                0x0000000000018b5d                memb_alloc
                0x0000000000018bc0                memb_free
                0x0000000000018c37                memb_inmemb
                0x0000000000018c76                memb_numfree
 .text          0x0000000000018cbd      0x41c build/cooja/mtype47.a(button-hal.o)
                0x0000000000018e36                button_hal_get_by_id
                0x0000000000018e74                button_hal_get_by_index
                0x0000000000018ea0                button_hal_get_state
                0x0000000000018ef2                button_hal_init
 .text          0x00000000000190d9      0x1f3 build/cooja/mtype47.a(serial-line.o)
                0x00000000000190d9                serial_line_input_byte
                0x0000000000019297                serial_line_init
 .text          0x00000000000192cc      0x168 build/cooja/mtype47.a(gpio-hal.o)
                0x00000000000192cc                gpio_hal_register_handler
                0x00000000000192e9                gpio_hal_event_handler
                0x0000000000019345                gpio_hal_init
                0x0000000000019364                gpio_hal_arch_port_toggle_pin
                0x00000000000193a0                gpio_hal_arch_port_toggle_pins
                0x00000000000193ce                gpio_hal_arch_no_port_toggle_pin
                0x000000000001940c                gpio_hal_arch_no_port_toggle_pins
 .text          0x0000000000019434      0x2e7 build/cooja/mtype47.a(queuebuf.o)
                0x000000000001943e                queuebuf_init
                0x0000000000019467                queuebuf_numfree
                0x000000000001947f                queuebuf_new_from_packetbuf
                0x000000000001951e                queuebuf_update_attr_from_packetbuf
                0x0000000000019553                queuebuf_update_from_packetbuf
                0x00000000000195a3                queuebuf_free
                0x00000000000195ec                queuebuf_to_packetbuf
                0x0000000000019658                queuebuf_dataptr
                0x0000000000019692                queuebuf_datalen
                0x00000000000196b5                queuebuf_addr
                0x00000000000196ea                queuebuf_attr
                0x0000000000019715                queuebuf_debug_print
 .text          0x000000000001971b      0x407 build/cooja/mtype47.a(packetbuf.o)
                0x000000000001971b                packetbuf_clear
                0x0000000000019746                packetbuf_copyfrom
                0x0000000000019795                packetbuf_copyto
                0x0000000000019828                packetbuf_hdralloc
                0x00000000000198a4                packetbuf_hdrreduce
                0x00000000000198ea                packetbuf_set_datalen
                0x0000000000019904                packetbuf_dataptr
                0x0000000000019921                packetbuf_hdrptr
                0x000000000001992b                packetbuf_datalen
                0x0000000000019937                packetbuf_hdrlen
                0x000000000001994e                packetbuf_totlen
                0x0000000000019964                packetbuf_remaininglen
                0x0000000000019977                packetbuf_attr_clear
                0x00000000000199c3                packetbuf_attr_copyto
                0x0000000000019a1b                packetbuf_attr_copyfrom
                0x0000000000019a73                packetbuf_set_attr
                0x0000000000019a9d                packetbuf_attr
                0x0000000000019ab7                packetbuf_set_addr
                0x0000000000019ae8                packetbuf_addr
                0x0000000000019b05                packetbuf_holds_broadcast
 .text          0x0000000000019b22       0xef build/cooja/mtype47.a(netstack.o)
                0x0000000000019b22                netstack_process_ip_callback
                0x0000000000019bb3                netstack_ip_packet_processor_add
                0x0000000000019bd6                uip_ds6_ip_packet_processor_rm
                0x0000000000019bf3                netstack_init
 .text          0x0000000000019c11       0x4f build/cooja/mtype47.a(linkaddr.o)
                0x0000000000019c11                linkaddr_copy
                0x0000000000019c27                linkaddr_cmp
                0x0000000000019c4a                linkaddr_set_node_addr
 .text          0x0000000000019c60      0x1f6 build/cooja/mtype47.a(csma.o)
 .text          0x0000000000019e56      0x95d build/cooja/mtype47.a(csma-output.o)
                0x000000000001a4ed                csma_output_packet
                0x000000000001a77a                csma_output_init
 .text          0x000000000001a7b3      0xc11 build/cooja/mtype47.a(uip-ds6.o)
                0x000000000001a7b3                uip_ds6_default_prefix
                0x000000000001a7bd                uip_ds6_set_default_prefix
                0x000000000001a7e8                uip_ds6_init
                0x000000000001aa4a                uip_ds6_periodic
                0x000000000001aad1                uip_ds6_list_loop
                0x000000000001ab91                uip_ds6_prefix_add
                0x000000000001ac3d                uip_ds6_prefix_rm
                0x000000000001ac50                uip_ds6_prefix_lookup
                0x000000000001ac8f                uip_ds6_is_addr_onlink
                0x000000000001ad02                uip_ds6_addr_add
                0x000000000001ae22                uip_ds6_addr_rm
                0x000000000001aecb                uip_ds6_addr_lookup
                0x000000000001af04                uip_ds6_get_link_local
                0x000000000001af85                uip_ds6_get_global
                0x000000000001b006                uip_ds6_maddr_add
                0x000000000001b066                uip_ds6_maddr_rm
                0x000000000001b079                uip_ds6_maddr_lookup
                0x000000000001b0b2                uip_ds6_aaddr_add
                0x000000000001b112                uip_ds6_aaddr_rm
                0x000000000001b125                uip_ds6_aaddr_lookup
                0x000000000001b15e                uip_ds6_select_src
                0x000000000001b2a7                uip_ds6_set_addr_iid
                0x000000000001b2d2                uip_ds6_set_lladdr_from_iid
                0x000000000001b2fb                get_match_length
                0x000000000001b38c                uip_ds6_compute_reachable_time
 .text          0x000000000001b3c4      0x128 build/cooja/mtype47.a(uip-udp-packet.)
                0x000000000001b3c4                uip_udp_packet_send
                0x000000000001b41f                uip_udp_packet_sendto
 .text          0x000000000001b4ec      0x35b build/cooja/mtype47.a(uip-ds6-route.o)
                0x000000000001b53d                uip_ds6_route_init
                0x000000000001b567                uip_ds6_route_nexthop
                0x000000000001b571                uip_ds6_route_head
                0x000000000001b57b                uip_ds6_route_next
                0x000000000001b585                uip_ds6_route_is_nexthop
                0x000000000001b58f                uip_ds6_route_num_routes
                0x000000000001b599                uip_ds6_route_lookup
                0x000000000001b5a3                uip_ds6_route_add
                0x000000000001b5b6                uip_ds6_route_rm
                0x000000000001b5bc                uip_ds6_route_rm_by_nexthop
                0x000000000001b5c2                uip_ds6_defrt_head
                0x000000000001b5db                uip_ds6_defrt_add
                0x000000000001b689                uip_ds6_defrt_rm
                0x000000000001b6ef                uip_ds6_defrt_lookup
                0x000000000001b756                uip_ds6_defrt_choose
                0x000000000001b7cc                uip_ds6_defrt_periodic
 .text          0x000000000001b847      0x6f7 build/cooja/mtype47.a(tcpip.o)
                0x000000000001b861                tcpip_output
                0x000000000001b8e0                udp_attach
                0x000000000001b8f8                udp_new
                0x000000000001b942                udp_broadcast_new
                0x000000000001bab4                tcpip_input
                0x000000000001bc44                tcpip_ipv6_output
                0x000000000001be38                tcpip_poll_udp
                0x000000000001be56                tcpip_uipcall
 .text          0x000000000001bf3e     0x1205 build/cooja/mtype47.a(uip6.o)
                0x000000000001bfed                uip_chksum
                0x000000000001c0c4                uip_icmp6chksum
                0x000000000001c0d9                uip_udpchksum
                0x000000000001c0ee                uip_init
                0x000000000001c137                uip_remove_ext_hdr
                0x000000000001c211                uip_udp_new
                0x000000000001c525                uip_process
                0x000000000001d01d                uip_htons
                0x000000000001d03f                uip_htonl
                0x000000000001d07d                uip_send
 .text          0x000000000001d143      0x369 build/cooja/mtype47.a(uip-ds6-nbr.o)
                0x000000000001d143                uip_ds6_neighbors_init
                0x000000000001d167                uip_ds6_nbr_add
                0x000000000001d1ed                uip_ds6_nbr_rm
                0x000000000001d238                uip_ds6_nbr_update_ll
                0x000000000001d326                uip_ds6_nbr_get_ipaddr
                0x000000000001d33b                uip_ds6_nbr_get_ll
                0x000000000001d357                uip_ds6_nbr_num
                0x000000000001d3a0                uip_ds6_nbr_head
                0x000000000001d3b9                uip_ds6_nbr_next
                0x000000000001d3d5                uip_ds6_nbr_lookup
                0x000000000001d42d                uip_ds6_nbr_ll_lookup
                0x000000000001d449                uip_ds6_nbr_ipaddr_from_lladdr
                0x000000000001d472                uip_ds6_nbr_lladdr_from_ipaddr
                0x000000000001d4a6                uip_ds6_link_callback
 .text          0x000000000001d4ac      0x6a7 build/cooja/mtype47.a(uip-nd6.o)
                0x000000000001db3a                uip_nd6_init
 .text          0x000000000001db53     0x2c17 build/cooja/mtype47.a(sicslowpan.o)
                0x000000000001e15a                netstack_sniffer_add
                0x000000000001e168                netstack_sniffer_remove
                0x000000000002073e                sicslowpan_init
                0x0000000000020760                sicslowpan_get_last_rssi
 .text          0x000000000002076a      0x4d1 build/cooja/mtype47.a(uiplib.o)
                0x000000000002076a                uiplib_ip6addrconv
                0x0000000000020922                uiplib_ip4addrconv
                0x00000000000209e5                uiplib_ipaddr_print
                0x0000000000020a38                uiplib_ipaddr_snprint
 .text          0x0000000000020c3b      0x4c9 build/cooja/mtype47.a(rpl.o)
                0x0000000000020c3b                rpl_lollipop_greater_than
                0x0000000000020c95                rpl_get_global_address
                0x0000000000020d8d                rpl_link_callback
                0x0000000000020dd1                rpl_has_joined
                0x0000000000020df6                rpl_is_reachable
                0x0000000000020e77                rpl_reset_prefix
                0x0000000000020ee1                rpl_set_prefix_from_addr
                0x0000000000020fc6                rpl_set_prefix
                0x00000000000210e0                rpl_set_leaf_only
                0x00000000000210f8                rpl_get_leaf_only
 .text          0x0000000000021104     0x138c build/cooja/mtype47.a(rpl-icmp6.o)
                0x0000000000021229                rpl_icmp6_update_nbr_table
                0x00000000000212b2                rpl_icmp6_dis_output
                0x00000000000218f8                rpl_icmp6_dio_output
                0x00000000000220f6                rpl_icmp6_dao_output
                0x00000000000223d7                rpl_icmp6_dao_ack_output
                0x0000000000022447                rpl_icmp6_init
 .text          0x0000000000022490      0x264 build/cooja/mtype47.a(rpl-dag-root.o)
                0x0000000000022490                rpl_dag_root_print_links
                0x00000000000225bc                rpl_dag_root_set_prefix
                0x00000000000225e8                rpl_dag_root_start
                0x00000000000226c5                rpl_dag_root_is_root
 .text          0x00000000000226f4       0x30 build/cooja/mtype47.a(watchdog.o)
                0x00000000000226f4                watchdog_init
                0x00000000000226fa                watchdog_start
                0x0000000000022700                watchdog_periodic
                0x0000000000022718                watchdog_stop
                0x000000000002271e                watchdog_reboot
 .text          0x0000000000022724       0x4a build/cooja/mtype47.a(int-master.o)
                0x0000000000022724                int_master_enable
                0x0000000000022734                int_master_read_and_disable
                0x0000000000022751                int_master_status_set
                0x000000000002275f                int_master_is_enabled
 .text          0x000000000002276e      0x226 build/cooja/mtype47.a(coap-timer-defa)
 .text          0x0000000000022994       0xc7 build/cooja/mtype47.a(stimer.o)
                0x0000000000022994                stimer_set
                0x00000000000229b2                stimer_reset
                0x00000000000229df                stimer_restart
                0x00000000000229f4                stimer_expired
                0x0000000000022a1f                stimer_remaining
                0x0000000000022a43                stimer_elapsed
 .text          0x0000000000022a5b      0x156 build/cooja/mtype47.a(ringbuf.o)
                0x0000000000022a5b                ringbuf_init
                0x0000000000022a8d                ringbuf_put
                0x0000000000022b0b                ringbuf_get
                0x0000000000022b78                ringbuf_size
                0x0000000000022b8a                ringbuf_elements
 .text          0x0000000000022bb1       0x1f build/cooja/mtype47.a(assert.o)
                0x0000000000022bb1                _xassert
 .text          0x0000000000022bd0      0x79b build/cooja/mtype47.a(nbr-table.o)
                0x0000000000023049                nbr_table_register
                0x00000000000230b6                nbr_table_is_registered
                0x00000000000230f1                nbr_table_head
                0x000000000002314c                nbr_table_next
                0x00000000000231ad                nbr_table_add_lladdr
                0x0000000000023287                nbr_table_get_from_lladdr
                0x00000000000232d3                nbr_table_remove
                0x000000000002330b                nbr_table_lock
                0x0000000000023325                nbr_table_unlock
                0x000000000002333f                nbr_table_get_lladdr
 .text          0x000000000002336b      0x3a5 build/cooja/mtype47.a(link-stats.o)
                0x000000000002336b                link_stats_from_lladdr
                0x0000000000023387                link_stats_get_lladdr
                0x00000000000233a3                link_stats_is_fresh
                0x00000000000233df                guess_etx_from_rssi
                0x000000000002345b                link_stats_packet_sent
                0x000000000002357b                link_stats_input_callback
                0x000000000002368b                link_stats_reset
                0x00000000000236db                link_stats_init
 .text          0x0000000000023710      0x187 build/cooja/mtype47.a(mac-sequence.o)
                0x0000000000023710                mac_sequence_is_duplicate
                0x00000000000237b0                mac_sequence_register_seqno
 .text          0x0000000000023897       0x23 build/cooja/mtype47.a(mac.o)
                0x0000000000023897                mac_call_sent_callback
 .text          0x00000000000238ba      0x432 build/cooja/mtype47.a(framer-802154.o)
                0x0000000000023a49                framer_802154_setup_params
 .text          0x0000000000023cec      0xb6f build/cooja/mtype47.a(frame802154.o)
                0x0000000000023d1d                frame802154_get_pan_id
                0x0000000000023d29                frame802154_set_pan_id
                0x0000000000023d43                frame802154_has_panid
                0x0000000000023ef2                frame802154_check_dest_panid
                0x0000000000023f7a                frame802154_is_broadcast_addr
                0x0000000000023fc7                frame802154_extract_linkaddr
                0x000000000002422c                frame802154_hdrlen
                0x000000000002429f                frame802154_create_fcf
                0x0000000000024357                frame802154_create
                0x00000000000244cc                frame802154_parse_fcf
                0x00000000000245ae                frame802154_parse
 .text          0x000000000002485b       0x2d build/cooja/mtype47.a(csma-security.o)
                0x000000000002485b                csma_security_create_frame
                0x0000000000024879                csma_security_parse_frame
 .text          0x0000000000024888      0x4e4 build/cooja/mtype47.a(uipbuf.o)
                0x0000000000024888                uipbuf_clear
                0x00000000000248af                uipbuf_add_ext_hdr
                0x000000000002492f                uipbuf_set_len
                0x000000000002495c                uipbuf_set_len_field
                0x0000000000024988                uipbuf_get_len_field
                0x00000000000249a8                uipbuf_get_next_header
                0x0000000000024ada                uipbuf_get_last_header
                0x0000000000024b53                uipbuf_search_header
                0x0000000000024c09                uipbuf_get_attr
                0x0000000000024c30                uipbuf_set_attr
                0x0000000000024c67                uipbuf_set_default_attr
                0x0000000000024c9e                uipbuf_clear_attr
                0x0000000000024cc2                uipbuf_set_attr_flag
                0x0000000000024ce3                uipbuf_clr_attr_flag
                0x0000000000024d0a                uipbuf_is_attr_flag
                0x0000000000024d2e                uipbuf_init
 .text          0x0000000000024d6c      0x73f build/cooja/mtype47.a(uip-icmp6.o)
                0x0000000000024de1                uip_icmp6_input
                0x0000000000024e38                uip_icmp6_register_input_handler
                0x0000000000024f8b                uip_icmp6_error_output
                0x000000000002523c                uip_icmp6_send
                0x0000000000025433                uip_icmp6_echo_reply_callback_add
                0x0000000000025465                uip_icmp6_echo_reply_callback_rm
                0x0000000000025482                uip_icmp6_init
 .text          0x00000000000254ab      0x69b build/cooja/mtype47.a(uip-sr.o)
                0x00000000000254ab                uip_sr_num_nodes
                0x0000000000025539                uip_sr_get_node
                0x0000000000025590                uip_sr_is_addr_reachable
                0x000000000002563e                uip_sr_expire_parent
                0x0000000000025687                uip_sr_update_node
                0x00000000000257b7                uip_sr_init
                0x00000000000257eb                uip_sr_node_head
                0x0000000000025804                uip_sr_node_next
                0x000000000002581a                uip_sr_periodic
                0x0000000000025920                uip_sr_free_all
                0x0000000000025990                uip_sr_link_snprint
 .text          0x0000000000025b46      0x146 build/cooja/mtype47.a(uip-packetqueue)
                0x0000000000025b74                uip_packetqueue_new
                0x0000000000025b83                uip_packetqueue_alloc
                0x0000000000025bde                uip_packetqueue_free
                0x0000000000025c25                uip_packetqueue_buf
                0x0000000000025c42                uip_packetqueue_buflen
                0x0000000000025c63                uip_packetqueue_set_buflen
 .text          0x0000000000025c8c      0x1b0 build/cooja/mtype47.a(rpl-nbr-policy.)
                0x0000000000025df9                rpl_nbr_policy_find_removable
 .text          0x0000000000025e3c      0x915 build/cooja/mtype47.a(rpl-neighbor.o)
                0x0000000000025eb8                rpl_neighbor_snprint
                0x000000000002616b                rpl_neighbor_print_list
                0x0000000000026220                rpl_neighbor_count
                0x00000000000262c7                rpl_neighbor_get_from_lladdr
                0x00000000000262e3                rpl_neighbor_is_acceptable_parent
                0x0000000000026317                rpl_neighbor_get_link_metric
                0x000000000002634b                rpl_neighbor_rank_via_nbr
                0x000000000002637f                rpl_neighbor_get_lladdr
                0x000000000002639b                rpl_neighbor_get_ipaddr
                0x00000000000263c2                rpl_neighbor_get_link_stats
                0x00000000000263e9                rpl_neighbor_is_fresh
                0x0000000000026410                rpl_neighbor_is_reachable
                0x000000000002645b                rpl_neighbor_is_parent
                0x0000000000026485                rpl_neighbor_set_preferred_parent
                0x000000000002651c                rpl_neighbor_remove_all
                0x0000000000026578                rpl_neighbor_get_from_ipaddr
                0x0000000000026686                rpl_neighbor_select_best
                0x0000000000026732                rpl_neighbor_init
 .text          0x0000000000026751      0xe69 build/cooja/mtype47.a(rpl-dag.o)
                0x0000000000026751                rpl_dag_state_to_str
                0x0000000000026790                rpl_dag_get_root_ipaddr
                0x00000000000267d8                rpl_dag_leave
                0x0000000000026861                rpl_dag_poison_and_leave
                0x0000000000026879                rpl_dag_periodic
                0x0000000000026901                rpl_is_addr_in_our_dag
                0x0000000000026945                rpl_get_default_instance
                0x0000000000026961                rpl_get_any_dag
                0x00000000000269ba                rpl_refresh_routes
                0x00000000000269fa                rpl_global_repair
                0x0000000000026a93                rpl_local_repair
                0x0000000000026add                rpl_dag_ready_to_advertise
                0x0000000000026b20                rpl_dag_update_state
                0x000000000002724d                rpl_process_dio
                0x00000000000272cb                rpl_process_dis
                0x0000000000027310                rpl_process_dao
                0x000000000002739f                rpl_process_dao_ack
                0x0000000000027436                rpl_process_hbh
                0x0000000000027486                rpl_dag_init_root
                0x000000000002759a                rpl_dag_init
 .text          0x00000000000275ba      0x9e7 build/cooja/mtype47.a(rpl-timers.o)
                0x00000000000275ba                rpl_timers_schedule_periodic_dis
                0x0000000000027708                rpl_timers_dio_reset
                0x0000000000027816                rpl_timers_schedule_unicast_dio
                0x000000000002796a                rpl_timers_schedule_dao
                0x0000000000027a29                rpl_timers_schedule_dao_ack
                0x0000000000027aaf                rpl_timers_notify_dao_ack
                0x0000000000027b0d                get_probing_delay
                0x0000000000027b41                get_probing_target
                0x0000000000027d2b                rpl_schedule_probing
                0x0000000000027d59                rpl_schedule_probing_now
                0x0000000000027dc3                rpl_timers_unschedule_leaving
                0x0000000000027dfb                rpl_timers_schedule_leaving
                0x0000000000027e3c                rpl_timers_init
                0x0000000000027ecc                rpl_timers_stop_dag_timers
                0x0000000000027f45                rpl_timers_unschedule_state_update
                0x0000000000027f69                rpl_timers_schedule_state_update
 .text          0x0000000000027fa1      0xb8e build/cooja/mtype47.a(rpl-ext-header.)
                0x0000000000027fa1                rpl_ext_header_srh_get_next_hop
                0x0000000000028088                rpl_ext_header_srh_update
                0x00000000000285f4                rpl_ext_header_hbh_update
                0x00000000000288f4                rpl_ext_header_update
                0x000000000002897d                rpl_ext_header_remove
 .text          0x0000000000028b2f      0x31b build/cooja/mtype47.a(rpl-mrhof.o)
 *fill*         0x0000000000028e4a        0x6 
 .text          0x0000000000028e50      0x122 /usr/lib/gcc/i686-linux-gnu/5/libgcc.a(_udivdi3.o)
                0x0000000000028e50                __udivdi3
 .text          0x0000000000028f72        0x0 /usr/lib/gcc/i686-linux-gnu/5/crtendS.o
 .text          0x0000000000028f72        0x0 /usr/lib/gcc/i686-linux-gnu/5/../../../i386-linux-gnu/crtn.o
 *(.gnu.warning)

.fini           0x0000000000028f74       0x14
 *(SORT(.fini))
 .fini          0x0000000000028f74        0xf /usr/lib/gcc/i686-linux-gnu/5/../../../i386-linux-gnu/crti.o
                0x0000000000028f74                _fini
 .fini          0x0000000000028f83        0x5 /usr/lib/gcc/i686-linux-gnu/5/../../../i386-linux-gnu/crtn.o
                [!provide]                        PROVIDE (__etext, .)
                [!provide]                        PROVIDE (_etext, .)
                [!provide]                        PROVIDE (etext, .)

.rodata         0x0000000000028fa0      0x9eb
 *(.rodata .rodata.* .gnu.linkonce.r.*)
 .rodata        0x0000000000028fa0       0x5e server-hello.o
                0x0000000000028fb8                autostart_processes
 *fill*         0x0000000000028ffe        0x2 
 .rodata        0x0000000000029000        0x8 build/cooja/mtype47.a(beep.o)
                0x0000000000029000                beep_interface
 .rodata        0x0000000000029008        0xe build/cooja/mtype47.a(leds-arch.o)
                0x0000000000029008                leds_interface
                0x0000000000029010                leds_arch_leds
 *fill*         0x0000000000029016        0x2 
 .rodata        0x0000000000029018        0x8 build/cooja/mtype47.a(moteid.o)
                0x0000000000029018                moteid_interface
 .rodata        0x0000000000029020       0x1c build/cooja/mtype47.a(pir-sensor.o)
                0x0000000000029020                pir_interface
                0x000000000002902c                pir_sensor
 .rodata        0x000000000002903c        0xe build/cooja/mtype47.a(rs232.o)
                0x000000000002903c                rs232_interface
 *fill*         0x000000000002904a        0x2 
 .rodata        0x000000000002904c       0x24 build/cooja/mtype47.a(vib-sensor.o)
                0x000000000002904c                vib_interface
                0x0000000000029060                vib_sensor
 .rodata        0x0000000000029070        0x8 build/cooja/mtype47.a(clock.o)
                0x0000000000029070                clock_interface
 .rodata        0x0000000000029078        0x8 build/cooja/mtype47.a(cooja-log.o)
                0x0000000000029078                simlog_interface
 .rodata        0x0000000000029080       0x2f build/cooja/mtype47.a(cfs-cooja.o)
                0x0000000000029080                cfs_interface
 *fill*         0x00000000000290af       0x11 
 .rodata        0x00000000000290c0       0xb8 build/cooja/mtype47.a(cooja-radio.o)
                0x00000000000290c0                radio_interface
                0x0000000000029140                cooja_radio_driver
 .rodata        0x0000000000029178        0x8 build/cooja/mtype47.a(eeprom.o)
                0x0000000000029178                eeprom_interface
 .rodata        0x0000000000029180        0x8 build/cooja/mtype47.a(sensors.o)
 .rodata        0x0000000000029188       0x2c build/cooja/mtype47.a(buttons.o)
                0x0000000000029188                button_interface
                0x000000000002919c                button_hal_button_count
                0x00000000000291a4                button_sensor
 .rodata        0x00000000000291b4       0x2b build/cooja/mtype47.a(res-hello.o)
 .rodata        0x00000000000291df       0x41 build/cooja/mtype47.a(coap-engine.o)
 .rodata        0x0000000000029220       0x19 build/cooja/mtype47.a(coap-res-well-k)
 .rodata        0x0000000000029239       0x11 build/cooja/mtype47.a(coap-observe.o)
 .rodata        0x000000000002924a       0x35 build/cooja/mtype47.a(coap-uip.o)
 *fill*         0x000000000002927f        0x1 
 .rodata        0x0000000000029280      0x1ac build/cooja/mtype47.a(coap.o)
 .rodata        0x000000000002942c       0xf8 build/cooja/mtype47.a(contiki-main.o)
 .rodata        0x0000000000029524        0xf build/cooja/mtype47.a(ctimer.o)
 *fill*         0x0000000000029533        0x1 
 .rodata        0x0000000000029534       0xc4 build/cooja/mtype47.a(log.o)
 .rodata        0x00000000000295f8        0xc build/cooja/mtype47.a(etimer.o)
 .rodata        0x0000000000029604       0x13 build/cooja/mtype47.a(button-hal.o)
 .rodata        0x0000000000029617        0xe build/cooja/mtype47.a(serial-line.o)
 *fill*         0x0000000000029625        0x3 
 .rodata        0x0000000000029628        0x8 build/cooja/mtype47.a(linkaddr.o)
                0x0000000000029628                linkaddr_null
 .rodata        0x0000000000029630       0x24 build/cooja/mtype47.a(csma.o)
                0x0000000000029638                csma_driver
 .rodata        0x0000000000029654       0x24 build/cooja/mtype47.a(csma-output.o)
 .rodata        0x0000000000029678       0x4d build/cooja/mtype47.a(uip-ds6-route.o)
 .rodata        0x00000000000296c5        0xd build/cooja/mtype47.a(tcpip.o)
 *fill*         0x00000000000296d2        0x2 
 .rodata        0x00000000000296d4       0x30 build/cooja/mtype47.a(sicslowpan.o)
                0x00000000000296d4                unc_llconf
                0x00000000000296d8                unc_ctxconf
                0x00000000000296dc                unc_mxconf
                0x00000000000296e0                llprefix
                0x00000000000296f4                sicslowpan_driver
 .rodata        0x0000000000029704       0x2d build/cooja/mtype47.a(uiplib.o)
 *fill*         0x0000000000029731        0xf 
 .rodata        0x0000000000029740       0x74 build/cooja/mtype47.a(rpl.o)
                0x0000000000029760                rpl_lite_driver
 .rodata        0x00000000000297b4       0x20 build/cooja/mtype47.a(coap-timer-defa)
                0x00000000000297c8                coap_timer_default_driver
 .rodata        0x00000000000297d4       0x25 build/cooja/mtype47.a(assert.o)
 *fill*         0x00000000000297f9        0x3 
 .rodata        0x00000000000297fc        0xc build/cooja/mtype47.a(framer-802154.o)
                0x00000000000297fc                framer_802154
 .rodata        0x0000000000029808       0x44 build/cooja/mtype47.a(uip-sr.o)
 .rodata        0x000000000002984c       0x58 build/cooja/mtype47.a(rpl-neighbor.o)
 .rodata        0x00000000000298a4       0xdb build/cooja/mtype47.a(rpl-dag.o)
 .rodata        0x000000000002997f        0xc build/cooja/mtype47.a(rpl-timers.o)

.rodata1
 *(.rodata1)

.eh_frame_hdr   0x000000000002998c     0x19b4
 *(.eh_frame_hdr)
 .eh_frame_hdr  0x000000000002998c     0x19b4 server-hello.o
                0x000000000002998c                __GNU_EH_FRAME_HDR
 *(.eh_frame_entry .eh_frame_entry.*)

.eh_frame       0x000000000002b340     0x6844
 *(.eh_frame)
 .eh_frame      0x000000000002b340       0x3c /usr/lib/gcc/i686-linux-gnu/5/../../../i386-linux-gnu/crti.o
                                         0x40 (size before relaxing)
 .eh_frame      0x000000000002b37c       0x20 server-hello.o
                                         0x38 (size before relaxing)
 .eh_frame      0x000000000002b39c      0x178 build/cooja/mtype47.o
                                        0x190 (size before relaxing)
 .eh_frame      0x000000000002b514       0x40 build/cooja/mtype47.a(simEnvChange.o)
                                         0x58 (size before relaxing)
 .eh_frame      0x000000000002b554       0x60 build/cooja/mtype47.a(cooja_mt.o)
                                         0x78 (size before relaxing)
 .eh_frame      0x000000000002b5b4       0x80 build/cooja/mtype47.a(cooja_mtarch.o)
                                         0x98 (size before relaxing)
 .eh_frame      0x000000000002b634       0xc8 build/cooja/mtype47.a(rtimer-arch.o)
                                         0xe0 (size before relaxing)
 .eh_frame      0x000000000002b6fc      0x160 build/cooja/mtype47.a(beep.o)
                                        0x178 (size before relaxing)
 .eh_frame      0x000000000002b85c       0x80 build/cooja/mtype47.a(leds-arch.o)
                                         0x98 (size before relaxing)
 .eh_frame      0x000000000002b8dc       0x40 build/cooja/mtype47.a(moteid.o)
                                         0x58 (size before relaxing)
 .eh_frame      0x000000000002b91c       0xa0 build/cooja/mtype47.a(pir-sensor.o)
                                         0xb8 (size before relaxing)
 .eh_frame      0x000000000002b9bc      0x100 build/cooja/mtype47.a(rs232.o)
                                        0x118 (size before relaxing)
 .eh_frame      0x000000000002babc       0xa0 build/cooja/mtype47.a(vib-sensor.o)
                                         0xb8 (size before relaxing)
 .eh_frame      0x000000000002bb5c       0xc0 build/cooja/mtype47.a(clock.o)
                                         0xd8 (size before relaxing)
 .eh_frame      0x000000000002bc1c      0x120 build/cooja/mtype47.a(cooja-log.o)
                                        0x138 (size before relaxing)
 .eh_frame      0x000000000002bd3c      0x160 build/cooja/mtype47.a(cfs-cooja.o)
                                        0x178 (size before relaxing)
 .eh_frame      0x000000000002be9c      0x340 build/cooja/mtype47.a(cooja-radio.o)
                                        0x358 (size before relaxing)
 .eh_frame      0x000000000002c1dc       0xa0 build/cooja/mtype47.a(eeprom.o)
                                         0xb8 (size before relaxing)
 .eh_frame      0x000000000002c27c       0x40 build/cooja/mtype47.a(random.o)
                                         0x58 (size before relaxing)
 .eh_frame      0x000000000002c2bc       0xc0 build/cooja/mtype47.a(sensors.o)
                                         0xd8 (size before relaxing)
 .eh_frame      0x000000000002c37c      0x120 build/cooja/mtype47.a(leds.o)
                                        0x138 (size before relaxing)
 .eh_frame      0x000000000002c49c      0x220 build/cooja/mtype47.a(gpio-hal-arch.o)
                                        0x238 (size before relaxing)
 .eh_frame      0x000000000002c6bc       0xa0 build/cooja/mtype47.a(buttons.o)
                                         0xb8 (size before relaxing)
 .eh_frame      0x000000000002c75c       0x20 build/cooja/mtype47.a(res-hello.o)
                                         0x38 (size before relaxing)
 .eh_frame      0x000000000002c77c      0x220 build/cooja/mtype47.a(coap-engine.o)
                                        0x238 (size before relaxing)
 .eh_frame      0x000000000002c99c       0x24 build/cooja/mtype47.a(coap-res-well-k)
                                         0x3c (size before relaxing)
 .eh_frame      0x000000000002c9c0      0x188 build/cooja/mtype47.a(coap-observe.o)
                                        0x1a0 (size before relaxing)
 .eh_frame      0x000000000002cb48      0x250 build/cooja/mtype47.a(coap-uip.o)
                                        0x268 (size before relaxing)
 .eh_frame      0x000000000002cd98      0x114 build/cooja/mtype47.a(coap-timer.o)
                                        0x12c (size before relaxing)
 .eh_frame      0x000000000002ceac      0x100 build/cooja/mtype47.a(coap-transactio)
                                        0x118 (size before relaxing)
 .eh_frame      0x000000000002cfac      0x6ec build/cooja/mtype47.a(coap.o)
                                        0x704 (size before relaxing)
 .eh_frame      0x000000000002d698       0x30 build/cooja/mtype47.a(contiki-main.o)
                                         0x48 (size before relaxing)
 .eh_frame      0x000000000002d6c8       0x40 build/cooja/mtype47.a(autostart.o)
                                         0x58 (size before relaxing)
 .eh_frame      0x000000000002d708      0x100 build/cooja/mtype47.a(ctimer.o)
                                        0x118 (size before relaxing)
 .eh_frame      0x000000000002d808      0x100 build/cooja/mtype47.a(log.o)
                                        0x118 (size before relaxing)
 .eh_frame      0x000000000002d908       0x60 build/cooja/mtype47.a(energest.o)
                                         0x78 (size before relaxing)
 .eh_frame      0x000000000002d968      0x1e0 build/cooja/mtype47.a(etimer.o)
                                        0x1f8 (size before relaxing)
 .eh_frame      0x000000000002db48       0x20 build/cooja/mtype47.a(node-id.o)
                                         0x38 (size before relaxing)
 .eh_frame      0x000000000002db68       0x60 build/cooja/mtype47.a(rtimer.o)
                                         0x78 (size before relaxing)
 .eh_frame      0x000000000002dbc8      0x1c4 build/cooja/mtype47.a(process.o)
                                        0x1dc (size before relaxing)
 .eh_frame      0x000000000002dd8c       0xa4 build/cooja/mtype47.a(timer.o)
                                         0xbc (size before relaxing)
 .eh_frame      0x000000000002de30      0x1a0 build/cooja/mtype47.a(list.o)
                                        0x1b8 (size before relaxing)
 .eh_frame      0x000000000002dfd0       0xa0 build/cooja/mtype47.a(memb.o)
                                         0xb8 (size before relaxing)
 .eh_frame      0x000000000002e070      0x144 build/cooja/mtype47.a(button-hal.o)
                                        0x15c (size before relaxing)
 .eh_frame      0x000000000002e1b4       0x60 build/cooja/mtype47.a(serial-line.o)
                                         0x78 (size before relaxing)
 .eh_frame      0x000000000002e214       0xe0 build/cooja/mtype47.a(gpio-hal.o)
                                         0xf8 (size before relaxing)
 .eh_frame      0x000000000002e2f4      0x1a0 build/cooja/mtype47.a(queuebuf.o)
                                        0x1b8 (size before relaxing)
 .eh_frame      0x000000000002e494      0x28c build/cooja/mtype47.a(packetbuf.o)
                                        0x2a4 (size before relaxing)
 .eh_frame      0x000000000002e720       0x80 build/cooja/mtype47.a(netstack.o)
                                         0x98 (size before relaxing)
 .eh_frame      0x000000000002e7a0       0x60 build/cooja/mtype47.a(linkaddr.o)
                                         0x78 (size before relaxing)
 .eh_frame      0x000000000002e800       0xe0 build/cooja/mtype47.a(csma.o)
                                         0xf8 (size before relaxing)
 .eh_frame      0x000000000002e8e0      0x1d0 build/cooja/mtype47.a(csma-output.o)
                                        0x1e8 (size before relaxing)
 .eh_frame      0x000000000002eab0      0x328 build/cooja/mtype47.a(uip-ds6.o)
                                        0x340 (size before relaxing)
 .eh_frame      0x000000000002edd8       0x40 build/cooja/mtype47.a(uip-udp-packet.)
                                         0x58 (size before relaxing)
 .eh_frame      0x000000000002ee18      0x220 build/cooja/mtype47.a(uip-ds6-route.o)
                                        0x238 (size before relaxing)
 .eh_frame      0x000000000002f038      0x244 build/cooja/mtype47.a(tcpip.o)
                                        0x25c (size before relaxing)
 .eh_frame      0x000000000002f27c      0x1e8 build/cooja/mtype47.a(uip6.o)
                                        0x200 (size before relaxing)
 .eh_frame      0x000000000002f464      0x1c0 build/cooja/mtype47.a(uip-ds6-nbr.o)
                                        0x1d8 (size before relaxing)
 .eh_frame      0x000000000002f624       0x84 build/cooja/mtype47.a(uip-nd6.o)
                                         0x9c (size before relaxing)
 .eh_frame      0x000000000002f6a8      0x2f8 build/cooja/mtype47.a(sicslowpan.o)
                                        0x310 (size before relaxing)
 .eh_frame      0x000000000002f9a0       0x88 build/cooja/mtype47.a(uiplib.o)
                                         0xa0 (size before relaxing)
 .eh_frame      0x000000000002fa28      0x1e0 build/cooja/mtype47.a(rpl.o)
                                        0x1f8 (size before relaxing)
 .eh_frame      0x000000000002fc08      0x1c4 build/cooja/mtype47.a(rpl-icmp6.o)
                                        0x1dc (size before relaxing)
 .eh_frame      0x000000000002fdcc       0xa0 build/cooja/mtype47.a(rpl-dag-root.o)
                                         0xb8 (size before relaxing)
 .eh_frame      0x000000000002fe6c       0xa0 build/cooja/mtype47.a(watchdog.o)
                                         0xb8 (size before relaxing)
 .eh_frame      0x000000000002ff0c       0x80 build/cooja/mtype47.a(int-master.o)
                                         0x98 (size before relaxing)
 .eh_frame      0x000000000002ff8c       0xa4 build/cooja/mtype47.a(coap-timer-defa)
                                         0xbc (size before relaxing)
 .eh_frame      0x0000000000030030       0xc4 build/cooja/mtype47.a(stimer.o)
                                         0xdc (size before relaxing)
 .eh_frame      0x00000000000300f4       0xa0 build/cooja/mtype47.a(ringbuf.o)
                                         0xb8 (size before relaxing)
 .eh_frame      0x0000000000030194       0x20 build/cooja/mtype47.a(assert.o)
                                         0x38 (size before relaxing)
 .eh_frame      0x00000000000301b4      0x2ac build/cooja/mtype47.a(nbr-table.o)
                                        0x2c4 (size before relaxing)
 .eh_frame      0x0000000000030460      0x120 build/cooja/mtype47.a(link-stats.o)
                                        0x138 (size before relaxing)
 .eh_frame      0x0000000000030580       0x48 build/cooja/mtype47.a(mac-sequence.o)
                                         0x60 (size before relaxing)
 .eh_frame      0x00000000000305c8       0x20 build/cooja/mtype47.a(mac.o)
                                         0x38 (size before relaxing)
 .eh_frame      0x00000000000305e8       0xa4 build/cooja/mtype47.a(framer-802154.o)
                                         0xbc (size before relaxing)
 .eh_frame      0x000000000003068c      0x1a4 build/cooja/mtype47.a(frame802154.o)
                                        0x1bc (size before relaxing)
 .eh_frame      0x0000000000030830       0x40 build/cooja/mtype47.a(csma-security.o)
                                         0x58 (size before relaxing)
 .eh_frame      0x0000000000030870      0x200 build/cooja/mtype47.a(uipbuf.o)
                                        0x218 (size before relaxing)
 .eh_frame      0x0000000000030a70      0x150 build/cooja/mtype47.a(uip-icmp6.o)
                                        0x168 (size before relaxing)
 .eh_frame      0x0000000000030bc0      0x184 build/cooja/mtype47.a(uip-sr.o)
                                        0x19c (size before relaxing)
 .eh_frame      0x0000000000030d44       0xe0 build/cooja/mtype47.a(uip-packetqueue)
                                         0xf8 (size before relaxing)
 .eh_frame      0x0000000000030e24       0x80 build/cooja/mtype47.a(rpl-nbr-policy.)
                                         0x98 (size before relaxing)
 .eh_frame      0x0000000000030ea4      0x2d4 build/cooja/mtype47.a(rpl-neighbor.o)
                                        0x2ec (size before relaxing)
 .eh_frame      0x0000000000031178      0x370 build/cooja/mtype47.a(rpl-dag.o)
                                        0x388 (size before relaxing)
 .eh_frame      0x00000000000314e8      0x3a8 build/cooja/mtype47.a(rpl-timers.o)
                                        0x3c0 (size before relaxing)
 .eh_frame      0x0000000000031890      0x124 build/cooja/mtype47.a(rpl-ext-header.)
                                        0x13c (size before relaxing)
 .eh_frame      0x00000000000319b4      0x148 build/cooja/mtype47.a(rpl-mrhof.o)
                                        0x160 (size before relaxing)
 .eh_frame      0x0000000000031afc       0x84 /usr/lib/gcc/i686-linux-gnu/5/libgcc.a(_udivdi3.o)
                                         0x9c (size before relaxing)
 .eh_frame      0x0000000000031b80        0x4 /usr/lib/gcc/i686-linux-gnu/5/crtendS.o
 *(.eh_frame.*)

.gcc_except_table
 *(.gcc_except_table .gcc_except_table.*)

.gnu_extab
 *(.gnu_extab*)

.exception_ranges
 *(.exception_ranges .exception_ranges*)
                0x0000000000032f10                . = DATA_SEGMENT_ALIGN (0x1000, 0x1000)

.eh_frame
 *(.eh_frame)
 *(.eh_frame.*)

.gnu_extab
 *(.gnu_extab)

.gcc_except_table
 *(.gcc_except_table .gcc_except_table.*)

.exception_ranges
 *(.exception_ranges .exception_ranges*)

.tdata
 *(.tdata .tdata.* .gnu.linkonce.td.*)

.tbss
 *(.tbss .tbss.* .gnu.linkonce.tb.*)
 *(.tcommon)

.preinit_array
 *(.preinit_array)

.init_array     0x0000000000032f10        0x4
 *(SORT(.init_array.*) SORT(.ctors.*))
 *(.init_array EXCLUDE_FILE(*crtend?.o *crtend.o *crtbegin?.o *crtbegin.o) .ctors)
 .init_array    0x0000000000032f10        0x4 /usr/lib/gcc/i686-linux-gnu/5/crtbeginS.o

.fini_array     0x0000000000032f14        0x4
 *(SORT(.fini_array.*) SORT(.dtors.*))
 *(.fini_array EXCLUDE_FILE(*crtend?.o *crtend.o *crtbegin?.o *crtbegin.o) .dtors)
 .fini_array    0x0000000000032f14        0x4 /usr/lib/gcc/i686-linux-gnu/5/crtbeginS.o

.ctors
 *crtbegin.o(.ctors)
 *crtbegin?.o(.ctors)
 *(EXCLUDE_FILE(*crtend?.o *crtend.o) .ctors)
 *(SORT(.ctors.*))
 *(.ctors)

.dtors
 *crtbegin.o(.dtors)
 *crtbegin?.o(.dtors)
 *(EXCLUDE_FILE(*crtend?.o *crtend.o) .dtors)
 *(SORT(.dtors.*))
 *(.dtors)

.jcr            0x0000000000032f18        0x4
 *(.jcr)
 .jcr           0x0000000000032f18        0x0 /usr/lib/gcc/i686-linux-gnu/5/crtbeginS.o
 .jcr           0x0000000000032f18        0x4 /usr/lib/gcc/i686-linux-gnu/5/crtendS.o

.data.rel.ro
 *(.data.rel.ro.local* .gnu.linkonce.d.rel.ro.local.*)
 *(.data.rel.ro .data.rel.ro.* .gnu.linkonce.d.rel.ro.*)

.dynamic        0x0000000000032f1c       0xd0
 *(.dynamic)
 .dynamic       0x0000000000032f1c       0xd0 /usr/lib/gcc/i686-linux-gnu/5/../../../i386-linux-gnu/crti.o
                0x0000000000032f1c                _DYNAMIC

.got            0x0000000000032fec       0x14
 *(.got)
 .got           0x0000000000032fec       0x14 /usr/lib/gcc/i686-linux-gnu/5/../../../i386-linux-gnu/crti.o
 *(.igot)
                0x0000000000033ff4                . = DATA_SEGMENT_RELRO_END (., (SIZEOF (.got.plt) >= 0xc)?0xc:0x0)

.got.plt        0x0000000000033000        0xc
 *(.got.plt)
 .got.plt       0x0000000000033000        0xc /usr/lib/gcc/i686-linux-gnu/5/../../../i386-linux-gnu/crti.o
                0x0000000000033000                _GLOBAL_OFFSET_TABLE_
 *(.igot.plt)

.data           0x0000000000033020      0x444
 *(.data .data.* .gnu.linkonce.d.*)
 .data          0x0000000000033020        0x0 /usr/lib/gcc/i686-linux-gnu/5/../../../i386-linux-gnu/crti.o
 .data          0x0000000000033020        0x0 /usr/lib/gcc/i686-linux-gnu/5/crtbeginS.o
 .data.rel.local
                0x0000000000033020        0x4 /usr/lib/gcc/i686-linux-gnu/5/crtbeginS.o
                0x0000000000033020                __dso_handle
 .data          0x0000000000033024       0x10 server-hello.o
                0x0000000000033024                er_example_server
 *fill*         0x0000000000033034        0xc 
 .data          0x0000000000033040       0x44 build/cooja/mtype47.o
                0x0000000000033040                simInterfaces
                0x0000000000033074                sensors
 .data          0x0000000000033084        0x0 build/cooja/mtype47.a(simEnvChange.o)
 .data          0x0000000000033084        0x0 build/cooja/mtype47.a(cooja_mt.o)
 .data          0x0000000000033084        0x0 build/cooja/mtype47.a(cooja_mtarch.o)
 .data          0x0000000000033084        0x0 build/cooja/mtype47.a(rtimer-arch.o)
 .data          0x0000000000033084        0x0 build/cooja/mtype47.a(beep.o)
 .data          0x0000000000033084        0x0 build/cooja/mtype47.a(leds-arch.o)
 .data          0x0000000000033084        0x0 build/cooja/mtype47.a(moteid.o)
 .data          0x0000000000033084        0x0 build/cooja/mtype47.a(pir-sensor.o)
 .data          0x0000000000033084        0x0 build/cooja/mtype47.a(rs232.o)
 .data          0x0000000000033084        0x0 build/cooja/mtype47.a(vib-sensor.o)
 .data          0x0000000000033084        0x0 build/cooja/mtype47.a(clock.o)
 .data          0x0000000000033084        0x0 build/cooja/mtype47.a(cooja-log.o)
 .data          0x0000000000033084        0x0 build/cooja/mtype47.a(cfs-cooja.o)
 .data          0x0000000000033084       0x2c build/cooja/mtype47.a(cooja-radio.o)
                0x0000000000033084                simRadioHWOn
                0x0000000000033088                simSignalStrength
                0x000000000003308c                simLastSignalStrength
                0x0000000000033090                simPower
                0x0000000000033094                simRadioChannel
                0x0000000000033098                simLQI
                0x00000000000330a0                cooja_radio_process
 .data          0x00000000000330b0        0x0 build/cooja/mtype47.a(eeprom.o)
 .data          0x00000000000330b0        0x0 build/cooja/mtype47.a(random.o)
 .data          0x00000000000330b0       0x10 build/cooja/mtype47.a(sensors.o)
                0x00000000000330b0                sensors_process
 .data          0x00000000000330c0        0x0 build/cooja/mtype47.a(leds.o)
 .data          0x00000000000330c0        0x0 build/cooja/mtype47.a(gpio-hal-arch.o)
 .data          0x00000000000330c0       0x78 build/cooja/mtype47.a(buttons.o)
                0x00000000000330c0                simButtonIsActive
                0x0000000000033130                button_hal_buttons
 *fill*         0x0000000000033138        0x8 
 .data          0x0000000000033140       0x24 build/cooja/mtype47.a(res-hello.o)
                0x0000000000033140                res_hello
 .data          0x0000000000033164        0x8 build/cooja/mtype47.a(coap-engine.o)
 *fill*         0x000000000003316c       0x14 
 .data          0x0000000000033180       0x24 build/cooja/mtype47.a(coap-res-well-k)
                0x0000000000033180                res_well_known_core
 .data          0x00000000000331a4       0x10 build/cooja/mtype47.a(coap-observe.o)
 .data          0x00000000000331b4       0x10 build/cooja/mtype47.a(coap-uip.o)
                0x00000000000331b4                coap_engine
 .data          0x00000000000331c4        0x4 build/cooja/mtype47.a(coap-timer.o)
 .data          0x00000000000331c8       0x10 build/cooja/mtype47.a(coap-transactio)
 .data          0x00000000000331d8        0x4 build/cooja/mtype47.a(coap.o)
                0x00000000000331d8                coap_error_message
 .data          0x00000000000331dc        0x0 build/cooja/mtype47.a(contiki-main.o)
 .data          0x00000000000331dc        0x0 build/cooja/mtype47.a(autostart.o)
 .data          0x00000000000331dc       0x14 build/cooja/mtype47.a(ctimer.o)
                0x00000000000331e0                ctimer_process
 *fill*         0x00000000000331f0       0x10 
 .data          0x0000000000033200       0xbc build/cooja/mtype47.a(log.o)
                0x0000000000033200                curr_log_level_main
                0x0000000000033220                all_modules
 .data          0x00000000000332bc        0x0 build/cooja/mtype47.a(energest.o)
 .data          0x00000000000332bc       0x10 build/cooja/mtype47.a(etimer.o)
                0x00000000000332bc                etimer_process
 .data          0x00000000000332cc        0x0 build/cooja/mtype47.a(node-id.o)
 .data          0x00000000000332cc        0x0 build/cooja/mtype47.a(rtimer.o)
 .data          0x00000000000332cc        0x0 build/cooja/mtype47.a(process.o)
 .data          0x00000000000332cc        0x0 build/cooja/mtype47.a(timer.o)
 .data          0x00000000000332cc        0x0 build/cooja/mtype47.a(list.o)
 .data          0x00000000000332cc        0x0 build/cooja/mtype47.a(memb.o)
 .data          0x00000000000332cc       0x10 build/cooja/mtype47.a(button-hal.o)
                0x00000000000332cc                button_hal_process
 .data          0x00000000000332dc       0x10 build/cooja/mtype47.a(serial-line.o)
                0x00000000000332dc                serial_line_process
 .data          0x00000000000332ec        0x4 build/cooja/mtype47.a(gpio-hal.o)
 .data          0x00000000000332f0       0x18 build/cooja/mtype47.a(queuebuf.o)
 .data          0x0000000000033308        0x4 build/cooja/mtype47.a(packetbuf.o)
 .data          0x000000000003330c        0x4 build/cooja/mtype47.a(netstack.o)
 .data          0x0000000000033310        0x0 build/cooja/mtype47.a(linkaddr.o)
 .data          0x0000000000033310        0x0 build/cooja/mtype47.a(csma.o)
 .data          0x0000000000033310       0x28 build/cooja/mtype47.a(csma-output.o)
 .data          0x0000000000033338        0x0 build/cooja/mtype47.a(uip-ds6.o)
 .data          0x0000000000033338        0x0 build/cooja/mtype47.a(uip-udp-packet.)
 .data          0x0000000000033338       0x10 build/cooja/mtype47.a(uip-ds6-route.o)
 .data          0x0000000000033348       0x10 build/cooja/mtype47.a(tcpip.o)
                0x0000000000033348                tcpip_process
 .data          0x0000000000033358        0x0 build/cooja/mtype47.a(uip6.o)
 .data          0x0000000000033358       0x14 build/cooja/mtype47.a(uip-ds6-nbr.o)
 .data          0x000000000003336c        0xc build/cooja/mtype47.a(uip-nd6.o)
 .data          0x0000000000033378        0x0 build/cooja/mtype47.a(sicslowpan.o)
 .data          0x0000000000033378        0x0 build/cooja/mtype47.a(uiplib.o)
 .data          0x0000000000033378        0x0 build/cooja/mtype47.a(rpl.o)
 .data          0x0000000000033378       0x30 build/cooja/mtype47.a(rpl-icmp6.o)
 .data          0x00000000000333a8        0x0 build/cooja/mtype47.a(rpl-dag-root.o)
 .data          0x00000000000333a8        0x0 build/cooja/mtype47.a(watchdog.o)
 .data          0x00000000000333a8        0x0 build/cooja/mtype47.a(int-master.o)
 .data          0x00000000000333a8       0x10 build/cooja/mtype47.a(coap-timer-defa)
                0x00000000000333a8                coap_timer_process
 .data          0x00000000000333b8        0x0 build/cooja/mtype47.a(stimer.o)
 .data          0x00000000000333b8        0x0 build/cooja/mtype47.a(ringbuf.o)
 .data          0x00000000000333b8        0x0 build/cooja/mtype47.a(assert.o)
 .data          0x00000000000333b8       0x10 build/cooja/mtype47.a(nbr-table.o)
 .data          0x00000000000333c8       0x14 build/cooja/mtype47.a(link-stats.o)
 .data          0x00000000000333dc        0x0 build/cooja/mtype47.a(mac-sequence.o)
 .data          0x00000000000333dc        0x0 build/cooja/mtype47.a(mac.o)
 .data          0x00000000000333dc        0x0 build/cooja/mtype47.a(framer-802154.o)
 .data          0x00000000000333dc        0x2 build/cooja/mtype47.a(frame802154.o)
 .data          0x00000000000333de        0x0 build/cooja/mtype47.a(csma-security.o)
 .data          0x00000000000333de        0x0 build/cooja/mtype47.a(uipbuf.o)
 *fill*         0x00000000000333de        0x2 
 .data          0x00000000000333e0       0x20 build/cooja/mtype47.a(uip-icmp6.o)
 .data          0x0000000000033400       0x10 build/cooja/mtype47.a(uip-sr.o)
 .data          0x0000000000033410        0xc build/cooja/mtype47.a(uip-packetqueue)
 .data          0x000000000003341c        0x0 build/cooja/mtype47.a(rpl-nbr-policy.)
 .data          0x000000000003341c       0x14 build/cooja/mtype47.a(rpl-neighbor.o)
                0x000000000003342c                rpl_neighbors
 .data          0x0000000000033430        0x0 build/cooja/mtype47.a(rpl-dag.o)
 .data          0x0000000000033430        0x0 build/cooja/mtype47.a(rpl-timers.o)
 .data          0x0000000000033430        0x0 build/cooja/mtype47.a(rpl-ext-header.)
 *fill*         0x0000000000033430       0x10 
 .data          0x0000000000033440       0x24 build/cooja/mtype47.a(rpl-mrhof.o)
                0x0000000000033440                rpl_mrhof
 .data          0x0000000000033464        0x0 /usr/lib/gcc/i686-linux-gnu/5/libgcc.a(_udivdi3.o)
 .data          0x0000000000033464        0x0 /usr/lib/gcc/i686-linux-gnu/5/crtendS.o
 .data          0x0000000000033464        0x0 /usr/lib/gcc/i686-linux-gnu/5/../../../i386-linux-gnu/crtn.o

.tm_clone_table
                0x0000000000033464        0x0
 .tm_clone_table
                0x0000000000033464        0x0 /usr/lib/gcc/i686-linux-gnu/5/crtbeginS.o
 .tm_clone_table
                0x0000000000033464        0x0 /usr/lib/gcc/i686-linux-gnu/5/crtendS.o

.data1
 *(.data1)
                0x0000000000033464                _edata = .
                [!provide]                        PROVIDE (edata, .)
                0x0000000000033464                . = .
                0x0000000000033464                __bss_start = .

.bss            0x0000000000033480    0x13e24
 *(.dynbss)
 .dynbss        0x0000000000033480        0x0 /usr/lib/gcc/i686-linux-gnu/5/../../../i386-linux-gnu/crti.o
 *(.bss .bss.* .gnu.linkonce.b.*)
 .bss           0x0000000000033480        0x0 /usr/lib/gcc/i686-linux-gnu/5/../../../i386-linux-gnu/crti.o
 .bss           0x0000000000033480        0x1 /usr/lib/gcc/i686-linux-gnu/5/crtbeginS.o
 .bss           0x0000000000033481        0x0 server-hello.o
 *fill*         0x0000000000033481       0x1f 
 .bss           0x00000000000334a0     0x2030 build/cooja/mtype47.o
 .bss           0x00000000000354d0        0x1 build/cooja/mtype47.a(simEnvChange.o)
                0x00000000000354d0                simDontFallAsleep
 *fill*         0x00000000000354d1        0x3 
 .bss           0x00000000000354d4        0x4 build/cooja/mtype47.a(cooja_mt.o)
 .bss           0x00000000000354d8        0x4 build/cooja/mtype47.a(cooja_mtarch.o)
 .bss           0x00000000000354dc        0x0 build/cooja/mtype47.a(rtimer-arch.o)
 .bss           0x00000000000354dc        0x0 build/cooja/mtype47.a(beep.o)
 .bss           0x00000000000354dc        0x1 build/cooja/mtype47.a(leds-arch.o)
                0x00000000000354dc                simLedsValue
 .bss           0x00000000000354dd        0x0 build/cooja/mtype47.a(moteid.o)
 .bss           0x00000000000354dd        0x1 build/cooja/mtype47.a(pir-sensor.o)
                0x00000000000354dd                simPirValue
 *fill*         0x00000000000354de        0x2 
 .bss           0x00000000000354e0        0x4 build/cooja/mtype47.a(rs232.o)
 .bss           0x00000000000354e4        0x1 build/cooja/mtype47.a(vib-sensor.o)
                0x00000000000354e4                simVibValue
 .bss           0x00000000000354e5        0x0 build/cooja/mtype47.a(clock.o)
 *fill*         0x00000000000354e5       0x1b 
 .bss           0x0000000000035500     0x2020 build/cooja/mtype47.a(cooja-log.o)
 .bss           0x0000000000037520      0xfc0 build/cooja/mtype47.a(cfs-cooja.o)
                0x0000000000037520                simCFSData
                0x00000000000384c0                simCFSSize
                0x00000000000384c4                simCFSChanged
                0x00000000000384c8                simCFSRead
                0x00000000000384cc                simCFSWritten
 .bss           0x00000000000384e0       0x24 build/cooja/mtype47.a(cooja-radio.o)
                0x00000000000384e0                simReceiving
                0x00000000000384e4                simInSize
                0x00000000000384e8                simLastPacketTimestamp
                0x00000000000384f0                simOutSize
 .bss           0x0000000000038504        0xc build/cooja/mtype47.a(eeprom.o)
                0x0000000000038504                simEEPROMChanged
                0x0000000000038508                simEEPROMRead
                0x000000000003850c                simEEPROMWritten
 .bss           0x0000000000038510        0x0 build/cooja/mtype47.a(random.o)
 .bss           0x0000000000038510        0xc build/cooja/mtype47.a(sensors.o)
 .bss           0x000000000003851c        0x0 build/cooja/mtype47.a(leds.o)
 .bss           0x000000000003851c       0x24 build/cooja/mtype47.a(gpio-hal-arch.o)
 .bss           0x0000000000038540        0x0 build/cooja/mtype47.a(buttons.o)
 .bss           0x0000000000038540        0x0 build/cooja/mtype47.a(res-hello.o)
 .bss           0x0000000000038540      0x190 build/cooja/mtype47.a(coap-engine.o)
 .bss           0x00000000000386d0        0x0 build/cooja/mtype47.a(coap-res-well-k)
 *fill*         0x00000000000386d0       0x10 
 .bss           0x00000000000386e0      0x120 build/cooja/mtype47.a(coap-observe.o)
 .bss           0x0000000000038800       0x18 build/cooja/mtype47.a(coap-uip.o)
 .bss           0x0000000000038818        0x5 build/cooja/mtype47.a(coap-timer.o)
 *fill*         0x000000000003881d        0x3 
 .bss           0x0000000000038820      0x334 build/cooja/mtype47.a(coap-transactio)
 .bss           0x0000000000038b54        0x6 build/cooja/mtype47.a(coap.o)
                0x0000000000038b54                coap_status_code
 .bss           0x0000000000038b5a        0x0 build/cooja/mtype47.a(contiki-main.o)
 .bss           0x0000000000038b5a        0x0 build/cooja/mtype47.a(autostart.o)
 *fill*         0x0000000000038b5a        0x2 
 .bss           0x0000000000038b5c        0x5 build/cooja/mtype47.a(ctimer.o)
 *fill*         0x0000000000038b61        0x3 
 .bss           0x0000000000038b64       0x2c build/cooja/mtype47.a(log.o)
                0x0000000000038b64                curr_log_level_rpl
                0x0000000000038b68                curr_log_level_tcpip
                0x0000000000038b6c                curr_log_level_ipv6
                0x0000000000038b70                curr_log_level_6lowpan
                0x0000000000038b74                curr_log_level_nullnet
                0x0000000000038b78                curr_log_level_mac
                0x0000000000038b7c                curr_log_level_framer
                0x0000000000038b80                curr_log_level_6top
                0x0000000000038b84                curr_log_level_coap
                0x0000000000038b88                curr_log_level_snmp
                0x0000000000038b8c                curr_log_level_lwm2m
 .bss           0x0000000000038b90        0x0 build/cooja/mtype47.a(energest.o)
 .bss           0x0000000000038b90        0x8 build/cooja/mtype47.a(etimer.o)
 .bss           0x0000000000038b98        0x2 build/cooja/mtype47.a(node-id.o)
                0x0000000000038b98                node_id
 *fill*         0x0000000000038b9a        0x2 
 .bss           0x0000000000038b9c        0x4 build/cooja/mtype47.a(rtimer.o)
 .bss           0x0000000000038ba0      0x1a1 build/cooja/mtype47.a(process.o)
                0x0000000000038ba0                process_list
                0x0000000000038ba4                process_current
 .bss           0x0000000000038d41        0x0 build/cooja/mtype47.a(timer.o)
 .bss           0x0000000000038d41        0x0 build/cooja/mtype47.a(list.o)
 .bss           0x0000000000038d41        0x0 build/cooja/mtype47.a(memb.o)
 *fill*         0x0000000000038d41        0x3 
 .bss           0x0000000000038d44       0x10 build/cooja/mtype47.a(button-hal.o)
 *fill*         0x0000000000038d54        0xc 
 .bss           0x0000000000038d60      0x140 build/cooja/mtype47.a(serial-line.o)
 .bss           0x0000000000038ea0        0x4 build/cooja/mtype47.a(gpio-hal.o)
 *fill*         0x0000000000038ea4       0x1c 
 .bss           0x0000000000038ec0     0x2c80 build/cooja/mtype47.a(queuebuf.o)
 .bss           0x000000000003bb40       0xa0 build/cooja/mtype47.a(packetbuf.o)
 .bss           0x000000000003bbe0        0x4 build/cooja/mtype47.a(netstack.o)
 .bss           0x000000000003bbe4        0x0 build/cooja/mtype47.a(linkaddr.o)
 .bss           0x000000000003bbe4        0x0 build/cooja/mtype47.a(csma.o)
 *fill*         0x000000000003bbe4       0x1c 
 .bss           0x000000000003bc00      0x726 build/cooja/mtype47.a(csma-output.o)
 *fill*         0x000000000003c326        0x2 
 .bss           0x000000000003c328       0x30 build/cooja/mtype47.a(uip-ds6.o)
 .bss           0x000000000003c358        0x0 build/cooja/mtype47.a(uip-udp-packet.)
 *fill*         0x000000000003c358        0x8 
 .bss           0x000000000003c360       0x60 build/cooja/mtype47.a(uip-ds6-route.o)
 .bss           0x000000000003c3c0       0x10 build/cooja/mtype47.a(tcpip.o)
 .bss           0x000000000003c3d0        0x8 build/cooja/mtype47.a(uip6.o)
                0x000000000003c3d0                uip_ext_bitmap
                0x000000000003c3d2                uip_ext_len
                0x000000000003c3d4                uip_last_proto
 *fill*         0x000000000003c3d8        0x8 
 .bss           0x000000000003c3e0     0x1c20 build/cooja/mtype47.a(uip-ds6-nbr.o)
 .bss           0x000000000003e000       0x10 build/cooja/mtype47.a(uip-nd6.o)
 *fill*         0x000000000003e010       0x10 
 .bss           0x000000000003e020      0x724 build/cooja/mtype47.a(sicslowpan.o)
 .bss           0x000000000003e744        0x0 build/cooja/mtype47.a(uiplib.o)
 .bss           0x000000000003e744        0x1 build/cooja/mtype47.a(rpl.o)
 .bss           0x000000000003e745        0x0 build/cooja/mtype47.a(rpl-icmp6.o)
 *fill*         0x000000000003e745        0x3 
 .bss           0x000000000003e748       0x11 build/cooja/mtype47.a(rpl-dag-root.o)
 .bss           0x000000000003e759        0x0 build/cooja/mtype47.a(watchdog.o)
 *fill*         0x000000000003e759        0x3 
 .bss           0x000000000003e75c        0x4 build/cooja/mtype47.a(int-master.o)
 .bss           0x000000000003e760       0x1c build/cooja/mtype47.a(coap-timer-defa)
 .bss           0x000000000003e77c        0x0 build/cooja/mtype47.a(stimer.o)
 .bss           0x000000000003e77c        0x0 build/cooja/mtype47.a(ringbuf.o)
 .bss           0x000000000003e77c        0x0 build/cooja/mtype47.a(assert.o)
 *fill*         0x000000000003e77c        0x4 
 .bss           0x000000000003e780     0x1214 build/cooja/mtype47.a(nbr-table.o)
 *fill*         0x000000000003f994        0xc 
 .bss           0x000000000003f9a0      0xe10 build/cooja/mtype47.a(link-stats.o)
 *fill*         0x00000000000407b0       0x10 
 .bss           0x00000000000407c0      0x100 build/cooja/mtype47.a(mac-sequence.o)
 .bss           0x00000000000408c0        0x0 build/cooja/mtype47.a(mac.o)
 .bss           0x00000000000408c0        0x2 build/cooja/mtype47.a(framer-802154.o)
 .bss           0x00000000000408c2        0x0 build/cooja/mtype47.a(frame802154.o)