Archive member included to satisfy reference by file (symbol)

build/cooja/mtype414.a(simEnvChange.o)
                              build/cooja/mtype414.o (simDontFallAsleep)
build/cooja/mtype414.a(cooja_mt.o)
                              build/cooja/mtype414.o (cooja_mt_start)
build/cooja/mtype414.a(cooja_mtarch.o)
                              build/cooja/mtype414.a(cooja_mt.o) (cooja_mtarch_start)
build/cooja/mtype414.a(rtimer-arch.o)
                              build/cooja/mtype414.o (rtimer_arch_check)
build/cooja/mtype414.a(beep.o)
                              build/cooja/mtype414.o (beep_interface)
build/cooja/mtype414.a(leds-arch.o)
                              build/cooja/mtype414.o (leds_interface)
build/cooja/mtype414.a(moteid.o)
                              build/cooja/mtype414.o (moteid_interface)
build/cooja/mtype414.a(pir-sensor.o)
                              build/cooja/mtype414.o (pir_interface)
build/cooja/mtype414.a(rs232.o)
                              build/cooja/mtype414.o (rs232_interface)
build/cooja/mtype414.a(vib-sensor.o)
                              build/cooja/mtype414.o (vib_interface)
build/cooja/mtype414.a(clock.o)
                              build/cooja/mtype414.o (clock_interface)
build/cooja/mtype414.a(cooja-log.o)
                              build/cooja/mtype414.o (simlog_interface)
build/cooja/mtype414.a(cfs-cooja.o)
                              build/cooja/mtype414.o (cfs_interface)
build/cooja/mtype414.a(cooja-radio.o)
                              build/cooja/mtype414.o (radio_interface)
build/cooja/mtype414.a(eeprom.o)
                              build/cooja/mtype414.o (eeprom_interface)
build/cooja/mtype414.a(random.o)
                              build/cooja/mtype414.a(moteid.o) (random_init)
build/cooja/mtype414.a(sensors.o)
                              build/cooja/mtype414.a(pir-sensor.o) (sensors_changed)
build/cooja/mtype414.a(leds.o)
                              build/cooja/mtype414.a(leds-arch.o) (leds_get)
build/cooja/mtype414.a(gpio-hal-arch.o)
                              build/cooja/mtype414.a(leds-arch.o) (gpio_hal_arch_register_pin_callback)
build/cooja/mtype414.a(buttons.o)
                              build/cooja/mtype414.o (button_interface)
build/cooja/mtype414.a(res_presence_de)
                              presence_sensor.o (res_presence_detected)
build/cooja/mtype414.a(coap-engine.o)
                              presence_sensor.o (coap_activate_resource)
build/cooja/mtype414.a(coap-res-well-k)
                              build/cooja/mtype414.a(coap-engine.o) (res_well_known_core)
build/cooja/mtype414.a(coap-observe.o)
                              build/cooja/mtype414.a(coap-engine.o) (coap_remove_observer_by_mid)
build/cooja/mtype414.a(coap-uip.o)
                              build/cooja/mtype414.a(coap-observe.o) (coap_endpoint_copy)
build/cooja/mtype414.a(coap-timer.o)
                              build/cooja/mtype414.a(coap-engine.o) (coap_timer_set)
build/cooja/mtype414.a(coap-transactio)
                              build/cooja/mtype414.a(coap-engine.o) (coap_send_transaction)
build/cooja/mtype414.a(coap.o)
                              build/cooja/mtype414.a(coap-engine.o) (coap_status_code)
build/cooja/mtype414.a(contiki-main.o)
                              build/cooja/mtype414.o (main)
build/cooja/mtype414.a(autostart.o)
                              build/cooja/mtype414.a(contiki-main.o) (autostart_start)
build/cooja/mtype414.a(ctimer.o)
                              build/cooja/mtype414.a(contiki-main.o) (ctimer_init)
build/cooja/mtype414.a(log.o)
                              build/cooja/mtype414.a(contiki-main.o) (curr_log_level_main)
build/cooja/mtype414.a(energest.o)
                              build/cooja/mtype414.a(contiki-main.o) (energest_init)
build/cooja/mtype414.a(etimer.o)
                              build/cooja/mtype414.a(contiki-main.o) (etimer_process)
build/cooja/mtype414.a(node-id.o)
                              build/cooja/mtype414.a(contiki-main.o) (node_id)
build/cooja/mtype414.a(rtimer.o)
                              build/cooja/mtype414.a(contiki-main.o) (rtimer_init)
build/cooja/mtype414.a(process.o)
                              presence_sensor.o (process_current)
build/cooja/mtype414.a(timer.o)
                              build/cooja/mtype414.a(etimer.o) (timer_set)
build/cooja/mtype414.a(list.o)
                              build/cooja/mtype414.a(coap-engine.o) (list_init)
build/cooja/mtype414.a(memb.o)
                              build/cooja/mtype414.a(coap-observe.o) (memb_alloc)
build/cooja/mtype414.a(button-hal.o)
                              build/cooja/mtype414.o (button_hal_init)
build/cooja/mtype414.a(serial-line.o)
                              build/cooja/mtype414.a(rs232.o) (serial_line_input_byte)
build/cooja/mtype414.a(gpio-hal.o)
                              build/cooja/mtype414.a(button-hal.o) (gpio_hal_register_handler)
[...]
Memory Configuration

Name             Origin             Length             Attributes
*default*        0x0000000000000000 0xffffffffffffffff

Linker script and memory map

LOAD /usr/lib/gcc/i686-linux-gnu/5/../../../i386-linux-gnu/crti.o
LOAD /usr/lib/gcc/i686-linux-gnu/5/crtbeginS.o
LOAD presence_sensor.o
LOAD build/cooja/mtype414.o
LOAD build/cooja/mtype414.a
LOAD /usr/lib/gcc/i686-linux-gnu/5/libgcc.a
LOAD /usr/lib/gcc/i686-linux-gnu/5/libgcc_s.so
LOAD /usr/lib/gcc/i686-linux-gnu/5/../../../i386-linux-gnu/libc.so
START GROUP
LOAD /lib/i386-linux-gnu/libc.so.6
LOAD /usr/lib/i386-linux-gnu/libc_nonshared.a
LOAD /lib/i386-linux-gnu/ld-linux.so.2
END GROUP
LOAD /usr/lib/gcc/i686-linux-gnu/5/libgcc.a
LOAD /usr/lib/gcc/i686-linux-gnu/5/libgcc_s.so
LOAD /usr/lib/gcc/i686-linux-gnu/5/crtendS.o
LOAD /usr/lib/gcc/i686-linux-gnu/5/../../../i386-linux-gnu/crtn.o
                0x0000000000000114                . = (0x0 + SIZEOF_HEADERS)

.note.gnu.build-id
                0x0000000000000114       0x24
 *(.note.gnu.build-id)
 .note.gnu.build-id
                0x0000000000000114       0x24 /usr/lib/gcc/i686-linux-gnu/5/../../../i386-linux-gnu/crti.o

.hash
 *(.hash)

.gnu.hash       0x0000000000000138     0x1580
 *(.gnu.hash)
 .gnu.hash      0x0000000000000138     0x1580 /usr/lib/gcc/i686-linux-gnu/5/../../../i386-linux-gnu/crti.o

.dynsym         0x00000000000016b8     0x2e80
 *(.dynsym)
 .dynsym        0x00000000000016b8     0x2e80 /usr/lib/gcc/i686-linux-gnu/5/../../../i386-linux-gnu/crti.o

.dynstr         0x0000000000004538     0x3642
 *(.dynstr)
 .dynstr        0x0000000000004538     0x3642 /usr/lib/gcc/i686-linux-gnu/5/../../../i386-linux-gnu/crti.o

.gnu.version    0x0000000000007b7a      0x5d0
 *(.gnu.version)
 .gnu.version   0x0000000000007b7a      0x5d0 /usr/lib/gcc/i686-linux-gnu/5/../../../i386-linux-gnu/crti.o

.gnu.version_d  0x000000000000814c        0x0
 *(.gnu.version_d)
 .gnu.version_d
                0x000000000000814c        0x0 /usr/lib/gcc/i686-linux-gnu/5/../../../i386-linux-gnu/crti.o

.gnu.version_r  0x000000000000814c       0x40
 *(.gnu.version_r)
 .gnu.version_r
                0x000000000000814c       0x40 /usr/lib/gcc/i686-linux-gnu/5/../../../i386-linux-gnu/crti.o

.rel.dyn        0x000000000000818c     0x8ea0
 *(.rel.init)
 .rel.init      0x000000000000818c        0x0 /usr/lib/gcc/i686-linux-gnu/5/../../../i386-linux-gnu/crti.o
 *(.rel.text .rel.text.* .rel.gnu.linkonce.t.*)
 .rel.text      0x000000000000818c     0x84f0 /usr/lib/gcc/i686-linux-gnu/5/../../../i386-linux-gnu/crti.o
 *(.rel.fini)
 .rel.fini      0x000000000001067c        0x0 /usr/lib/gcc/i686-linux-gnu/5/../../../i386-linux-gnu/crti.o
 *(.rel.rodata .rel.rodata.* .rel.gnu.linkonce.r.*)
 .rel.rodata    0x000000000001067c      0x588 /usr/lib/gcc/i686-linux-gnu/5/../../../i386-linux-gnu/crti.o
 *(.rel.data.rel.ro .rel.data.rel.ro.* .rel.gnu.linkonce.d.rel.ro.*)
 *(.rel.data .rel.data.* .rel.gnu.linkonce.d.*)
 .rel.data.rel.local
                0x0000000000010c04        0x8 /usr/lib/gcc/i686-linux-gnu/5/../../../i386-linux-gnu/crti.o
 .rel.data      0x0000000000010c0c      0x3e8 /usr/lib/gcc/i686-linux-gnu/5/../../../i386-linux-gnu/crti.o
 *(.rel.tdata .rel.tdata.* .rel.gnu.linkonce.td.*)
 *(.rel.tbss .rel.tbss.* .rel.gnu.linkonce.tb.*)
 *(.rel.ctors)
 *(.rel.dtors)
 *(.rel.got)
 .rel.got       0x0000000000010ff4       0x28 /usr/lib/gcc/i686-linux-gnu/5/../../../i386-linux-gnu/crti.o
 *(.rel.bss .rel.bss.* .rel.gnu.linkonce.b.*)
 *(.rel.ifunc)
 .rel.ifunc     0x000000000001101c        0x0 /usr/lib/gcc/i686-linux-gnu/5/../../../i386-linux-gnu/crti.o
 .rel.fini_array
                0x000000000001101c        0x8 /usr/lib/gcc/i686-linux-gnu/5/../../../i386-linux-gnu/crti.o
 .rel.init_array
                0x0000000000011024        0x8 /usr/lib/gcc/i686-linux-gnu/5/../../../i386-linux-gnu/crti.o

.rel.plt        0x000000000001102c        0x0
 *(.rel.plt)
 .rel.plt       0x000000000001102c        0x0 /usr/lib/gcc/i686-linux-gnu/5/../../../i386-linux-gnu/crti.o
 *(.rel.iplt)

.init           0x000000000001102c       0x23
 *(SORT(.init))
 .init          0x000000000001102c       0x1e /usr/lib/gcc/i686-linux-gnu/5/../../../i386-linux-gnu/crti.o
                0x000000000001102c                _init
 .init          0x000000000001104a        0x5 /usr/lib/gcc/i686-linux-gnu/5/../../../i386-linux-gnu/crtn.o

.plt            0x0000000000011050       0x10
 *(.plt)
 .plt           0x0000000000011050       0x10 /usr/lib/gcc/i686-linux-gnu/5/../../../i386-linux-gnu/crti.o
 *(.iplt)

.plt.got        0x0000000000011060       0x10
 *(.plt.got)
 .plt.got       0x0000000000011060       0x10 /usr/lib/gcc/i686-linux-gnu/5/../../../i386-linux-gnu/crti.o

.text           0x0000000000011070    0x18082
 *(.text.unlikely .text.*_unlikely .text.unlikely.*)
 .text.unlikely
                0x0000000000011070        0x0 /usr/lib/gcc/i686-linux-gnu/5/crtbeginS.o
 .text.unlikely
                0x0000000000011070        0x0 /usr/lib/gcc/i686-linux-gnu/5/libgcc.a(_udivdi3.o)
 *(.text.exit .text.exit.*)
 *(.text.startup .text.startup.*)
 *(.text.hot .text.hot.*)
 *(.text .stub .text.* .gnu.linkonce.t.*)
 .text          0x0000000000011070        0x0 /usr/lib/gcc/i686-linux-gnu/5/../../../i386-linux-gnu/crti.o
 .gnu.linkonce.t.__x86.get_pc_thunk.bx
                0x0000000000011070        0x4 /usr/lib/gcc/i686-linux-gnu/5/../../../i386-linux-gnu/crti.o
                0x0000000000011070                __x86.get_pc_thunk.bx
 *fill*         0x0000000000011074        0xc 
 .text          0x0000000000011080      0x11c /usr/lib/gcc/i686-linux-gnu/5/crtbeginS.o
 .text.__x86.get_pc_thunk.dx
                0x000000000001119c        0x4 /usr/lib/gcc/i686-linux-gnu/5/crtbeginS.o
                0x000000000001119c                __x86.get_pc_thunk.dx
 .text          0x00000000000111a0      0x139 presence_sensor.o
 .text          0x00000000000112d9      0x283 build/cooja/mtype414.o
                0x000000000001136b                platform_init_stage_one
                0x000000000001137e                platform_init_stage_two
                0x0000000000011391                platform_init_stage_three
                0x00000000000113a4                platform_main_loop
                0x0000000000011417                Java_org_contikios_cooja_corecomm_Lib22_init
                0x000000000001144e                Java_org_contikios_cooja_corecomm_Lib22_getMemory
                0x0000000000011481                Java_org_contikios_cooja_corecomm_Lib22_setMemory
                0x00000000000114e1                Java_org_contikios_cooja_corecomm_Lib22_tick
                0x0000000000011549                Java_org_contikios_cooja_corecomm_Lib22_setReferenceAddress
 .text          0x000000000001155c       0x65 build/cooja/mtype414.a(simEnvChange.o)
                0x000000000001155c                doActionsBeforeTick
                0x000000000001158e                doActionsAfterTick
 .text          0x00000000000115c1       0x83 build/cooja/mtype414.a(cooja_mt.o)
                0x00000000000115c1                cooja_mt_start
                0x00000000000115eb                cooja_mt_exec
                0x0000000000011621                cooja_mt_yield
 .text          0x0000000000011644       0xbe build/cooja/mtype414.a(cooja_mtarch.o)
                0x0000000000011644                cooja_mtarch_start
                0x00000000000116b7                cooja_sw
                0x00000000000116da                cooja_mtarch_exec
                0x00000000000116f7                cooja_mtarch_yield
 .text          0x0000000000011702       0xc5 build/cooja/mtype414.a(rtimer-arch.o)
                0x0000000000011702                rtimer_arch_init
                0x0000000000011726                rtimer_arch_schedule
                0x0000000000011756                rtimer_arch_next
                0x0000000000011766                rtimer_arch_pending
                0x0000000000011770                rtimer_arch_check
                0x00000000000117b7                rtimer_arch_now
 .text          0x00000000000117c7       0x81 build/cooja/mtype414.a(beep.o)
                0x00000000000117c7                beep_alarm
                0x00000000000117d4                beep_beep
                0x00000000000117e1                beep
                0x00000000000117ee                beep_down
                0x00000000000117fb                beep_on
                0x0000000000011808                beep_off
                0x0000000000011815                beep_spinup
                0x0000000000011822                beep_quick
                0x000000000001182f                beep_long
 .text          0x0000000000011848       0x65 build/cooja/mtype414.a(leds-arch.o)
                0x000000000001185b                leds_arch_init
 .text          0x00000000000118ad       0x35 build/cooja/mtype414.a(moteid.o)
 .text          0x00000000000118e2       0xb7 build/cooja/mtype414.a(pir-sensor.o)
 .text          0x0000000000011999      0x148 build/cooja/mtype414.a(rs232.o)
                0x0000000000011999                rs232_init
                0x000000000001199f                rs232_set_speed
                0x00000000000119ae                rs232_set_input
                0x00000000000119bc                rs232_send
                0x00000000000119e0                rs232_print
                0x00000000000119fc                slip_arch_writeb
 .text          0x0000000000011ae1       0xb7 build/cooja/mtype414.a(vib-sensor.o)
 .text          0x0000000000011b98       0x38 build/cooja/mtype414.a(clock.o)
                0x0000000000011b98                clock_init
                0x0000000000011b9e                clock_time
                0x0000000000011ba8                clock_seconds
                0x0000000000011bbe                clock_delay
 .text          0x0000000000011bd0      0x219 build/cooja/mtype414.a(cooja-log.o)
                0x0000000000011bd0                simlog_char
                0x0000000000011c13                simlog
                0x0000000000011c89                log_message
                0x0000000000011cba                log_set_putchar_with_slip
                0x0000000000011cc8                log_putchar
                0x0000000000011d43                log_puts
                0x0000000000011d6b                log_printf
 .text          0x0000000000011de9      0x2b9 build/cooja/mtype414.a(cfs-cooja.o)
                0x0000000000011de9                cfs_open
                0x0000000000011e52                cfs_close
                0x0000000000011e5f                cfs_read
                0x0000000000011ef4                cfs_write
                0x0000000000011fd0                cfs_seek
                0x0000000000012058                cfs_remove
                0x000000000001207c                cfs_opendir
                0x0000000000012086                cfs_readdir
                0x0000000000012090                cfs_closedir
 .text          0x00000000000120a2      0x620 build/cooja/mtype414.a(cooja-radio.o)
                0x00000000000120e4                radio_set_channel
                0x00000000000120f2                radio_set_txpower
                0x000000000001210a                radio_signal_strength_last
                0x0000000000012114                radio_signal_strength_current
                0x000000000001211e                radio_LQI
 .text          0x00000000000126c2       0xee build/cooja/mtype414.a(eeprom.o)
                0x00000000000126c2                eeprom_init
                0x00000000000126c8                eeprom_read
                0x0000000000012736                eeprom_write
 .text          0x00000000000127b0       0x2d build/cooja/mtype414.a(random.o)
                0x00000000000127b0                random_init
                0x00000000000127d0                random_rand
 .text          0x00000000000127dd      0x29c build/cooja/mtype414.a(sensors.o)
                0x0000000000012818                sensors_first
                0x0000000000012822                sensors_next
                0x000000000001283c                sensors_changed
                0x0000000000012870                sensors_find
 .text          0x0000000000012a79      0x349 build/cooja/mtype414.a(leds.o)
                0x0000000000012a79                leds_init
                0x0000000000012ac0                leds_single_on
                0x0000000000012b1f                leds_single_off
                0x0000000000012b7e                leds_single_toggle
                0x0000000000012bb0                leds_on
                0x0000000000012c32                leds_off
                0x0000000000012cb4                leds_toggle
                0x0000000000012d09                leds_set
                0x0000000000012d35                leds_get
 .text          0x0000000000012dc2      0x343 build/cooja/mtype414.a(gpio-hal-arch.o)
                0x0000000000012dc2                gpio_hal_arch_register_pin_callback
                0x0000000000012e2e                gpio_hal_arch_init
                0x0000000000012e73                gpio_hal_arch_no_port_interrupt_enable
                0x0000000000012ea3                gpio_hal_arch_no_port_interrupt_disable
                0x0000000000012ed3                gpio_hal_arch_no_port_pin_cfg_set
                0x0000000000012ef8                gpio_hal_arch_no_port_pin_cfg_get
                0x0000000000012f1e                gpio_hal_arch_no_port_pin_set_input
                0x0000000000012f30                gpio_hal_arch_no_port_pin_set_output
                0x0000000000012f42                gpio_hal_arch_no_port_set_pin
                0x0000000000012f63                gpio_hal_arch_no_port_clear_pin
                0x0000000000012f84                gpio_hal_arch_no_port_read_pin
                0x0000000000012faa                gpio_hal_arch_no_port_write_pin
                0x0000000000012fd4                gpio_hal_arch_no_port_set_pins
                0x000000000001301b                gpio_hal_arch_no_port_clear_pins
                0x0000000000013062                gpio_hal_arch_no_port_read_pins
                0x00000000000130a5                gpio_hal_arch_no_port_write_pins
 .text          0x0000000000013105       0x89 build/cooja/mtype414.a(buttons.o)
 .text          0x000000000001318e      0x102 build/cooja/mtype414.a(res_presence_de)
 .text          0x0000000000013290      0xbea build/cooja/mtype414.a(coap-engine.o)
                0x0000000000013325                coap_add_handler
                0x0000000000013342                coap_remove_handler
                0x000000000001335f                coap_call_handlers
                0x0000000000013467                coap_receive
                0x0000000000013a62                coap_engine_init
                0x0000000000013ac0                coap_activate_resource
                0x0000000000013b6b                coap_get_first_resource
                0x0000000000013b84                coap_get_next_resource
 .text          0x0000000000013e7a      0x2d9 build/cooja/mtype414.a(coap-res-well-k)
 .text          0x0000000000014153      0x96a build/cooja/mtype414.a(coap-observe.o)
                0x0000000000014268                coap_remove_observer
                0x0000000000014298                coap_remove_observer_by_client
                0x0000000000014300                coap_remove_observer_by_token
                0x0000000000014393                coap_remove_observer_by_uri
                0x000000000001443a                coap_remove_observer_by_mid
                0x00000000000144b6                coap_notify_observers
                0x00000000000144cf                coap_notify_observers_sub
                0x0000000000014939                coap_observe_handler
                0x0000000000014a54                coap_has_observers
 .text          0x0000000000014abd      0x733 build/cooja/mtype414.a(coap-uip.o)
                0x0000000000014abd                coap_endpoint_log
                0x0000000000014b43                coap_endpoint_print
                0x0000000000014bc9                coap_endpoint_snprint
                0x0000000000014cfc                coap_endpoint_copy
                0x0000000000014d39                coap_endpoint_cmp
                0x0000000000014e47                coap_endpoint_parse
                0x0000000000015032                coap_endpoint_is_secure
                0x0000000000015041                coap_endpoint_is_connected
                0x0000000000015075                coap_endpoint_connect
                0x0000000000015091                coap_endpoint_disconnect
                0x0000000000015097                coap_databuf
                0x00000000000150a1                coap_transport_init
                0x00000000000150f1                coap_sendto
 .text          0x00000000000151f0      0x324 build/cooja/mtype414.a(coap-timer.o)
                0x00000000000152ed                coap_timer_stop
                0x0000000000015318                coap_timer_set
                0x000000000001535b                coap_timer_reset
                0x000000000001539e                coap_timer_time_to_next_expiration
                0x000000000001540a                coap_timer_run
                0x00000000000154d6                coap_timer_init
 .text          0x0000000000015514      0x2c6 build/cooja/mtype414.a(coap-transactio)
                0x000000000001557a                coap_new_transaction
                0x00000000000155e0                coap_send_transaction
                0x0000000000015741                coap_clear_transaction
                0x0000000000015789                coap_get_transaction_by_mid
 .text          0x00000000000157da     0x1c53 build/cooja/mtype414.a(coap.o)
                0x0000000000015d47                coap_init_connection
                0x0000000000015d5b                coap_get_mid
                0x0000000000015d77                coap_init_message
                0x0000000000015dc0                coap_serialize_message
                0x0000000000016442                coap_parse_message
                0x0000000000016aa9                coap_get_query_variable
                0x0000000000016aeb                coap_get_post_variable
                0x0000000000016b2f                coap_set_status_code
                0x0000000000016b54                coap_set_token
                0x0000000000016b9b                coap_get_header_content_format
                0x0000000000016bcc                coap_set_header_content_format
                0x0000000000016bef                coap_get_header_accept
                0x0000000000016c20                coap_set_header_accept
                0x0000000000016c43                coap_get_header_max_age
                0x0000000000016c74                coap_set_header_max_age
                0x0000000000016c94                coap_get_header_etag
                0x0000000000016cc6                coap_set_header_etag
                0x0000000000016d1d                coap_get_header_if_match
                0x0000000000016d4f                coap_set_header_if_match
                0x0000000000016da6                coap_get_header_if_none_match
                0x0000000000016dc0                coap_set_header_if_none_match
                0x0000000000016dd7                coap_get_header_proxy_uri
                0x0000000000016e05                coap_set_header_proxy_uri
                0x0000000000016e42                coap_get_header_uri_host
                0x0000000000016e70                coap_set_header_uri_host
                0x0000000000016ead                coap_get_header_uri_path
                0x0000000000016edb                coap_set_header_uri_path
                0x0000000000016f28                coap_get_header_uri_query
                0x0000000000016f5c                coap_set_header_uri_query
                0x0000000000016fb2                coap_get_header_location_path
                0x0000000000016fe0                coap_set_header_location_path
                0x0000000000017079                coap_get_header_location_query
                0x00000000000170a7                coap_set_header_location_query
                0x00000000000170f4                coap_get_header_observe
                0x0000000000017123                coap_set_header_observe
                0x0000000000017143                coap_get_header_block2
                0x00000000000171af                coap_set_header_block2
                0x0000000000017226                coap_get_header_block1
                0x000000000001729b                coap_set_header_block1
                0x0000000000017316                coap_get_header_size2
                0x0000000000017346                coap_set_header_size2
                0x0000000000017369                coap_get_header_size1
                0x0000000000017399                coap_set_header_size1
                0x00000000000173bc                coap_get_payload
                0x00000000000173f6                coap_set_payload
 .text          0x000000000001742d      0x332 build/cooja/mtype414.a(contiki-main.o)
                0x000000000001742d                main
 .text          0x000000000001775f       0x92 build/cooja/mtype414.a(autostart.o)
                0x000000000001775f                autostart_start
                0x00000000000177a9                autostart_exit
 .text          0x00000000000177f1      0x355 build/cooja/mtype414.a(ctimer.o)
                0x0000000000017919                ctimer_init
                0x000000000001794c                ctimer_set
                0x0000000000017972                ctimer_set_with_process
                0x00000000000179ef                ctimer_reset
                0x0000000000017a43                ctimer_restart
                0x0000000000017a97                ctimer_stop
                0x0000000000017ae7                ctimer_expired
 .text          0x0000000000017b46      0x394 build/cooja/mtype414.a(log.o)
                0x0000000000017b46                log_6addr
                0x0000000000017b99                log_6addr_compact_snprint
                0x0000000000017c37                log_6addr_compact
                0x0000000000017c8a                log_lladdr
                0x0000000000017cfc                log_lladdr_compact
                0x0000000000017d64                log_set_level
                0x0000000000017e1f                log_get_level
                0x0000000000017e98                log_level_to_str
 .text          0x0000000000017eda       0x1b build/cooja/mtype414.a(energest.o)
                0x0000000000017eda                energest_init
                0x0000000000017ee0                energest_flush
                0x0000000000017ee6                energest_get_total_time
 .text          0x0000000000017ef5      0x43f build/cooja/mtype414.a(etimer.o)
                0x0000000000018119                etimer_request_poll
                0x00000000000181a2                etimer_set
                0x00000000000181cb                etimer_reset_with_new_interval
                0x00000000000181fa                etimer_reset
                0x0000000000018220                etimer_restart
                0x0000000000018246                etimer_adjust
                0x0000000000018263                etimer_expired
                0x0000000000018276                etimer_expiration_time
                0x0000000000018288                etimer_start_time
                0x0000000000018292                etimer_pending
                0x00000000000182a4                etimer_next_expiration_time
                0x00000000000182be                etimer_stop
 .text          0x0000000000018334       0x25 build/cooja/mtype414.a(node-id.o)
                0x0000000000018334                node_id_init
 .text          0x0000000000018359       0xeb build/cooja/mtype414.a(rtimer.o)
                0x0000000000018359                rtimer_init
                0x0000000000018367                rtimer_set
                0x00000000000183e2                rtimer_run_next
 .text          0x0000000000018444      0x4fb build/cooja/mtype414.a(process.o)
                0x0000000000018444                process_alloc_event
                0x0000000000018459                process_start
                0x0000000000018633                process_exit
                0x0000000000018650                process_init
                0x00000000000187e5                process_run
                0x0000000000018818                process_nevents
                0x0000000000018833                process_post
                0x00000000000188c6                process_post_synch
                0x00000000000188fb                process_poll
                0x000000000001892b                process_is_running
 .text          0x000000000001893f       0xb1 build/cooja/mtype414.a(timer.o)
                0x000000000001893f                timer_set
                0x000000000001895d                timer_reset
                0x000000000001898a                timer_restart
                0x000000000001899f                timer_expired
                0x00000000000189cc                timer_remaining
 .text          0x00000000000189f0      0x28f build/cooja/mtype414.a(list.o)
                0x00000000000189f0                list_init
                0x00000000000189ff                list_head
                0x0000000000018a09                list_copy
                0x0000000000018a19                list_tail
                0x0000000000018a4f                list_add
                0x0000000000018a9b                list_push
                0x0000000000018ac7                list_chop
                0x0000000000018b31                list_pop
                0x0000000000018b59                list_remove
                0x0000000000018bc1                list_length
                0x0000000000018bef                list_insert
                0x0000000000018c34                list_item_next
                0x0000000000018c4b                list_contains
 .text          0x0000000000018c7f      0x1b5 build/cooja/mtype414.a(memb.o)
                0x0000000000018c7f                memb_init
                0x0000000000018cd4                memb_alloc
                0x0000000000018d37                memb_free
                0x0000000000018dae                memb_inmemb
                0x0000000000018ded                memb_numfree
 .text          0x0000000000018e34      0x41c build/cooja/mtype414.a(button-hal.o)
                0x0000000000018fad                button_hal_get_by_id
                0x0000000000018feb                button_hal_get_by_index
                0x0000000000019017                button_hal_get_state
                0x0000000000019069                button_hal_init
 .text          0x0000000000019250      0x1f3 build/cooja/mtype414.a(serial-line.o)
                0x0000000000019250                serial_line_input_byte
                0x000000000001940e                serial_line_init
 .text          0x0000000000019443      0x168 build/cooja/mtype414.a(gpio-hal.o)
                0x0000000000019443                gpio_hal_register_handler
                0x0000000000019460                gpio_hal_event_handler
                0x00000000000194bc                gpio_hal_init
                0x00000000000194db                gpio_hal_arch_port_toggle_pin
                0x0000000000019517                gpio_hal_arch_port_toggle_pins
                0x0000000000019545                gpio_hal_arch_no_port_toggle_pin
                0x0000000000019583                gpio_hal_arch_no_port_toggle_pins
 .text          0x00000000000195ab      0x2e7 build/cooja/mtype414.a(queuebuf.o)
                0x00000000000195b5                queuebuf_init
                0x00000000000195de                queuebuf_numfree
                0x00000000000195f6                queuebuf_new_from_packetbuf
                0x0000000000019695                queuebuf_update_attr_from_packetbuf
                0x00000000000196ca                queuebuf_update_from_packetbuf
                0x000000000001971a                queuebuf_free
                0x0000000000019763                queuebuf_to_packetbuf
                0x00000000000197cf                queuebuf_dataptr
                0x0000000000019809                queuebuf_datalen
                0x000000000001982c                queuebuf_addr
                0x0000000000019861                queuebuf_attr
                0x000000000001988c                queuebuf_debug_print
 .text          0x0000000000019892      0x407 build/cooja/mtype414.a(packetbuf.o)
                0x0000000000019892                packetbuf_clear
                0x00000000000198bd                packetbuf_copyfrom
                0x000000000001990c                packetbuf_copyto
                0x000000000001999f                packetbuf_hdralloc
                0x0000000000019a1b                packetbuf_hdrreduce
                0x0000000000019a61                packetbuf_set_datalen
                0x0000000000019a7b                packetbuf_dataptr
                0x0000000000019a98                packetbuf_hdrptr
                0x0000000000019aa2                packetbuf_datalen
                0x0000000000019aae                packetbuf_hdrlen
                0x0000000000019ac5                packetbuf_totlen
                0x0000000000019adb                packetbuf_remaininglen
                0x0000000000019aee                packetbuf_attr_clear
                0x0000000000019b3a                packetbuf_attr_copyto
                0x0000000000019b92                packetbuf_attr_copyfrom
                0x0000000000019bea                packetbuf_set_attr
                0x0000000000019c14                packetbuf_attr
                0x0000000000019c2e                packetbuf_set_addr
                0x0000000000019c5f                packetbuf_addr
                0x0000000000019c7c                packetbuf_holds_broadcast
 .text          0x0000000000019c99       0xef build/cooja/mtype414.a(netstack.o)
                0x0000000000019c99                netstack_process_ip_callback
                0x0000000000019d2a                netstack_ip_packet_processor_add
                0x0000000000019d4d                uip_ds6_ip_packet_processor_rm
                0x0000000000019d6a                netstack_init
 .text          0x0000000000019d88       0x4f build/cooja/mtype414.a(linkaddr.o)
                0x0000000000019d88                linkaddr_copy
                0x0000000000019d9e                linkaddr_cmp
                0x0000000000019dc1                linkaddr_set_node_addr
 .text          0x0000000000019dd7      0x1f6 build/cooja/mtype414.a(csma.o)
 .text          0x0000000000019fcd      0x95d build/cooja/mtype414.a(csma-output.o)
                0x000000000001a664                csma_output_packet
                0x000000000001a8f1                csma_output_init
 .text          0x000000000001a92a      0xc11 build/cooja/mtype414.a(uip-ds6.o)
                0x000000000001a92a                uip_ds6_default_prefix
                0x000000000001a934                uip_ds6_set_default_prefix
                0x000000000001a95f                uip_ds6_init
                0x000000000001abc1                uip_ds6_periodic
                0x000000000001ac48                uip_ds6_list_loop
                0x000000000001ad08                uip_ds6_prefix_add
                0x000000000001adb4                uip_ds6_prefix_rm
                0x000000000001adc7                uip_ds6_prefix_lookup
                0x000000000001ae06                uip_ds6_is_addr_onlink
                0x000000000001ae79                uip_ds6_addr_add
                0x000000000001af99                uip_ds6_addr_rm
                0x000000000001b042                uip_ds6_addr_lookup
                0x000000000001b07b                uip_ds6_get_link_local
                0x000000000001b0fc                uip_ds6_get_global
                0x000000000001b17d                uip_ds6_maddr_add
                0x000000000001b1dd                uip_ds6_maddr_rm
                0x000000000001b1f0                uip_ds6_maddr_lookup
                0x000000000001b229                uip_ds6_aaddr_add
                0x000000000001b289                uip_ds6_aaddr_rm
                0x000000000001b29c                uip_ds6_aaddr_lookup
                0x000000000001b2d5                uip_ds6_select_src
                0x000000000001b41e                uip_ds6_set_addr_iid
                0x000000000001b449                uip_ds6_set_lladdr_from_iid
                0x000000000001b472                get_match_length
                0x000000000001b503                uip_ds6_compute_reachable_time
 .text          0x000000000001b53b      0x128 build/cooja/mtype414.a(uip-udp-packet.)
                0x000000000001b53b                uip_udp_packet_send
                0x000000000001b596                uip_udp_packet_sendto
 .text          0x000000000001b663      0x35b build/cooja/mtype414.a(uip-ds6-route.o)
                0x000000000001b6b4                uip_ds6_route_init
                0x000000000001b6de                uip_ds6_route_nexthop
                0x000000000001b6e8                uip_ds6_route_head
                0x000000000001b6f2                uip_ds6_route_next
                0x000000000001b6fc                uip_ds6_route_is_nexthop
                0x000000000001b706                uip_ds6_route_num_routes
                0x000000000001b710                uip_ds6_route_lookup
                0x000000000001b71a                uip_ds6_route_add
                0x000000000001b72d                uip_ds6_route_rm
                0x000000000001b733                uip_ds6_route_rm_by_nexthop
                0x000000000001b739                uip_ds6_defrt_head
                0x000000000001b752                uip_ds6_defrt_add
                0x000000000001b800                uip_ds6_defrt_rm
                0x000000000001b866                uip_ds6_defrt_lookup
                0x000000000001b8cd                uip_ds6_defrt_choose
                0x000000000001b943                uip_ds6_defrt_periodic
 .text          0x000000000001b9be      0x6f7 build/cooja/mtype414.a(tcpip.o)
                0x000000000001b9d8                tcpip_output
                0x000000000001ba57                udp_attach
                0x000000000001ba6f                udp_new
                0x000000000001bab9                udp_broadcast_new
                0x000000000001bc2b                tcpip_input
                0x000000000001bdbb                tcpip_ipv6_output
                0x000000000001bfaf                tcpip_poll_udp
                0x000000000001bfcd                tcpip_uipcall
 .text          0x000000000001c0b5     0x1205 build/cooja/mtype414.a(uip6.o)
                0x000000000001c164                uip_chksum
                0x000000000001c23b                uip_icmp6chksum
                0x000000000001c250                uip_udpchksum
                0x000000000001c265                uip_init
                0x000000000001c2ae                uip_remove_ext_hdr
                0x000000000001c388                uip_udp_new
                0x000000000001c69c                uip_process
                0x000000000001d194                uip_htons
                0x000000000001d1b6                uip_htonl
                0x000000000001d1f4                uip_send
 .text          0x000000000001d2ba      0x369 build/cooja/mtype414.a(uip-ds6-nbr.o)
                0x000000000001d2ba                uip_ds6_neighbors_init
                0x000000000001d2de                uip_ds6_nbr_add
                0x000000000001d364                uip_ds6_nbr_rm
                0x000000000001d3af                uip_ds6_nbr_update_ll
                0x000000000001d49d                uip_ds6_nbr_get_ipaddr
                0x000000000001d4b2                uip_ds6_nbr_get_ll
                0x000000000001d4ce                uip_ds6_nbr_num
                0x000000000001d517                uip_ds6_nbr_head
                0x000000000001d530                uip_ds6_nbr_next
                0x000000000001d54c                uip_ds6_nbr_lookup
                0x000000000001d5a4                uip_ds6_nbr_ll_lookup
                0x000000000001d5c0                uip_ds6_nbr_ipaddr_from_lladdr
                0x000000000001d5e9                uip_ds6_nbr_lladdr_from_ipaddr
                0x000000000001d61d                uip_ds6_link_callback
 .text          0x000000000001d623      0x6a7 build/cooja/mtype414.a(uip-nd6.o)
                0x000000000001dcb1                uip_nd6_init
 .text          0x000000000001dcca     0x2c17 build/cooja/mtype414.a(sicslowpan.o)
                0x000000000001e2d1                netstack_sniffer_add
                0x000000000001e2df                netstack_sniffer_remove
                0x00000000000208b5                sicslowpan_init
                0x00000000000208d7                sicslowpan_get_last_rssi
 .text          0x00000000000208e1      0x4d1 build/cooja/mtype414.a(uiplib.o)
                0x00000000000208e1                uiplib_ip6addrconv
                0x0000000000020a99                uiplib_ip4addrconv
                0x0000000000020b5c                uiplib_ipaddr_print
                0x0000000000020baf                uiplib_ipaddr_snprint
 .text          0x0000000000020db2      0x4c9 build/cooja/mtype414.a(rpl.o)
                0x0000000000020db2                rpl_lollipop_greater_than
                0x0000000000020e0c                rpl_get_global_address
                0x0000000000020f04                rpl_link_callback
                0x0000000000020f48                rpl_has_joined
                0x0000000000020f6d                rpl_is_reachable
                0x0000000000020fee                rpl_reset_prefix
                0x0000000000021058                rpl_set_prefix_from_addr
                0x000000000002113d                rpl_set_prefix
                0x0000000000021257                rpl_set_leaf_only
                0x000000000002126f                rpl_get_leaf_only
 .text          0x000000000002127b     0x138c build/cooja/mtype414.a(rpl-icmp6.o)
                0x00000000000213a0                rpl_icmp6_update_nbr_table
                0x0000000000021429                rpl_icmp6_dis_output
                0x0000000000021a6f                rpl_icmp6_dio_output
                0x000000000002226d                rpl_icmp6_dao_output
                0x000000000002254e                rpl_icmp6_dao_ack_output
                0x00000000000225be                rpl_icmp6_init
 .text          0x0000000000022607      0x264 build/cooja/mtype414.a(rpl-dag-root.o)
                0x0000000000022607                rpl_dag_root_print_links
                0x0000000000022733                rpl_dag_root_set_prefix
                0x000000000002275f                rpl_dag_root_start
                0x000000000002283c                rpl_dag_root_is_root
 .text          0x000000000002286b       0x30 build/cooja/mtype414.a(watchdog.o)
                0x000000000002286b                watchdog_init
                0x0000000000022871                watchdog_start
                0x0000000000022877                watchdog_periodic
                0x000000000002288f                watchdog_stop
                0x0000000000022895                watchdog_reboot
 .text          0x000000000002289b       0x4a build/cooja/mtype414.a(int-master.o)
                0x000000000002289b                int_master_enable
                0x00000000000228ab                int_master_read_and_disable
                0x00000000000228c8                int_master_status_set
                0x00000000000228d6                int_master_is_enabled
 .text          0x00000000000228e5      0x226 build/cooja/mtype414.a(coap-timer-defa)
 .text          0x0000000000022b0b       0xc7 build/cooja/mtype414.a(stimer.o)
                0x0000000000022b0b                stimer_set
                0x0000000000022b29                stimer_reset
                0x0000000000022b56                stimer_restart
                0x0000000000022b6b                stimer_expired
                0x0000000000022b96                stimer_remaining
                0x0000000000022bba                stimer_elapsed
 .text          0x0000000000022bd2      0x156 build/cooja/mtype414.a(ringbuf.o)
                0x0000000000022bd2                ringbuf_init
                0x0000000000022c04                ringbuf_put
                0x0000000000022c82                ringbuf_get
                0x0000000000022cef                ringbuf_size
                0x0000000000022d01                ringbuf_elements
 .text          0x0000000000022d28       0x1f build/cooja/mtype414.a(assert.o)
                0x0000000000022d28                _xassert
 .text          0x0000000000022d47      0x79b build/cooja/mtype414.a(nbr-table.o)
                0x00000000000231c0                nbr_table_register
                0x000000000002322d                nbr_table_is_registered
                0x0000000000023268                nbr_table_head
                0x00000000000232c3                nbr_table_next
                0x0000000000023324                nbr_table_add_lladdr
                0x00000000000233fe                nbr_table_get_from_lladdr
                0x000000000002344a                nbr_table_remove
                0x0000000000023482                nbr_table_lock
                0x000000000002349c                nbr_table_unlock
                0x00000000000234b6                nbr_table_get_lladdr
 .text          0x00000000000234e2      0x3a5 build/cooja/mtype414.a(link-stats.o)
                0x00000000000234e2                link_stats_from_lladdr
                0x00000000000234fe                link_stats_get_lladdr
                0x000000000002351a                link_stats_is_fresh
                0x0000000000023556                guess_etx_from_rssi
                0x00000000000235d2                link_stats_packet_sent
                0x00000000000236f2                link_stats_input_callback
                0x0000000000023802                link_stats_reset
                0x0000000000023852                link_stats_init
 .text          0x0000000000023887      0x187 build/cooja/mtype414.a(mac-sequence.o)
                0x0000000000023887                mac_sequence_is_duplicate
                0x0000000000023927                mac_sequence_register_seqno
 .text          0x0000000000023a0e       0x23 build/cooja/mtype414.a(mac.o)
                0x0000000000023a0e                mac_call_sent_callback
 .text          0x0000000000023a31      0x432 build/cooja/mtype414.a(framer-802154.o)
                0x0000000000023bc0                framer_802154_setup_params
 .text          0x0000000000023e63      0xb6f build/cooja/mtype414.a(frame802154.o)
                0x0000000000023e94                frame802154_get_pan_id
                0x0000000000023ea0                frame802154_set_pan_id
                0x0000000000023eba                frame802154_has_panid
                0x0000000000024069                frame802154_check_dest_panid
                0x00000000000240f1                frame802154_is_broadcast_addr
                0x000000000002413e                frame802154_extract_linkaddr
                0x00000000000243a3                frame802154_hdrlen
                0x0000000000024416                frame802154_create_fcf
                0x00000000000244ce                frame802154_create
                0x0000000000024643                frame802154_parse_fcf
                0x0000000000024725                frame802154_parse
 .text          0x00000000000249d2       0x2d build/cooja/mtype414.a(csma-security.o)
                0x00000000000249d2                csma_security_create_frame
                0x00000000000249f0                csma_security_parse_frame
 .text          0x00000000000249ff      0x4e4 build/cooja/mtype414.a(uipbuf.o)
                0x00000000000249ff                uipbuf_clear
                0x0000000000024a26                uipbuf_add_ext_hdr
                0x0000000000024aa6                uipbuf_set_len
                0x0000000000024ad3                uipbuf_set_len_field
                0x0000000000024aff                uipbuf_get_len_field
                0x0000000000024b1f                uipbuf_get_next_header
                0x0000000000024c51                uipbuf_get_last_header
                0x0000000000024cca                uipbuf_search_header
                0x0000000000024d80                uipbuf_get_attr
                0x0000000000024da7                uipbuf_set_attr
                0x0000000000024dde                uipbuf_set_default_attr
                0x0000000000024e15                uipbuf_clear_attr
                0x0000000000024e39                uipbuf_set_attr_flag
                0x0000000000024e5a                uipbuf_clr_attr_flag
                0x0000000000024e81                uipbuf_is_attr_flag
                0x0000000000024ea5                uipbuf_init
 .text          0x0000000000024ee3      0x73f build/cooja/mtype414.a(uip-icmp6.o)
                0x0000000000024f58                uip_icmp6_input
                0x0000000000024faf                uip_icmp6_register_input_handler
                0x0000000000025102                uip_icmp6_error_output
                0x00000000000253b3                uip_icmp6_send
                0x00000000000255aa                uip_icmp6_echo_reply_callback_add
                0x00000000000255dc                uip_icmp6_echo_reply_callback_rm
                0x00000000000255f9                uip_icmp6_init
 .text          0x0000000000025622      0x69b build/cooja/mtype414.a(uip-sr.o)
                0x0000000000025622                uip_sr_num_nodes
                0x00000000000256b0                uip_sr_get_node
                0x0000000000025707                uip_sr_is_addr_reachable
                0x00000000000257b5                uip_sr_expire_parent
                0x00000000000257fe                uip_sr_update_node
                0x000000000002592e                uip_sr_init
                0x0000000000025962                uip_sr_node_head
                0x000000000002597b                uip_sr_node_next
                0x0000000000025991                uip_sr_periodic
                0x0000000000025a97                uip_sr_free_all
                0x0000000000025b07                uip_sr_link_snprint
 .text          0x0000000000025cbd      0x146 build/cooja/mtype414.a(uip-packetqueue)
                0x0000000000025ceb                uip_packetqueue_new
                0x0000000000025cfa                uip_packetqueue_alloc
                0x0000000000025d55                uip_packetqueue_free
                0x0000000000025d9c                uip_packetqueue_buf
                0x0000000000025db9                uip_packetqueue_buflen
                0x0000000000025dda                uip_packetqueue_set_buflen
 .text          0x0000000000025e03      0x1b0 build/cooja/mtype414.a(rpl-nbr-policy.)
                0x0000000000025f70                rpl_nbr_policy_find_removable
 .text          0x0000000000025fb3      0x915 build/cooja/mtype414.a(rpl-neighbor.o)
                0x000000000002602f                rpl_neighbor_snprint
                0x00000000000262e2                rpl_neighbor_print_list
                0x0000000000026397                rpl_neighbor_count
                0x000000000002643e                rpl_neighbor_get_from_lladdr
                0x000000000002645a                rpl_neighbor_is_acceptable_parent
                0x000000000002648e                rpl_neighbor_get_link_metric
                0x00000000000264c2                rpl_neighbor_rank_via_nbr
                0x00000000000264f6                rpl_neighbor_get_lladdr
                0x0000000000026512                rpl_neighbor_get_ipaddr
                0x0000000000026539                rpl_neighbor_get_link_stats
                0x0000000000026560                rpl_neighbor_is_fresh
                0x0000000000026587                rpl_neighbor_is_reachable
                0x00000000000265d2                rpl_neighbor_is_parent
                0x00000000000265fc                rpl_neighbor_set_preferred_parent
                0x0000000000026693                rpl_neighbor_remove_all
                0x00000000000266ef                rpl_neighbor_get_from_ipaddr
                0x00000000000267fd                rpl_neighbor_select_best
                0x00000000000268a9                rpl_neighbor_init
 .text          0x00000000000268c8      0xe69 build/cooja/mtype414.a(rpl-dag.o)
                0x00000000000268c8                rpl_dag_state_to_str
                0x0000000000026907                rpl_dag_get_root_ipaddr
                0x000000000002694f                rpl_dag_leave
                0x00000000000269d8                rpl_dag_poison_and_leave
                0x00000000000269f0                rpl_dag_periodic
                0x0000000000026a78                rpl_is_addr_in_our_dag
                0x0000000000026abc                rpl_get_default_instance
                0x0000000000026ad8                rpl_get_any_dag
                0x0000000000026b31                rpl_refresh_routes
                0x0000000000026b71                rpl_global_repair
                0x0000000000026c0a                rpl_local_repair
                0x0000000000026c54                rpl_dag_ready_to_advertise
                0x0000000000026c97                rpl_dag_update_state
                0x00000000000273c4                rpl_process_dio
                0x0000000000027442                rpl_process_dis
                0x0000000000027487                rpl_process_dao
                0x0000000000027516                rpl_process_dao_ack
                0x00000000000275ad                rpl_process_hbh
                0x00000000000275fd                rpl_dag_init_root
                0x0000000000027711                rpl_dag_init
 .text          0x0000000000027731      0x9e7 build/cooja/mtype414.a(rpl-timers.o)
                0x0000000000027731                rpl_timers_schedule_periodic_dis
                0x000000000002787f                rpl_timers_dio_reset
                0x000000000002798d                rpl_timers_schedule_unicast_dio
                0x0000000000027ae1                rpl_timers_schedule_dao
                0x0000000000027ba0                rpl_timers_schedule_dao_ack
                0x0000000000027c26                rpl_timers_notify_dao_ack
                0x0000000000027c84                get_probing_delay
                0x0000000000027cb8                get_probing_target
                0x0000000000027ea2                rpl_schedule_probing
                0x0000000000027ed0                rpl_schedule_probing_now
                0x0000000000027f3a                rpl_timers_unschedule_leaving
                0x0000000000027f72                rpl_timers_schedule_leaving
                0x0000000000027fb3                rpl_timers_init
                0x0000000000028043                rpl_timers_stop_dag_timers
                0x00000000000280bc                rpl_timers_unschedule_state_update
                0x00000000000280e0                rpl_timers_schedule_state_update
 .text          0x0000000000028118      0xb8e build/cooja/mtype414.a(rpl-ext-header.)
                0x0000000000028118                rpl_ext_header_srh_get_next_hop
                0x00000000000281ff                rpl_ext_header_srh_update
                0x000000000002876b                rpl_ext_header_hbh_update
                0x0000000000028a6b                rpl_ext_header_update
                0x0000000000028af4                rpl_ext_header_remove
 .text          0x0000000000028ca6      0x31b build/cooja/mtype414.a(rpl-mrhof.o)
 *fill*         0x0000000000028fc1        0xf 
 .text          0x0000000000028fd0      0x122 /usr/lib/gcc/i686-linux-gnu/5/libgcc.a(_udivdi3.o)
                0x0000000000028fd0                __udivdi3
 .text          0x00000000000290f2        0x0 /usr/lib/gcc/i686-linux-gnu/5/crtendS.o
 .text          0x00000000000290f2        0x0 /usr/lib/gcc/i686-linux-gnu/5/../../../i386-linux-gnu/crtn.o
 *(.gnu.warning)

.fini           0x00000000000290f4       0x14
 *(SORT(.fini))
 .fini          0x00000000000290f4        0xf /usr/lib/gcc/i686-linux-gnu/5/../../../i386-linux-gnu/crti.o
                0x00000000000290f4                _fini
 .fini          0x0000000000029103        0x5 /usr/lib/gcc/i686-linux-gnu/5/../../../i386-linux-gnu/crtn.o
                [!provide]                        PROVIDE (__etext, .)
                [!provide]                        PROVIDE (_etext, .)
                [!provide]                        PROVIDE (etext, .)

.rodata         0x0000000000029120      0x9eb
 *(.rodata .rodata.* .gnu.linkonce.r.*)
 .rodata        0x0000000000029120       0x77 presence_sensor.o
                0x0000000000029134                autostart_processes
 *fill*         0x0000000000029197        0x1 
 .rodata        0x0000000000029198        0x8 build/cooja/mtype414.a(beep.o)
                0x0000000000029198                beep_interface
 .rodata        0x00000000000291a0        0xe build/cooja/mtype414.a(leds-arch.o)
                0x00000000000291a0                leds_interface
                0x00000000000291a8                leds_arch_leds
 *fill*         0x00000000000291ae        0x2 
 .rodata        0x00000000000291b0        0x8 build/cooja/mtype414.a(moteid.o)
                0x00000000000291b0                moteid_interface
 .rodata        0x00000000000291b8       0x1c build/cooja/mtype414.a(pir-sensor.o)
                0x00000000000291b8                pir_interface
                0x00000000000291c4                pir_sensor
 .rodata        0x00000000000291d4        0xe build/cooja/mtype414.a(rs232.o)
                0x00000000000291d4                rs232_interface
 *fill*         0x00000000000291e2        0x2 
 .rodata        0x00000000000291e4       0x24 build/cooja/mtype414.a(vib-sensor.o)
                0x00000000000291e4                vib_interface
                0x00000000000291f8                vib_sensor
 .rodata        0x0000000000029208        0x8 build/cooja/mtype414.a(clock.o)
                0x0000000000029208                clock_interface
 .rodata        0x0000000000029210        0x8 build/cooja/mtype414.a(cooja-log.o)
                0x0000000000029210                simlog_interface
 .rodata        0x0000000000029218       0x2f build/cooja/mtype414.a(cfs-cooja.o)
                0x0000000000029218                cfs_interface
 *fill*         0x0000000000029247       0x19 
 .rodata        0x0000000000029260       0xb8 build/cooja/mtype414.a(cooja-radio.o)
                0x0000000000029260                radio_interface
                0x00000000000292e0                cooja_radio_driver
 .rodata        0x0000000000029318        0x8 build/cooja/mtype414.a(eeprom.o)
                0x0000000000029318                eeprom_interface
 .rodata        0x0000000000029320        0x8 build/cooja/mtype414.a(sensors.o)
 .rodata        0x0000000000029328       0x2c build/cooja/mtype414.a(buttons.o)
                0x0000000000029328                button_interface
                0x000000000002933c                button_hal_button_count
                0x0000000000029344                button_sensor
 .rodata        0x0000000000029354        0x7 build/cooja/mtype414.a(res_presence_de)
 .rodata        0x000000000002935b       0x41 build/cooja/mtype414.a(coap-engine.o)
 .rodata        0x000000000002939c       0x19 build/cooja/mtype414.a(coap-res-well-k)
 .rodata        0x00000000000293b5       0x11 build/cooja/mtype414.a(coap-observe.o)
 .rodata        0x00000000000293c6       0x35 build/cooja/mtype414.a(coap-uip.o)
 *fill*         0x00000000000293fb        0x1 
 .rodata        0x00000000000293fc      0x1ac build/cooja/mtype414.a(coap.o)
 .rodata        0x00000000000295a8       0xf8 build/cooja/mtype414.a(contiki-main.o)
 .rodata        0x00000000000296a0        0xf build/cooja/mtype414.a(ctimer.o)
 *fill*         0x00000000000296af        0x1 
 .rodata        0x00000000000296b0       0xc4 build/cooja/mtype414.a(log.o)
 .rodata        0x0000000000029774        0xc build/cooja/mtype414.a(etimer.o)
 .rodata        0x0000000000029780       0x13 build/cooja/mtype414.a(button-hal.o)
 .rodata        0x0000000000029793        0xe build/cooja/mtype414.a(serial-line.o)
 *fill*         0x00000000000297a1        0x3 
 .rodata        0x00000000000297a4        0x8 build/cooja/mtype414.a(linkaddr.o)
                0x00000000000297a4                linkaddr_null
 .rodata        0x00000000000297ac       0x24 build/cooja/mtype414.a(csma.o)
                0x00000000000297b4                csma_driver
 .rodata        0x00000000000297d0       0x24 build/cooja/mtype414.a(csma-output.o)
 .rodata        0x00000000000297f4       0x4d build/cooja/mtype414.a(uip-ds6-route.o)
 .rodata        0x0000000000029841        0xd build/cooja/mtype414.a(tcpip.o)
 *fill*         0x000000000002984e        0x2 
 .rodata        0x0000000000029850       0x30 build/cooja/mtype414.a(sicslowpan.o)
                0x0000000000029850                unc_llconf
                0x0000000000029854                unc_ctxconf
                0x0000000000029858                unc_mxconf
                0x000000000002985c                llprefix
                0x0000000000029870                sicslowpan_driver
 .rodata        0x0000000000029880       0x2d build/cooja/mtype414.a(uiplib.o)
 *fill*         0x00000000000298ad       0x13 
 .rodata        0x00000000000298c0       0x74 build/cooja/mtype414.a(rpl.o)
                0x00000000000298e0                rpl_lite_driver
 .rodata        0x0000000000029934       0x20 build/cooja/mtype414.a(coap-timer-defa)
                0x0000000000029948                coap_timer_default_driver
 .rodata        0x0000000000029954       0x25 build/cooja/mtype414.a(assert.o)
 *fill*         0x0000000000029979        0x3 
 .rodata        0x000000000002997c        0xc build/cooja/mtype414.a(framer-802154.o)
                0x000000000002997c                framer_802154
 .rodata        0x0000000000029988       0x44 build/cooja/mtype414.a(uip-sr.o)
 .rodata        0x00000000000299cc       0x58 build/cooja/mtype414.a(rpl-neighbor.o)
 .rodata        0x0000000000029a24       0xdb build/cooja/mtype414.a(rpl-dag.o)
 .rodata        0x0000000000029aff        0xc build/cooja/mtype414.a(rpl-timers.o)

.rodata1
 *(.rodata1)

.eh_frame_hdr   0x0000000000029b0c     0x19bc
 *(.eh_frame_hdr)
 .eh_frame_hdr  0x0000000000029b0c     0x19bc presence_sensor.o
                0x0000000000029b0c                __GNU_EH_FRAME_HDR
 *(.eh_frame_entry .eh_frame_entry.*)

.eh_frame       0x000000000002b4c8     0x6864
 *(.eh_frame)
 .eh_frame      0x000000000002b4c8       0x3c /usr/lib/gcc/i686-linux-gnu/5/../../../i386-linux-gnu/crti.o
                                         0x40 (size before relaxing)
 .eh_frame      0x000000000002b504       0x20 presence_sensor.o
                                         0x38 (size before relaxing)
 .eh_frame      0x000000000002b524      0x178 build/cooja/mtype414.o
                                        0x190 (size before relaxing)
 .eh_frame      0x000000000002b69c       0x40 build/cooja/mtype414.a(simEnvChange.o)
                                         0x58 (size before relaxing)
 .eh_frame      0x000000000002b6dc       0x60 build/cooja/mtype414.a(cooja_mt.o)
                                         0x78 (size before relaxing)
 .eh_frame      0x000000000002b73c       0x80 build/cooja/mtype414.a(cooja_mtarch.o)
                                         0x98 (size before relaxing)
 .eh_frame      0x000000000002b7bc       0xc8 build/cooja/mtype414.a(rtimer-arch.o)
                                         0xe0 (size before relaxing)
 .eh_frame      0x000000000002b884      0x160 build/cooja/mtype414.a(beep.o)
                                        0x178 (size before relaxing)
 .eh_frame      0x000000000002b9e4       0x80 build/cooja/mtype414.a(leds-arch.o)
                                         0x98 (size before relaxing)
 .eh_frame      0x000000000002ba64       0x40 build/cooja/mtype414.a(moteid.o)
                                         0x58 (size before relaxing)
 .eh_frame      0x000000000002baa4       0xa0 build/cooja/mtype414.a(pir-sensor.o)
                                         0xb8 (size before relaxing)
 .eh_frame      0x000000000002bb44      0x100 build/cooja/mtype414.a(rs232.o)
                                        0x118 (size before relaxing)
 .eh_frame      0x000000000002bc44       0xa0 build/cooja/mtype414.a(vib-sensor.o)
                                         0xb8 (size before relaxing)
 .eh_frame      0x000000000002bce4       0xc0 build/cooja/mtype414.a(clock.o)
                                         0xd8 (size before relaxing)
 .eh_frame      0x000000000002bda4      0x120 build/cooja/mtype414.a(cooja-log.o)
                                        0x138 (size before relaxing)
 .eh_frame      0x000000000002bec4      0x160 build/cooja/mtype414.a(cfs-cooja.o)
                                        0x178 (size before relaxing)
 .eh_frame      0x000000000002c024      0x340 build/cooja/mtype414.a(cooja-radio.o)
                                        0x358 (size before relaxing)
 .eh_frame      0x000000000002c364       0xa0 build/cooja/mtype414.a(eeprom.o)
                                         0xb8 (size before relaxing)
 .eh_frame      0x000000000002c404       0x40 build/cooja/mtype414.a(random.o)
                                         0x58 (size before relaxing)
 .eh_frame      0x000000000002c444       0xc0 build/cooja/mtype414.a(sensors.o)
                                         0xd8 (size before relaxing)
 .eh_frame      0x000000000002c504      0x120 build/cooja/mtype414.a(leds.o)
                                        0x138 (size before relaxing)
 .eh_frame      0x000000000002c624      0x220 build/cooja/mtype414.a(gpio-hal-arch.o)
                                        0x238 (size before relaxing)
 .eh_frame      0x000000000002c844       0xa0 build/cooja/mtype414.a(buttons.o)
                                         0xb8 (size before relaxing)
 .eh_frame      0x000000000002c8e4       0x40 build/cooja/mtype414.a(res_presence_de)
                                         0x58 (size before relaxing)
 .eh_frame      0x000000000002c924      0x220 build/cooja/mtype414.a(coap-engine.o)
                                        0x238 (size before relaxing)
 .eh_frame      0x000000000002cb44       0x24 build/cooja/mtype414.a(coap-res-well-k)
                                         0x3c (size before relaxing)
 .eh_frame      0x000000000002cb68      0x188 build/cooja/mtype414.a(coap-observe.o)
                                        0x1a0 (size before relaxing)
 .eh_frame      0x000000000002ccf0      0x250 build/cooja/mtype414.a(coap-uip.o)
                                        0x268 (size before relaxing)
 .eh_frame      0x000000000002cf40      0x114 build/cooja/mtype414.a(coap-timer.o)
                                        0x12c (size before relaxing)
 .eh_frame      0x000000000002d054      0x100 build/cooja/mtype414.a(coap-transactio)
                                        0x118 (size before relaxing)
 .eh_frame      0x000000000002d154      0x6ec build/cooja/mtype414.a(coap.o)
                                        0x704 (size before relaxing)
 .eh_frame      0x000000000002d840       0x30 build/cooja/mtype414.a(contiki-main.o)
                                         0x48 (size before relaxing)
 .eh_frame      0x000000000002d870       0x40 build/cooja/mtype414.a(autostart.o)
                                         0x58 (size before relaxing)
 .eh_frame      0x000000000002d8b0      0x100 build/cooja/mtype414.a(ctimer.o)
                                        0x118 (size before relaxing)
 .eh_frame      0x000000000002d9b0      0x100 build/cooja/mtype414.a(log.o)
                                        0x118 (size before relaxing)
 .eh_frame      0x000000000002dab0       0x60 build/cooja/mtype414.a(energest.o)
                                         0x78 (size before relaxing)
 .eh_frame      0x000000000002db10      0x1e0 build/cooja/mtype414.a(etimer.o)
                                        0x1f8 (size before relaxing)
 .eh_frame      0x000000000002dcf0       0x20 build/cooja/mtype414.a(node-id.o)
                                         0x38 (size before relaxing)
 .eh_frame      0x000000000002dd10       0x60 build/cooja/mtype414.a(rtimer.o)
                                         0x78 (size before relaxing)
 .eh_frame      0x000000000002dd70      0x1c4 build/cooja/mtype414.a(process.o)
                                        0x1dc (size before relaxing)
 .eh_frame      0x000000000002df34       0xa4 build/cooja/mtype414.a(timer.o)
                                         0xbc (size before relaxing)
 .eh_frame      0x000000000002dfd8      0x1a0 build/cooja/mtype414.a(list.o)
                                        0x1b8 (size before relaxing)
 .eh_frame      0x000000000002e178       0xa0 build/cooja/mtype414.a(memb.o)
                                         0xb8 (size before relaxing)
 .eh_frame      0x000000000002e218      0x144 build/cooja/mtype414.a(button-hal.o)
                                        0x15c (size before relaxing)
 .eh_frame      0x000000000002e35c       0x60 build/cooja/mtype414.a(serial-line.o)
                                         0x78 (size before relaxing)
 .eh_frame      0x000000000002e3bc       0xe0 build/cooja/mtype414.a(gpio-hal.o)
                                         0xf8 (size before relaxing)
 .eh_frame      0x000000000002e49c      0x1a0 build/cooja/mtype414.a(queuebuf.o)
                                        0x1b8 (size before relaxing)
 .eh_frame      0x000000000002e63c      0x28c build/cooja/mtype414.a(packetbuf.o)
                                        0x2a4 (size before relaxing)
 .eh_frame      0x000000000002e8c8       0x80 build/cooja/mtype414.a(netstack.o)
                                         0x98 (size before relaxing)
 .eh_frame      0x000000000002e948       0x60 build/cooja/mtype414.a(linkaddr.o)
                                         0x78 (size before relaxing)
 .eh_frame      0x000000000002e9a8       0xe0 build/cooja/mtype414.a(csma.o)
                                         0xf8 (size before relaxing)
 .eh_frame      0x000000000002ea88      0x1d0 build/cooja/mtype414.a(csma-output.o)
                                        0x1e8 (size before relaxing)
 .eh_frame      0x000000000002ec58      0x328 build/cooja/mtype414.a(uip-ds6.o)
                                        0x340 (size before relaxing)
 .eh_frame      0x000000000002ef80       0x40 build/cooja/mtype414.a(uip-udp-packet.)
                                         0x58 (size before relaxing)
 .eh_frame      0x000000000002efc0      0x220 build/cooja/mtype414.a(uip-ds6-route.o)
                                        0x238 (size before relaxing)
 .eh_frame      0x000000000002f1e0      0x244 build/cooja/mtype414.a(tcpip.o)
                                        0x25c (size before relaxing)
 .eh_frame      0x000000000002f424      0x1e8 build/cooja/mtype414.a(uip6.o)
                                        0x200 (size before relaxing)
 .eh_frame      0x000000000002f60c      0x1c0 build/cooja/mtype414.a(uip-ds6-nbr.o)
                                        0x1d8 (size before relaxing)
 .eh_frame      0x000000000002f7cc       0x84 build/cooja/mtype414.a(uip-nd6.o)
                                         0x9c (size before relaxing)
 .eh_frame      0x000000000002f850      0x2f8 build/cooja/mtype414.a(sicslowpan.o)
                                        0x310 (size before relaxing)
 .eh_frame      0x000000000002fb48       0x88 build/cooja/mtype414.a(uiplib.o)
                                         0xa0 (size before relaxing)
 .eh_frame      0x000000000002fbd0      0x1e0 build/cooja/mtype414.a(rpl.o)
                                        0x1f8 (size before relaxing)
 .eh_frame      0x000000000002fdb0      0x1c4 build/cooja/mtype414.a(rpl-icmp6.o)
                                        0x1dc (size before relaxing)
 .eh_frame      0x000000000002ff74       0xa0 build/cooja/mtype414.a(rpl-dag-root.o)
                                         0xb8 (size before relaxing)
 .eh_frame      0x0000000000030014       0xa0 build/cooja/mtype414.a(watchdog.o)
                                         0xb8 (size before relaxing)
 .eh_frame      0x00000000000300b4       0x80 build/cooja/mtype414.a(int-master.o)
                                         0x98 (size before relaxing)
 .eh_frame      0x0000000000030134       0xa4 build/cooja/mtype414.a(coap-timer-defa)
                                         0xbc (size before relaxing)
 .eh_frame      0x00000000000301d8       0xc4 build/cooja/mtype414.a(stimer.o)
                                         0xdc (size before relaxing)
 .eh_frame      0x000000000003029c       0xa0 build/cooja/mtype414.a(ringbuf.o)
                                         0xb8 (size before relaxing)
 .eh_frame      0x000000000003033c       0x20 build/cooja/mtype414.a(assert.o)
                                         0x38 (size before relaxing)
 .eh_frame      0x000000000003035c      0x2ac build/cooja/mtype414.a(nbr-table.o)
                                        0x2c4 (size before relaxing)
 .eh_frame      0x0000000000030608      0x120 build/cooja/mtype414.a(link-stats.o)
                                        0x138 (size before relaxing)
 .eh_frame      0x0000000000030728       0x48 build/cooja/mtype414.a(mac-sequence.o)
                                         0x60 (size before relaxing)
 .eh_frame      0x0000000000030770       0x20 build/cooja/mtype414.a(mac.o)
                                         0x38 (size before relaxing)
 .eh_frame      0x0000000000030790       0xa4 build/cooja/mtype414.a(framer-802154.o)
                                         0xbc (size before relaxing)
 .eh_frame      0x0000000000030834      0x1a4 build/cooja/mtype414.a(frame802154.o)
                                        0x1bc (size before relaxing)
 .eh_frame      0x00000000000309d8       0x40 build/cooja/mtype414.a(csma-security.o)
                                         0x58 (size before relaxing)
 .eh_frame      0x0000000000030a18      0x200 build/cooja/mtype414.a(uipbuf.o)
                                        0x218 (size before relaxing)
 .eh_frame      0x0000000000030c18      0x150 build/cooja/mtype414.a(uip-icmp6.o)
                                        0x168 (size before relaxing)
 .eh_frame      0x0000000000030d68      0x184 build/cooja/mtype414.a(uip-sr.o)
                                        0x19c (size before relaxing)
 .eh_frame      0x0000000000030eec       0xe0 build/cooja/mtype414.a(uip-packetqueue)
                                         0xf8 (size before relaxing)
 .eh_frame      0x0000000000030fcc       0x80 build/cooja/mtype414.a(rpl-nbr-policy.)
                                         0x98 (size before relaxing)
 .eh_frame      0x000000000003104c      0x2d4 build/cooja/mtype414.a(rpl-neighbor.o)
                                        0x2ec (size before relaxing)
 .eh_frame      0x0000000000031320      0x370 build/cooja/mtype414.a(rpl-dag.o)
                                        0x388 (size before relaxing)
 .eh_frame      0x0000000000031690      0x3a8 build/cooja/mtype414.a(rpl-timers.o)
                                        0x3c0 (size before relaxing)
 .eh_frame      0x0000000000031a38      0x124 build/cooja/mtype414.a(rpl-ext-header.)
                                        0x13c (size before relaxing)
 .eh_frame      0x0000000000031b5c      0x148 build/cooja/mtype414.a(rpl-mrhof.o)
                                        0x160 (size before relaxing)
 .eh_frame      0x0000000000031ca4       0x84 /usr/lib/gcc/i686-linux-gnu/5/libgcc.a(_udivdi3.o)
                                         0x9c (size before relaxing)
 .eh_frame      0x0000000000031d28        0x4 /usr/lib/gcc/i686-linux-gnu/5/crtendS.o
 *(.eh_frame.*)

.gcc_except_table
 *(.gcc_except_table .gcc_except_table.*)

.gnu_extab
 *(.gnu_extab*)

.exception_ranges
 *(.exception_ranges .exception_ranges*)
                0x0000000000032f10                . = DATA_SEGMENT_ALIGN (0x1000, 0x1000)

.eh_frame
 *(.eh_frame)
 *(.eh_frame.*)

.gnu_extab
 *(.gnu_extab)

.gcc_except_table
 *(.gcc_except_table .gcc_except_table.*)

.exception_ranges
 *(.exception_ranges .exception_ranges*)

.tdata
 *(.tdata .tdata.* .gnu.linkonce.td.*)

.tbss
 *(.tbss .tbss.* .gnu.linkonce.tb.*)
 *(.tcommon)

.preinit_array
 *(.preinit_array)

.init_array     0x0000000000032f10        0x4
 *(SORT(.init_array.*) SORT(.ctors.*))
 *(.init_array EXCLUDE_FILE(*crtend?.o *crtend.o *crtbegin?.o *crtbegin.o) .ctors)
 .init_array    0x0000000000032f10        0x4 /usr/lib/gcc/i686-linux-gnu/5/crtbeginS.o

.fini_array     0x0000000000032f14        0x4
 *(SORT(.fini_array.*) SORT(.dtors.*))
 *(.fini_array EXCLUDE_FILE(*crtend?.o *crtend.o *crtbegin?.o *crtbegin.o) .dtors)
 .fini_array    0x0000000000032f14        0x4 /usr/lib/gcc/i686-linux-gnu/5/crtbeginS.o

.ctors
 *crtbegin.o(.ctors)
 *crtbegin?.o(.ctors)
 *(EXCLUDE_FILE(*crtend?.o *crtend.o) .ctors)
 *(SORT(.ctors.*))
 *(.ctors)

.dtors
 *crtbegin.o(.dtors)
 *crtbegin?.o(.dtors)
 *(EXCLUDE_FILE(*crtend?.o *crtend.o) .dtors)
 *(SORT(.dtors.*))
 *(.dtors)

.jcr            0x0000000000032f18        0x4
 *(.jcr)
 .jcr           0x0000000000032f18        0x0 /usr/lib/gcc/i686-linux-gnu/5/crtbeginS.o
 .jcr           0x0000000000032f18        0x4 /usr/lib/gcc/i686-linux-gnu/5/crtendS.o

.data.rel.ro
 *(.data.rel.ro.local* .gnu.linkonce.d.rel.ro.local.*)
 *(.data.rel.ro .data.rel.ro.* .gnu.linkonce.d.rel.ro.*)

.dynamic        0x0000000000032f1c       0xd0
 *(.dynamic)
 .dynamic       0x0000000000032f1c       0xd0 /usr/lib/gcc/i686-linux-gnu/5/../../../i386-linux-gnu/crti.o
                0x0000000000032f1c                _DYNAMIC

.got            0x0000000000032fec       0x14
 *(.got)
 .got           0x0000000000032fec       0x14 /usr/lib/gcc/i686-linux-gnu/5/../../../i386-linux-gnu/crti.o
 *(.igot)
                0x0000000000033ff4                . = DATA_SEGMENT_RELRO_END (., (SIZEOF (.got.plt) >= 0xc)?0xc:0x0)

.got.plt        0x0000000000033000        0xc
 *(.got.plt)
 .got.plt       0x0000000000033000        0xc /usr/lib/gcc/i686-linux-gnu/5/../../../i386-linux-gnu/crti.o
                0x0000000000033000                _GLOBAL_OFFSET_TABLE_
 *(.igot.plt)

.data           0x0000000000033020      0x444
 *(.data .data.* .gnu.linkonce.d.*)
 .data          0x0000000000033020        0x0 /usr/lib/gcc/i686-linux-gnu/5/../../../i386-linux-gnu/crti.o
 .data          0x0000000000033020        0x0 /usr/lib/gcc/i686-linux-gnu/5/crtbeginS.o
 .data.rel.local
                0x0000000000033020        0x4 /usr/lib/gcc/i686-linux-gnu/5/crtbeginS.o
                0x0000000000033020                __dso_handle
 .data          0x0000000000033024       0x10 presence_sensor.o
                0x0000000000033024                presence_sensor
 *fill*         0x0000000000033034        0xc 
 .data          0x0000000000033040       0x44 build/cooja/mtype414.o
                0x0000000000033040                simInterfaces
                0x0000000000033074                sensors
 .data          0x0000000000033084        0x0 build/cooja/mtype414.a(simEnvChange.o)
 .data          0x0000000000033084        0x0 build/cooja/mtype414.a(cooja_mt.o)
 .data          0x0000000000033084        0x0 build/cooja/mtype414.a(cooja_mtarch.o)
 .data          0x0000000000033084        0x0 build/cooja/mtype414.a(rtimer-arch.o)
 .data          0x0000000000033084        0x0 build/cooja/mtype414.a(beep.o)
 .data          0x0000000000033084        0x0 build/cooja/mtype414.a(leds-arch.o)
 .data          0x0000000000033084        0x0 build/cooja/mtype414.a(moteid.o)
 .data          0x0000000000033084        0x0 build/cooja/mtype414.a(pir-sensor.o)
 .data          0x0000000000033084        0x0 build/cooja/mtype414.a(rs232.o)
 .data          0x0000000000033084        0x0 build/cooja/mtype414.a(vib-sensor.o)
 .data          0x0000000000033084        0x0 build/cooja/mtype414.a(clock.o)
 .data          0x0000000000033084        0x0 build/cooja/mtype414.a(cooja-log.o)
 .data          0x0000000000033084        0x0 build/cooja/mtype414.a(cfs-cooja.o)
 .data          0x0000000000033084       0x2c build/cooja/mtype414.a(cooja-radio.o)
                0x0000000000033084                simRadioHWOn
                0x0000000000033088                simSignalStrength
                0x000000000003308c                simLastSignalStrength
                0x0000000000033090                simPower
                0x0000000000033094                simRadioChannel
                0x0000000000033098                simLQI
                0x00000000000330a0                cooja_radio_process
 .data          0x00000000000330b0        0x0 build/cooja/mtype414.a(eeprom.o)
 .data          0x00000000000330b0        0x0 build/cooja/mtype414.a(random.o)
 .data          0x00000000000330b0       0x10 build/cooja/mtype414.a(sensors.o)
                0x00000000000330b0                sensors_process
 .data          0x00000000000330c0        0x0 build/cooja/mtype414.a(leds.o)
 .data          0x00000000000330c0        0x0 build/cooja/mtype414.a(gpio-hal-arch.o)
 .data          0x00000000000330c0       0x78 build/cooja/mtype414.a(buttons.o)
                0x00000000000330c0                simButtonIsActive
                0x0000000000033130                button_hal_buttons
 *fill*         0x0000000000033138        0x8 
 .data          0x0000000000033140       0x2a build/cooja/mtype414.a(res_presence_de)
                0x0000000000033140                res_presence_detected
 *fill*         0x000000000003316a        0x2 
 .data          0x000000000003316c        0x8 build/cooja/mtype414.a(coap-engine.o)
 *fill*         0x0000000000033174        0xc 
 .data          0x0000000000033180       0x24 build/cooja/mtype414.a(coap-res-well-k)
                0x0000000000033180                res_well_known_core
 .data          0x00000000000331a4       0x10 build/cooja/mtype414.a(coap-observe.o)
 .data          0x00000000000331b4       0x10 build/cooja/mtype414.a(coap-uip.o)
                0x00000000000331b4                coap_engine
 .data          0x00000000000331c4        0x4 build/cooja/mtype414.a(coap-timer.o)
 .data          0x00000000000331c8       0x10 build/cooja/mtype414.a(coap-transactio)
 .data          0x00000000000331d8        0x4 build/cooja/mtype414.a(coap.o)
                0x00000000000331d8                coap_error_message
 .data          0x00000000000331dc        0x0 build/cooja/mtype414.a(contiki-main.o)
 .data          0x00000000000331dc        0x0 build/cooja/mtype414.a(autostart.o)
 .data          0x00000000000331dc       0x14 build/cooja/mtype414.a(ctimer.o)
                0x00000000000331e0                ctimer_process
 *fill*         0x00000000000331f0       0x10 
 .data          0x0000000000033200       0xbc build/cooja/mtype414.a(log.o)
                0x0000000000033200                curr_log_level_main
                0x0000000000033220                all_modules
 .data          0x00000000000332bc        0x0 build/cooja/mtype414.a(energest.o)
 .data          0x00000000000332bc       0x10 build/cooja/mtype414.a(etimer.o)
                0x00000000000332bc                etimer_process
 .data          0x00000000000332cc        0x0 build/cooja/mtype414.a(node-id.o)
 .data          0x00000000000332cc        0x0 build/cooja/mtype414.a(rtimer.o)
 .data          0x00000000000332cc        0x0 build/cooja/mtype414.a(process.o)
 .data          0x00000000000332cc        0x0 build/cooja/mtype414.a(timer.o)
 .data          0x00000000000332cc        0x0 build/cooja/mtype414.a(list.o)
 .data          0x00000000000332cc        0x0 build/cooja/mtype414.a(memb.o)
 .data          0x00000000000332cc       0x10 build/cooja/mtype414.a(button-hal.o)
                0x00000000000332cc                button_hal_process
 .data          0x00000000000332dc       0x10 build/cooja/mtype414.a(serial-line.o)
                0x00000000000332dc                serial_line_process
 .data          0x00000000000332ec        0x4 build/cooja/mtype414.a(gpio-hal.o)
 .data          0x00000000000332f0       0x18 build/cooja/mtype414.a(queuebuf.o)
 .data          0x0000000000033308        0x4 build/cooja/mtype414.a(packetbuf.o)
 .data          0x000000000003330c        0x4 build/cooja/mtype414.a(netstack.o)
 .data          0x0000000000033310        0x0 build/cooja/mtype414.a(linkaddr.o)
 .data          0x0000000000033310        0x0 build/cooja/mtype414.a(csma.o)
 .data          0x0000000000033310       0x28 build/cooja/mtype414.a(csma-output.o)
 .data          0x0000000000033338        0x0 build/cooja/mtype414.a(uip-ds6.o)
 .data          0x0000000000033338        0x0 build/cooja/mtype414.a(uip-udp-packet.)
 .data          0x0000000000033338       0x10 build/cooja/mtype414.a(uip-ds6-route.o)
 .data          0x0000000000033348       0x10 build/cooja/mtype414.a(tcpip.o)
                0x0000000000033348                tcpip_process
 .data          0x0000000000033358        0x0 build/cooja/mtype414.a(uip6.o)
 .data          0x0000000000033358       0x14 build/cooja/mtype414.a(uip-ds6-nbr.o)
 .data          0x000000000003336c        0xc build/cooja/mtype414.a(uip-nd6.o)
 .data          0x0000000000033378        0x0 build/cooja/mtype414.a(sicslowpan.o)
 .data          0x0000000000033378        0x0 build/cooja/mtype414.a(uiplib.o)
 .data          0x0000000000033378        0x0 build/cooja/mtype414.a(rpl.o)
 .data          0x0000000000033378       0x30 build/cooja/mtype414.a(rpl-icmp6.o)
 .data          0x00000000000333a8        0x0 build/cooja/mtype414.a(rpl-dag-root.o)
 .data          0x00000000000333a8        0x0 build/cooja/mtype414.a(watchdog.o)
 .data          0x00000000000333a8        0x0 build/cooja/mtype414.a(int-master.o)
 .data          0x00000000000333a8       0x10 build/cooja/mtype414.a(coap-timer-defa)
                0x00000000000333a8                coap_timer_process
 .data          0x00000000000333b8        0x0 build/cooja/mtype414.a(stimer.o)
 .data          0x00000000000333b8        0x0 build/cooja/mtype414.a(ringbuf.o)
 .data          0x00000000000333b8        0x0 build/cooja/mtype414.a(assert.o)
 .data          0x00000000000333b8       0x10 build/cooja/mtype414.a(nbr-table.o)
 .data          0x00000000000333c8       0x14 build/cooja/mtype414.a(link-stats.o)
 .data          0x00000000000333dc        0x0 build/cooja/mtype414.a(mac-sequence.o)
 .data          0x00000000000333dc        0x0 build/cooja/mtype414.a(mac.o)
 .data          0x00000000000333dc        0x0 build/cooja/mtype414.a(framer-802154.o)
 .data          0x00000000000333dc        0x2 build/cooja/mtype414.a(frame802154.o)
 .data          0x00000000000333de        0x0 build/cooja/mtype414.a(csma-security.o)
 .data          0x00000000000333de        0x0 build/cooja/mtype414.a(uipbuf.o)
 *fill*         0x00000000000333de        0x2 
 .data          0x00000000000333e0       0x20 build/cooja/mtype414.a(uip-icmp6.o)
 .data          0x0000000000033400       0x10 build/cooja/mtype414.a(uip-sr.o)
 .data          0x0000000000033410        0xc build/cooja/mtype414.a(uip-packetqueue)
 .data          0x000000000003341c        0x0 build/cooja/mtype414.a(rpl-nbr-policy.)
 .data          0x000000000003341c       0x14 build/cooja/mtype414.a(rpl-neighbor.o)
                0x000000000003342c                rpl_neighbors
 .data          0x0000000000033430        0x0 build/cooja/mtype414.a(rpl-dag.o)
 .data          0x0000000000033430        0x0 build/cooja/mtype414.a(rpl-timers.o)
 .data          0x0000000000033430        0x0 build/cooja/mtype414.a(rpl-ext-header.)
 *fill*         0x0000000000033430       0x10 
 .data          0x0000000000033440       0x24 build/cooja/mtype414.a(rpl-mrhof.o)
                0x0000000000033440                rpl_mrhof
 .data          0x0000000000033464        0x0 /usr/lib/gcc/i686-linux-gnu/5/libgcc.a(_udivdi3.o)
 .data          0x0000000000033464        0x0 /usr/lib/gcc/i686-linux-gnu/5/crtendS.o
 .data          0x0000000000033464        0x0 /usr/lib/gcc/i686-linux-gnu/5/../../../i386-linux-gnu/crtn.o

.tm_clone_table
                0x0000000000033464        0x0
 .tm_clone_table
                0x0000000000033464        0x0 /usr/lib/gcc/i686-linux-gnu/5/crtbeginS.o
 .tm_clone_table
                0x0000000000033464        0x0 /usr/lib/gcc/i686-linux-gnu/5/crtendS.o

.data1
 *(.data1)
                0x0000000000033464                _edata = .
                [!provide]                        PROVIDE (edata, .)
                0x0000000000033464                . = .
                0x0000000000033464                __bss_start = .

.bss            0x0000000000033480    0x13e24
 *(.dynbss)
 .dynbss        0x0000000000033480        0x0 /usr/lib/gcc/i686-linux-gnu/5/../../../i386-linux-gnu/crti.o
 *(.bss .bss.* .gnu.linkonce.b.*)
 .bss           0x0000000000033480        0x0 /usr/lib/gcc/i686-linux-gnu/5/../../../i386-linux-gnu/crti.o
 .bss           0x0000000000033480        0x1 /usr/lib/gcc/i686-linux-gnu/5/crtbeginS.o
 *fill*         0x0000000000033481        0x3 
 .bss           0x0000000000033484       0x10 presence_sensor.o
 *fill*         0x0000000000033494        0xc 
 .bss           0x00000000000334a0     0x2030 build/cooja/mtype414.o
 .bss           0x00000000000354d0        0x1 build/cooja/mtype414.a(simEnvChange.o)
                0x00000000000354d0                simDontFallAsleep
 *fill*         0x00000000000354d1        0x3 
 .bss           0x00000000000354d4        0x4 build/cooja/mtype414.a(cooja_mt.o)
 .bss           0x00000000000354d8        0x4 build/cooja/mtype414.a(cooja_mtarch.o)
 .bss           0x00000000000354dc        0x0 build/cooja/mtype414.a(rtimer-arch.o)
 .bss           0x00000000000354dc        0x0 build/cooja/mtype414.a(beep.o)
 .bss           0x00000000000354dc        0x1 build/cooja/mtype414.a(leds-arch.o)
                0x00000000000354dc                simLedsValue
 .bss           0x00000000000354dd        0x0 build/cooja/mtype414.a(moteid.o)
 .bss           0x00000000000354dd        0x1 build/cooja/mtype414.a(pir-sensor.o)
                0x00000000000354dd                simPirValue
 *fill*         0x00000000000354de        0x2 
 .bss           0x00000000000354e0        0x4 build/cooja/mtype414.a(rs232.o)
 .bss           0x00000000000354e4        0x1 build/cooja/mtype414.a(vib-sensor.o)
                0x00000000000354e4                simVibValue
 .bss           0x00000000000354e5        0x0 build/cooja/mtype414.a(clock.o)
 *fill*         0x00000000000354e5       0x1b 
 .bss           0x0000000000035500     0x2020 build/cooja/mtype414.a(cooja-log.o)
 .bss           0x0000000000037520      0xfc0 build/cooja/mtype414.a(cfs-cooja.o)
                0x0000000000037520                simCFSData
                0x00000000000384c0                simCFSSize
                0x00000000000384c4                simCFSChanged
                0x00000000000384c8                simCFSRead
                0x00000000000384cc                simCFSWritten
 .bss           0x00000000000384e0       0x24 build/cooja/mtype414.a(cooja-radio.o)
                0x00000000000384e0                simReceiving
                0x00000000000384e4                simInSize
                0x00000000000384e8                simLastPacketTimestamp
                0x00000000000384f0                simOutSize
 .bss           0x0000000000038504        0xc build/cooja/mtype414.a(eeprom.o)
                0x0000000000038504                simEEPROMChanged
                0x0000000000038508                simEEPROMRead
                0x000000000003850c                simEEPROMWritten
 .bss           0x0000000000038510        0x0 build/cooja/mtype414.a(random.o)
 .bss           0x0000000000038510        0xc build/cooja/mtype414.a(sensors.o)
 .bss           0x000000000003851c        0x0 build/cooja/mtype414.a(leds.o)
 .bss           0x000000000003851c       0x24 build/cooja/mtype414.a(gpio-hal-arch.o)
 .bss           0x0000000000038540        0x0 build/cooja/mtype414.a(buttons.o)
 .bss           0x0000000000038540        0x0 build/cooja/mtype414.a(res_presence_de)
 .bss           0x0000000000038540      0x190 build/cooja/mtype414.a(coap-engine.o)
 .bss           0x00000000000386d0        0x0 build/cooja/mtype414.a(coap-res-well-k)
 *fill*         0x00000000000386d0       0x10 
 .bss           0x00000000000386e0      0x120 build/cooja/mtype414.a(coap-observe.o)
 .bss           0x0000000000038800       0x18 build/cooja/mtype414.a(coap-uip.o)
 .bss           0x0000000000038818        0x5 build/cooja/mtype414.a(coap-timer.o)
 *fill*         0x000000000003881d        0x3 
 .bss           0x0000000000038820      0x334 build/cooja/mtype414.a(coap-transactio)
 .bss           0x0000000000038b54        0x6 build/cooja/mtype414.a(coap.o)
                0x0000000000038b54                coap_status_code
 .bss           0x0000000000038b5a        0x0 build/cooja/mtype414.a(contiki-main.o)
 .bss           0x0000000000038b5a        0x0 build/cooja/mtype414.a(autostart.o)
 *fill*         0x0000000000038b5a        0x2 
 .bss           0x0000000000038b5c        0x5 build/cooja/mtype414.a(ctimer.o)
 *fill*         0x0000000000038b61        0x3 
 .bss           0x0000000000038b64       0x2c build/cooja/mtype414.a(log.o)
                0x0000000000038b64                curr_log_level_rpl
                0x0000000000038b68                curr_log_level_tcpip
                0x0000000000038b6c                curr_log_level_ipv6
                0x0000000000038b70                curr_log_level_6lowpan
                0x0000000000038b74                curr_log_level_nullnet
                0x0000000000038b78                curr_log_level_mac
                0x0000000000038b7c                curr_log_level_framer
                0x0000000000038b80                curr_log_level_6top
                0x0000000000038b84                curr_log_level_coap
                0x0000000000038b88                curr_log_level_snmp
                0x0000000000038b8c                curr_log_level_lwm2m
 .bss           0x0000000000038b90        0x0 build/cooja/mtype414.a(energest.o)
 .bss           0x0000000000038b90        0x8 build/cooja/mtype414.a(etimer.o)
 .bss           0x0000000000038b98        0x2 build/cooja/mtype414.a(node-id.o)
                0x0000000000038b98                node_id
 *fill*         0x0000000000038b9a        0x2 
 .bss           0x0000000000038b9c        0x4 build/cooja/mtype414.a(rtimer.o)
 .bss           0x0000000000038ba0      0x1a1 build/cooja/mtype414.a(process.o)
                0x0000000000038ba0                process_list
                0x0000000000038ba4                process_current
 .bss           0x0000000000038d41        0x0 build/cooja/mtype414.a(timer.o)
 .bss           0x0000000000038d41        0x0 build/cooja/mtype414.a(list.o)
 .bss           0x0000000000038d41        0x0 build/cooja/mtype414.a(memb.o)
 *fill*         0x0000000000038d41        0x3 
 .bss           0x0000000000038d44       0x10 build/cooja/mtype414.a(button-hal.o)
 *fill*         0x0000000000038d54        0xc 
 .bss           0x0000000000038d60      0x140 build/cooja/mtype414.a(serial-line.o)
 .bss           0x0000000000038ea0        0x4 build/cooja/mtype414.a(gpio-hal.o)
 *fill*         0x0000000000038ea4       0x1c 
 .bss           0x0000000000038ec0     0x2c80 build/cooja/mtype414.a(queuebuf.o)
 .bss           0x000000000003bb40       0xa0 build/cooja/mtype414.a(packetbuf.o)
 .bss           0x000000000003bbe0        0x4 build/cooja/mtype414.a(netstack.o)
 .bss           0x000000000003bbe4        0x0 build/cooja/mtype414.a(linkaddr.o)
 .bss           0x000000000003bbe4        0x0 build/cooja/mtype414.a(csma.o)
 *fill*         0x000000000003bbe4       0x1c 
 .bss           0x000000000003bc00      0x726 build/cooja/mtype414.a(csma-output.o)
 *fill*         0x000000000003c326        0x2 
 .bss           0x000000000003c328       0x30 build/cooja/mtype414.a(uip-ds6.o)
 .bss           0x000000000003c358        0x0 build/cooja/mtype414.a(uip-udp-packet.)
 *fill*         0x000000000003c358        0x8 
 .bss           0x000000000003c360       0x60 build/cooja/mtype414.a(uip-ds6-route.o)
 .bss           0x000000000003c3c0       0x10 build/cooja/mtype414.a(tcpip.o)
 .bss           0x000000000003c3d0        0x8 build/cooja/mtype414.a(uip6.o)
                0x000000000003c3d0                uip_ext_bitmap
                0x000000000003c3d2                uip_ext_len
                0x000000000003c3d4                uip_last_proto
 *fill*         0x000000000003c3d8        0x8 
 .bss           0x000000000003c3e0     0x1c20 build/cooja/mtype414.a(uip-ds6-nbr.o)
 .bss           0x000000000003e000       0x10 build/cooja/mtype414.a(uip-nd6.o)
 *fill*         0x000000000003e010       0x10 
 .bss           0x000000000003e020      0x724 build/cooja/mtype414.a(sicslowpan.o)
 .bss           0x000000000003e744        0x0 build/cooja/mtype414.a(uiplib.o)
 .bss           0x000000000003e744        0x1 build/cooja/mtype414.a(rpl.o)
 .bss           0x000000000003e745        0x0 build/cooja/mtype414.a(rpl-icmp6.o)
 *fill*         0x000000000003e745        0x3 
 .bss           0x000000000003e748       0x11 build/cooja/mtype414.a(rpl-dag-root.o)
 .bss           0x000000000003e759        0x0 build/cooja/mtype414.a(watchdog.o)
 *fill*         0x000000000003e759        0x3 
 .bss           0x000000000003e75c        0x4 build/cooja/mtype414.a(int-master.o)
 .bss           0x000000000003e760       0x1c build/cooja/mtype414.a(coap-timer-defa)
 .bss           0x000000000003e77c        0x0 build/cooja/mtype414.a(stimer.o)
 .bss           0x000000000003e77c        0x0 build/cooja/mtype414.a(ringbuf.o)
 .bss           0x000000000003e77c        0x0 build/cooja/mtype414.a(assert.o)
 *fill*         0x000000000003e77c        0x4 
 .bss           0x000000000003e780     0x1214 build/cooja/mtype414.a(nbr-table.o)
 *fill*         0x000000000003f994        0xc 